cargo :    Compiling vision-node v1.0.3 (C:\vision-node)
At line:1 char:1
+ cargo build --release 2>&1 > build_errors.txt; Get-Content 
build_erro ...
+ ~~~~~~~~~~~~~~~~~~~~~~~~~~~~~~~~~~~~~~~~~~~~~
    + CategoryInfo          : NotSpecified: (   Compiling vi...C:\ 
   vision-node):String) [], RemoteException
    + FullyQualifiedErrorId : NativeCommandError
 
warning: unused import: `SigningKey`
  --> src\main.rs:57:40
   |
57 | use ed25519_dalek::{Signature, Signer, SigningKey, Verifier, 
VerifyingKey};
   |                                        ^^^^^^^^^^
   |
   = note: `#[warn(unused_imports)]` on by default

warning: unused import: `http::StatusCode`
 --> src\api\website_api.rs:4:28
  |
4 | use axum::{extract::Query, http::StatusCode, Json};
  |                            ^^^^^^^^^^^^^^^^

warning: unused import: `GUARDIAN_CONSCIOUSNESS`
 --> src\api\website_api.rs:9:20
  |
9 | use crate::{CHAIN, GUARDIAN_CONSCIOUSNESS, HEALTH_DB, PEERS};
  |                    ^^^^^^^^^^^^^^^^^^^^^^

warning: unused import: `discord_oauth::init_discord_links_db`
  --> src\api\mod.rs:21:9
   |
21 | pub use discord_oauth::init_discord_links_db;
   |         ^^^^^^^^^^^^^^^^^^^^^^^^^^^^^^^^^^^^

warning: unused import: `serde_json::json`
  --> src\auto_sync.rs:13:5
   |
13 | use serde_json::json;
   |     ^^^^^^^^^^^^^^^^

warning: unused import: `crate::BlockHeader`
 --> src\consensus_pow\block_builder.rs:8:5
  |
8 | use crate::BlockHeader;
  |     ^^^^^^^^^^^^^^^^^^

warning: unused imports: `local_fingerprint`, `local_node_id`, and 
`local_pubkey_b64`
  --> src\identity\mod.rs:12:25
   |
12 |     init_node_identity, local_fingerprint, local_node_id, 
local_node_identity, local_pubkey_b64,
   |                         ^^^^^^^^^^^^^^^^^  ^^^^^^^^^^^^^      
                 ^^^^^^^^^^^^^^^^

warning: unused import: 
`migration::check_and_migrate_legacy_identity`
  --> src\identity\mod.rs:16:9
   |
16 | pub use migration::check_and_migrate_legacy_identity;
   |         ^^^^^^^^^^^^^^^^^^^^^^^^^^^^^^^^^^^^^^^^^^^^

warning: unused import: `Ordering as AtomicOrdering`
    --> src\p2p\connection.rs:1843:45
     |
1843 |         use std::sync::atomic::{AtomicBool, Ordering as 
AtomicOrdering};
     |                                             
^^^^^^^^^^^^^^^^^^^^^^^^^^

warning: unused import: `std::sync::Arc`
  --> src\p2p\seed_peers.rs:10:5
   |
10 | use std::sync::Arc;
   |     ^^^^^^^^^^^^^^

warning: variant `HandshakeFailed_ChainId` should have an upper 
camel case name
  --> src\p2p\peer_connect_report.rs:27:5
   |
27 |     HandshakeFailed_ChainId,
   |     ^^^^^^^^^^^^^^^^^^^^^^^ help: convert the identifier to 
upper camel case: `HandshakeFailedChainId`
   |
   = note: `#[warn(non_camel_case_types)]` on by default

warning: variant `HandshakeFailed_Version` should have an upper 
camel case name
  --> src\p2p\peer_connect_report.rs:28:5
   |
28 |     HandshakeFailed_Version,
   |     ^^^^^^^^^^^^^^^^^^^^^^^ help: convert the identifier to 
upper camel case: `HandshakeFailedVersion`

warning: variant `HandshakeFailed_IncompatibleChain` should have 
an upper camel case name
  --> src\p2p\peer_connect_report.rs:29:5
   |
29 |     HandshakeFailed_IncompatibleChain,
   |     ^^^^^^^^^^^^^^^^^^^^^^^^^^^^^^^^^ help: convert the 
identifier to upper camel case: `HandshakeFailedIncompatibleChain`

warning: variant `HandshakeFailed_Other` should have an upper 
camel case name
  --> src\p2p\peer_connect_report.rs:30:5
   |
30 |     HandshakeFailed_Other,
   |     ^^^^^^^^^^^^^^^^^^^^^ help: convert the identifier to 
upper camel case: `HandshakeFailedOther`

warning: unused import: `connection::P2PConnectionManager`
   --> src\p2p\mod.rs:146:9
    |
146 | pub use connection::P2PConnectionManager;
    |         ^^^^^^^^^^^^^^^^^^^^^^^^^^^^^^^^

warning: unused imports: `ensure_node_wallet_consistency` and 
`load_or_create_node_id`
   --> src\p2p\mod.rs:147:19
    |
147 | pub use node_id::{ensure_node_wallet_consistency, 
load_or_create_node_id};
    |                   ^^^^^^^^^^^^^^^^^^^^^^^^^^^^^^  
^^^^^^^^^^^^^^^^^^^^^^

warning: unused import: `PeerManager`
   --> src\p2p\mod.rs:148:42
    |
148 | pub use peer_manager::{Peer, PeerBucket, PeerManager, 
PeerState};
    |                                          ^^^^^^^^^^^

warning: unused import: `crate::external_rpc::ExternalChain`
  --> src\tx_builder.rs:11:5
   |
11 | use crate::external_rpc::ExternalChain;
   |     ^^^^^^^^^^^^^^^^^^^^^^^^^^^^^^^^^^

warning: unused import: `crate::utxo_manager::UtxoManager`
  --> src\tx_builder.rs:12:5
   |
12 | use crate::utxo_manager::UtxoManager;
   |     ^^^^^^^^^^^^^^^^^^^^^^^^^^^^^^^^

warning: unexpected `cfg` condition value: `dev-signing`
  --> src\tx_builder.rs:24:11
   |
24 |     #[cfg(feature = "dev-signing")]
   |           ^^^^^^^^^^^^^^^^^^^^^^^
   |
   = note: expected values for `feature` are: `archive`, `bip32`, 
`bitcoin`, `bitcoincore-rpc`, `default`, `farm`, `full`, 
`guardian`, `hwloc`, `hwloc2`, `launch-core`, `lite`, 
`market-tests-disabled`, `miner-tuning`, `multi-currency`, 
`resilience`, `staged`, `staging`, and `tokenomics-v2`
   = help: consider adding `dev-signing` as a feature in 
`Cargo.toml`
   = note: see <https://doc.rust-lang.org/nightly/rustc/check-cfg/c
argo-specifics.html> for more information about checking 
conditional configuration
   = note: `#[warn(unexpected_cfgs)]` on by default

warning: unused import: `crate::tokenomics::split_50_30_20`
 --> src\vault\router.rs:7:5
  |
7 | use crate::tokenomics::split_50_30_20;
  |     ^^^^^^^^^^^^^^^^^^^^^^^^^^^^^^^^^

warning: unused import: `crate::foundation_config`
  --> src\vault\withdrawals.rs:10:5
   |
10 | use crate::foundation_config;
   |     ^^^^^^^^^^^^^^^^^^^^^^^^

warning: unused imports: `VaultBucket` and `VaultStore`
  --> src\vault\mod.rs:16:17
   |
16 | pub use store::{VaultBucket, VaultStore};
   |                 ^^^^^^^^^^^  ^^^^^^^^^^

warning: unused import: `std::sync::Arc`
  --> src\withdrawals.rs:34:5
   |
34 | use std::sync::Arc;
   |     ^^^^^^^^^^^^^^

warning: unused import: `crate::tx_builder::TransactionBuilder`
  --> src\withdrawals.rs:39:5
   |
39 | use crate::tx_builder::TransactionBuilder;
   |     ^^^^^^^^^^^^^^^^^^^^^^^^^^^^^^^^^^^^^

warning: unused import: `crate::utxo_manager::UtxoManager`
  --> src\withdrawals.rs:40:5
   |
40 | use crate::utxo_manager::UtxoManager;
   |     ^^^^^^^^^^^^^^^^^^^^^^^^^^^^^^^^

warning: unexpected `cfg` condition value: `dev-signing`
   --> src\withdrawals.rs:132:11
    |
132 |     #[cfg(feature = "dev-signing")]
    |           ^^^^^^^^^^^^^^^^^^^^^^^
    |
    = note: expected values for `feature` are: `archive`, `bip32`, 
`bitcoin`, `bitcoincore-rpc`, `default`, `farm`, `full`, 
`guardian`, `hwloc`, `hwloc2`, `launch-core`, `lite`, 
`market-tests-disabled`, `miner-tuning`, `multi-currency`, 
`resilience`, `staged`, `staging`, and `tokenomics-v2`
    = help: consider adding `dev-signing` as a feature in 
`Cargo.toml`
    = note: see <https://doc.rust-lang.org/nightly/rustc/check-cfg/
cargo-specifics.html> for more information about checking 
conditional configuration

warning: unexpected `cfg` condition value: `dev-signing`
   --> src\withdrawals.rs:161:15
    |
161 |     #[cfg(not(feature = "dev-signing"))]
    |               ^^^^^^^^^^^^^^^^^^^^^^^
    |
    = note: expected values for `feature` are: `archive`, `bip32`, 
`bitcoin`, `bitcoincore-rpc`, `default`, `farm`, `full`, 
`guardian`, `hwloc`, `hwloc2`, `launch-core`, `lite`, 
`market-tests-disabled`, `miner-tuning`, `multi-currency`, 
`resilience`, `staged`, `staging`, and `tokenomics-v2`
    = help: consider adding `dev-signing` as a feature in 
`Cargo.toml`
    = note: see <https://doc.rust-lang.org/nightly/rustc/check-cfg/
cargo-specifics.html> for more information about checking 
conditional configuration

warning: unused imports: `BeaconPeer` and `register_peer`
 --> src\beacon\mod.rs:6:31
  |
6 | pub use registry::{get_peers, register_peer, BeaconPeer};
  |                               ^^^^^^^^^^^^^  ^^^^^^^^^^

warning: unused import: `CashAirdropResult`
  --> src\stubs\airdrop.rs:49:5
   |
49 |     CashAirdropResult,
   |     ^^^^^^^^^^^^^^^^^

warning: unused import: `sled`
 --> src\stubs\guardian.rs:7:5
  |
7 | use sled;
  |     ^^^^

warning: unused imports: `GuardianRoleConfig` and `GuardianRole`
  --> src\stubs\guardian.rs:87:16
   |
87 | pub use role::{GuardianRole, GuardianRoleConfig};
   |                ^^^^^^^^^^^^  ^^^^^^^^^^^^^^^^^^

warning: unused import: `spawn_guardian_rotation_loop`
  --> src\stubs\guardian.rs:88:39
   |
88 | pub use rotation::{is_local_guardian, 
spawn_guardian_rotation_loop};
   |                                       
^^^^^^^^^^^^^^^^^^^^^^^^^^^^

warning: unused import: `events::GuardianEvent`
  --> src\stubs\guardian.rs:89:9
   |
89 | pub use events::GuardianEvent;
   |         ^^^^^^^^^^^^^^^^^^^^^

warning: unused imports: `DevPayout` and `get_dev_payouts`
  --> src\stubs\governance.rs:20:23
   |
20 | pub use dev_payouts::{DevPayout, get_dev_payouts};
   |                       ^^^^^^^^^  ^^^^^^^^^^^^^^^

warning: unused import: `std::sync::Arc`
  --> src\globals\mod.rs:15:5
   |
15 | use std::sync::Arc;
   |     ^^^^^^^^^^^^^^

warning: unused imports: `Deserialize` and `Serialize`
  --> src\globals\mod.rs:17:13
   |
17 | use serde::{Deserialize, Serialize};
   |             ^^^^^^^^^^^  ^^^^^^^^^

warning: unused import: `WifNetwork`
    --> src\main.rs:8245:72
     |
8245 |     use crate::utxo_signing::{SigningInput, 
TransactionSigner, WifKey, WifNetwork};
     |                                                             
           ^^^^^^^^^^

warning: unnecessary parentheses around assigned value
     --> src\main.rs:12268:38
      |
12268 |                         let jitter = (now_unix % 
base_backoff_ms);
      |                                      ^                     
     ^
      |
      = note: `#[warn(unused_parens)]` on by default
help: remove these parentheses
      |
12268 -                         let jitter = (now_unix % 
base_backoff_ms);
12268 +                         let jitter = now_unix % 
base_backoff_ms;
      |

warning: unnecessary parentheses around assigned value
     --> src\main.rs:12289:34
      |
12289 |                     let jitter = (now_unix % 
base_backoff_ms);
      |                                  ^                         
 ^
      |
help: remove these parentheses
      |
12289 -                     let jitter = (now_unix % 
base_backoff_ms);
12289 +                     let jitter = now_unix % 
base_backoff_ms;
      |

warning: unnecessary parentheses around assigned value
     --> src\main.rs:12304:34
      |
12304 |                     let jitter = (now_unix % 
base_backoff_ms);
      |                                  ^                         
 ^
      |
help: remove these parentheses
      |
12304 -                     let jitter = (now_unix % 
base_backoff_ms);
12304 +                     let jitter = now_unix % 
base_backoff_ms;
      |

warning: unnecessary parentheses around assigned value
     --> src\main.rs:12375:38
      |
12375 |                         let jitter = (now_unix % 
base_backoff_ms);
      |                                      ^                     
     ^
      |
help: remove these parentheses
      |
12375 -                         let jitter = (now_unix % 
base_backoff_ms);
12375 +                         let jitter = now_unix % 
base_backoff_ms;
      |

warning: unnecessary parentheses around assigned value
     --> src\main.rs:12388:38
      |
12388 |                         let jitter = (now_unix % 
base_backoff_ms);
      |                                      ^                     
     ^
      |
help: remove these parentheses
      |
12388 -                         let jitter = (now_unix % 
base_backoff_ms);
12388 +                         let jitter = now_unix % 
base_backoff_ms;
      |

warning: unused variable: `sender_pubkey`
     --> src\main.rs:17650:9
      |
17650 |         sender_pubkey: String,
      |         ^^^^^^^^^^^^^ help: if this is intentional, prefix 
it with an underscore: `_sender_pubkey`
      |
      = note: `#[warn(unused_variables)]` on by default

warning: unused variable: `args_hex`
     --> src\main.rs:17653:9
      |
17653 |         args_hex: String,
      |         ^^^^^^^^ help: if this is intentional, prefix it 
with an underscore: `_args_hex`

warning: unused variable: `nonce`
     --> src\main.rs:17654:9
      |
17654 |         nonce: String,
      |         ^^^^^ help: if this is intentional, prefix it with 
an underscore: `_nonce`

warning: unused variable: `tip`
     --> src\main.rs:17655:9
      |
17655 |         tip: String,
      |         ^^^ help: if this is intentional, prefix it with 
an underscore: `_tip`

warning: unused variable: `signature`
     --> src\main.rs:17656:9
      |
17656 |         signature: String,
      |         ^^^^^^^^^ help: if this is intentional, prefix it 
with an underscore: `_signature`

warning: unused variable: `chain_tip_hash`
   --> src\api\website_api.rs:205:24
    |
205 |     let (chain_height, chain_tip_hash, chain_tip_work) = {
    |                        ^^^^^^^^^^^^^^ help: if this is 
intentional, prefix it with an underscore: `_chain_tip_hash`

warning: unused variable: `chain_tip_work`
   --> src\api\website_api.rs:205:40
    |
205 |     let (chain_height, chain_tip_hash, chain_tip_work) = {
    |                                        ^^^^^^^^^^^^^^ help: 
if this is intentional, prefix it with an underscore: 
`_chain_tip_work`

warning: unused variable: `preferred_direction`
    --> src\p2p\connection.rs:1454:17
     |
1454 |             let preferred_direction = if 
!local_node_id.is_empty() && !peer_id.is_empty() {
     |                 ^^^^^^^^^^^^^^^^^^^ help: if this is 
intentional, prefix it with an underscore: `_preferred_direction`

warning: unused variable: `needed`
   --> src\p2p\connection_maintainer.rs:214:13
    |
214 |         let needed = slots_available
    |             ^^^^^^ help: if this is intentional, prefix it 
with an underscore: `_needed`

warning: unused variable: `idx`
   --> src\p2p\connection_maintainer.rs:368:14
    |
368 |         for (idx, peer) in candidates.iter().take(5 - 
chosen_preview.len().min(5)).enumerate() {
    |              ^^^ help: if this is intentional, prefix it 
with an underscore: `_idx`

warning: unused variable: `total_needed`
   --> src\vault\withdrawals.rs:420:9
    |
420 |     let total_needed = amount + fee;
    |         ^^^^^^^^^^^^ help: if this is intentional, prefix it 
with an underscore: `_total_needed`

warning: unused variable: `asset`
   --> src\withdrawals.rs:127:5
    |
127 |     asset: &QuoteAsset,
    |     ^^^^^ help: if this is intentional, prefix it with an 
underscore: `_asset`

warning: unused variable: `to_address`
   --> src\withdrawals.rs:128:5
    |
128 |     to_address: &str,
    |     ^^^^^^^^^^ help: if this is intentional, prefix it with 
an underscore: `_to_address`

warning: unused variable: `amount`
   --> src\withdrawals.rs:129:5
    |
129 |     amount: f64,
    |     ^^^^^^ help: if this is intentional, prefix it with an 
underscore: `_amount`

warning: unused variable: `user_id`
   --> src\withdrawals.rs:130:5
    |
130 |     user_id: &str,
    |     ^^^^^^^ help: if this is intentional, prefix it with an 
underscore: `_user_id`

warning: unused variable: `base_headers`
    --> src\main.rs:9081:9
     |
9081 |     let base_headers = 
mempool::build_rate_limit_headers(&ip);
     |         ^^^^^^^^^^^^ help: if this is intentional, prefix 
it with an underscore: `_base_headers`

warning: unused variable: `chunk_size`
     --> src\main.rs:12512:9
      |
12512 |     let chunk_size = checkpoint_interval as usize;
      |         ^^^^^^^^^^ help: if this is intentional, prefix it 
with an underscore: `_chunk_size`

warning: unused import: `Database`
     --> src\main.rs:21005:5
      |
21005 |     Database, Evm as RevmEvm,
      |     ^^^^^^^^

warning: unused variable: `peer_info`
   --> src\chain\accept.rs:307:13
    |
307 |         let peer_info = 
source_peer.unwrap_or("local_miner").to_string();
    |             ^^^^^^^^^ help: if this is intentional, prefix 
it with an underscore: `_peer_info`

warning: unused variable: `fees_distributed`
   --> src\chain\accept.rs:490:32
    |
490 |             let (miner_reward, fees_distributed, 
treasury_total) = crate::apply_tokenomics(
    |                                ^^^^^^^^^^^^^^^^ help: if 
this is intentional, prefix it with an underscore: 
`_fees_distributed`

warning: unused variable: `fees_distributed`
    --> src\chain\accept.rs:1017:28
     |
1017 |         let (miner_reward, fees_distributed, 
treasury_total) = crate::apply_tokenomics(
     |                            ^^^^^^^^^^^^^^^^ help: if this 
is intentional, prefix it with an underscore: `_fees_distributed`

warning: unused variable: `backbone`
   --> src\mining_readiness.rs:161:9
    |
161 |     let backbone = 
crate::control_plane::get_backbone_state();
    |         ^^^^^^^^ help: if this is intentional, prefix it 
with an underscore: `_backbone`

warning: unused variable: `input_index`
   --> src\utxo_signing.rs:206:9
    |
206 |         input_index: usize,
    |         ^^^^^^^^^^^ help: if this is intentional, prefix it 
with an underscore: `_input_index`

warning: unused variable: `input_index`
   --> src\utxo_signing.rs:235:9
    |
235 |         input_index: usize,
    |         ^^^^^^^^^^^ help: if this is intentional, prefix it 
with an underscore: `_input_index`

warning: unused variable: `input_idx`
   --> src\utxo_signing.rs:282:14
    |
282 |         for (input_idx, sig_bytes, pubkey) in signatures {
    |              ^^^^^^^^^ help: if this is intentional, prefix 
it with an underscore: `_input_idx`

warning: unused variable: `bp_tres`
    --> src\main.rs:3765:39
     |
3765 |     let (bp_miner, bp_vault, bp_fund, bp_tres) = 
tokenomics::tithe::tithe_split_bps();
     |                                       ^^^^^^^ help: if this 
is intentional, prefix it with an underscore: `_bp_tres`

warning: unused variable: `key`
    --> src\main.rs:4013:13
     |
4013 |         let key = 
String::from_utf8(k.to_vec()).unwrap_or_default();
     |             ^^^ help: if this is intentional, prefix it 
with an underscore: `_key`

warning: unused variable: `tok_accounts`
    --> src\main.rs:5448:14
     |
5448 | fn build_app(tok_accounts: 
crate::accounts::TokenAccountsCfg) -> Router {
     |              ^^^^^^^^^^^^ help: if this is intentional, 
prefix it with an underscore: `_tok_accounts`

warning: unused variable: `transactions`
    --> src\main.rs:5541:21
     |
5541 |                 let transactions: Vec<Transaction> = 
mempool_txs
     |                     ^^^^^^^^^^^^ help: if this is 
intentional, prefix it with an underscore: `_transactions`

warning: unused variable: `miner_key`
     --> src\main.rs:10395:5
      |
10395 |     miner_key: &str,
      |     ^^^^^^^^^ help: if this is intentional, prefix it with 
an underscore: `_miner_key`

warning: unused variable: `parent_gm`
     --> src\main.rs:13086:5
      |
13086 |     parent_gm: &Option<String>,
      |     ^^^^^^^^^ help: if this is intentional, prefix it with 
an underscore: `_parent_gm`

warning: value assigned to `gm` is never read
     --> src\main.rs:13223:48
      |
13223 |             let (mut balances, mut nonces, mut gm) = 
load_snapshot_v2(db, parent_height)?;
      |                                                ^^
      |
      = help: maybe it is overwritten before being read?
      = note: `#[warn(unused_assignments)]` on by default

warning: unused variable: `method`
     --> src\main.rs:13532:5
      |
13532 |     method: &str,
      |     ^^^^^^ help: if this is intentional, prefix it with an 
underscore: `_method`

warning: unused variable: `args`
     --> src\main.rs:13533:5
      |
13533 |     args: Vec<u8>,
      |     ^^^^ help: if this is intentional, prefix it with an 
underscore: `_args`

warning: unused variable: `key`
     --> src\main.rs:13561:48
      |
13561 |         |mut env: FunctionEnvMut<ContractEnv>, key: i32| 
-> i32 {
      |                                                ^^^ help: 
if this is intentional, prefix it with an underscore: `_key`

warning: unused variable: `key`
     --> src\main.rs:13571:48
      |
13571 |         |mut env: FunctionEnvMut<ContractEnv>, key: i32, 
value: i32| {
      |                                                ^^^ help: 
if this is intentional, prefix it with an underscore: `_key`

warning: unused variable: `value`
     --> src\main.rs:13571:58
      |
13571 |         |mut env: FunctionEnvMut<ContractEnv>, key: i32, 
value: i32| {
      |                                                          
^^^^^ help: if this is intentional, prefix it with an underscore: 
`_value`

warning: unused variable: `db`
     --> src\main.rs:13790:22
      |
13790 | fn generate_tx_proof(db: &Db, blocks: &[Block], 
target_tx_hash: &str) -> Option<MerkleProof> {
      |                      ^^ help: if this is intentional, 
prefix it with an underscore: `_db`

warning: unused variable: `gas_used`
     --> src\main.rs:21193:43
      |
21193 |                 ExecutionResult::Revert { gas_used, output 
} => Err(format!(
      |                                           ^^^^^^^^ help: 
try ignoring the field: `gas_used: _`

warning: unused variable: `gas_used`
     --> src\main.rs:21197:49
      |
21197 |                 ExecutionResult::Halt { reason, gas_used } 
=> {
      |                                                 ^^^^^^^^ 
help: try ignoring the field: `gas_used: _`

warning: unused variable: `gas_used`
     --> src\main.rs:21300:39
      |
21300 |             ExecutionResult::Revert { gas_used, output } 
=> {
      |                                       ^^^^^^^^ help: try 
ignoring the field: `gas_used: _`

warning: unused variable: `gas_used`
     --> src\main.rs:21303:45
      |
21303 |             ExecutionResult::Halt { reason, gas_used } => {
      |                                             ^^^^^^^^ help: 
try ignoring the field: `gas_used: _`

warning: unused variable: `blob`
     --> src\main.rs:23368:9
      |
23368 |     let blob = retrieve_blob(db, blob_id)?;
      |         ^^^^ help: if this is intentional, prefix it with 
an underscore: `_blob`

warning: unused variable: `rng`
     --> src\main.rs:23385:13
      |
23385 |     let mut rng = 
std::collections::hash_map::RandomState::new();
      |             ^^^ help: if this is intentional, prefix it 
with an underscore: `_rng`

warning: unused variable: `voter`
     --> src\main.rs:24572:5
      |
24572 |     voter: &str,
      |     ^^^^^ help: if this is intentional, prefix it with an 
underscore: `_voter`

warning: unused variable: `db`
     --> src\main.rs:24997:21
      |
24997 | fn get_oracle_stats(db: &Db) -> Result<serde_json::Value, 
String> {
      |                     ^^ help: if this is intentional, 
prefix it with an underscore: `_db`

warning: static `PROM_MINING_LATENCY` is never used
   --> src\main.rs:710:8
    |
710 | static PROM_MINING_LATENCY: Lazy<Histogram> = Lazy::new(|| {
    |        ^^^^^^^^^^^^^^^^^^^
    |
    = note: `#[warn(dead_code)]` on by default

warning: static `PROM_DB_READ_LATENCY` is never used
   --> src\main.rs:740:8
    |
740 | static PROM_DB_READ_LATENCY: Lazy<Histogram> =
    |        ^^^^^^^^^^^^^^^^^^^^

warning: static `PROM_DB_WRITE_LATENCY` is never used
   --> src\main.rs:742:8
    |
742 | static PROM_DB_WRITE_LATENCY: Lazy<Histogram> =
    |        ^^^^^^^^^^^^^^^^^^^^^

warning: static `PROM_TXS_UNDERPAYING` is never used
   --> src\main.rs:762:8
    |
762 | static PROM_TXS_UNDERPAYING: Lazy<IntCounter> = Lazy::new(|| 
{
    |        ^^^^^^^^^^^^^^^^^^^^

warning: static `PROM_PEER_LATENCY` is never used
   --> src\main.rs:856:8
    |
856 | static PROM_PEER_LATENCY: Lazy<Histogram> =
    |        ^^^^^^^^^^^^^^^^^

warning: static `PROM_CROSS_SHARD_TIME` is never used
   --> src\main.rs:988:8
    |
988 | static PROM_CROSS_SHARD_TIME: Lazy<Histogram> = Lazy::new(|| 
{
    |        ^^^^^^^^^^^^^^^^^^^^^

warning: struct `SeedBalanceReq` is never constructed
    --> src\main.rs:2272:8
     |
2272 | struct SeedBalanceReq {
     |        ^^^^^^^^^^^^^^

warning: function `admin_seed_balance` is never used
    --> src\main.rs:2277:10
     |
2277 | async fn admin_seed_balance(
     |          ^^^^^^^^^^^^^^^^^^

warning: function `block_util_high` is never used
    --> src\main.rs:3152:4
     |
3152 | fn block_util_high() -> f64 {
     |    ^^^^^^^^^^^^^^^

warning: function `block_util_low` is never used
    --> src\main.rs:3158:4
     |
3158 | fn block_util_low() -> f64 {
     |    ^^^^^^^^^^^^^^

warning: function `distribute_land_sale` is never used
    --> src\main.rs:3938:4
     |
3938 | fn distribute_land_sale(
     |    ^^^^^^^^^^^^^^^^^^^^

warning: struct `SyncState` is never constructed
    --> src\main.rs:4571:8
     |
4571 | struct SyncState {
     |        ^^^^^^^^^

warning: static `SYNC_STATE` is never used
    --> src\main.rs:4577:8
     |
4577 | static SYNC_STATE: Lazy<Mutex<SyncState>> = Lazy::new(|| {
     |        ^^^^^^^^^^

warning: function `maybe_trigger_sync` is never used
    --> src\main.rs:4604:4
     |
4604 | fn maybe_trigger_sync(
     |    ^^^^^^^^^^^^^^^^^^

warning: function `get_receipts_latest` is never used
    --> src\main.rs:6567:10
     |
6567 | async fn get_receipts_latest(
     |          ^^^^^^^^^^^^^^^^^^^

warning: struct `MineReq` is never constructed
    --> src\main.rs:9885:8
     |
9885 | struct MineReq {
     |        ^^^^^^^

warning: function `mine_block_internal` is never used
    --> src\main.rs:9892:10
     |
9892 | async fn mine_block_internal(max_txs: usize, miner_addr: 
String) -> Result<crate::Block, String> {
     |          ^^^^^^^^^^^^^^^^^^^

warning: function `persist_fee_base` is never used
     --> src\main.rs:12681:4
      |
12681 | fn persist_fee_base(db: &Db, v: u128) {
      |    ^^^^^^^^^^^^^^^^

warning: fields `caller` and `contract_address` are never read
     --> src\main.rs:13459:5
      |
13455 | struct ContractEnv {
      |        ----------- fields in this struct
...
13459 |     caller: String,
      |     ^^^^^^
13460 |     contract_address: String,
      |     ^^^^^^^^^^^^^^^^
      |
      = note: `ContractEnv` has a derived impl for the trait 
`Clone`, but this is intentionally ignored during dead code 
analysis

warning: function `measure_peer_latency` is never used
     --> src\main.rs:13906:10
      |
13906 | async fn measure_peer_latency(url: &str) -> Option<f64> {
      |          ^^^^^^^^^^^^^^^^^^^^

warning: struct `ArchiveBalanceQuery` is never constructed
     --> src\main.rs:14072:8
      |
14072 | struct ArchiveBalanceQuery {
      |        ^^^^^^^^^^^^^^^^^^^

warning: function `query_archive_balance` is never used
     --> src\main.rs:14190:4
      |
14190 | fn query_archive_balance(
      |    ^^^^^^^^^^^^^^^^^^^^^

warning: function `select_bundles_for_block` is never used
     --> src\main.rs:14367:4
      |
14367 | fn select_bundles_for_block(
      |    ^^^^^^^^^^^^^^^^^^^^^^^^

warning: function `execute_cross_shard_tx` is never used
     --> src\main.rs:15175:4
      |
15175 | fn execute_cross_shard_tx(
      |    ^^^^^^^^^^^^^^^^^^^^^^

warning: function `select_next_validator` is never used
     --> src\main.rs:16187:4
      |
16187 | fn select_next_validator() -> Option<Validator> {
      |    ^^^^^^^^^^^^^^^^^^^^^

warning: function `resolve_channel_disputes` is never used
     --> src\main.rs:16494:4
      |
16494 | fn resolve_channel_disputes() {
      |    ^^^^^^^^^^^^^^^^^^^^^^^^

warning: static `LAST_HEALTH_CHECK` is never used
     --> src\main.rs:16998:8
      |
16998 | static LAST_HEALTH_CHECK: Lazy<Mutex<u64>> = Lazy::new(|| 
Mutex::new(0));
      |        ^^^^^^^^^^^^^^^^^

warning: function `trigger_alert` is never used
     --> src\main.rs:17032:4
      |
17032 | fn trigger_alert(rule_id: &str, message: String, value: 
f64) {
      |    ^^^^^^^^^^^^^

warning: function `perform_health_checks` is never used
     --> src\main.rs:17202:4
      |
17202 | fn perform_health_checks() {
      |    ^^^^^^^^^^^^^^^^^^^^^

warning: fields `executed_parallel`, `executed_sequential`, 
`conflicts_detected`, and `time_saved_ms` are never read
     --> src\main.rs:18054:5
      |
18053 | struct ParallelExecResult {
      |        ------------------ fields in this struct
18054 |     executed_parallel: usize,
      |     ^^^^^^^^^^^^^^^^^
18055 |     executed_sequential: usize,
      |     ^^^^^^^^^^^^^^^^^^^
18056 |     conflicts_detected: usize,
      |     ^^^^^^^^^^^^^^^^^^
18057 |     time_saved_ms: u64,
      |     ^^^^^^^^^^^^^
      |
      = note: `ParallelExecResult` has a derived impl for the 
trait `Debug`, but this is intentionally ignored during dead code 
analysis

warning: function `open_channel` is never used
     --> src\main.rs:19478:4
      |
19478 | fn open_channel(channel_id: &str) -> Result<(), String> {
      |    ^^^^^^^^^^^^

warning: function `open_connection` is never used
     --> src\main.rs:19532:4
      |
19532 | fn open_connection(connection_id: &str) -> Result<(), 
String> {
      |    ^^^^^^^^^^^^^^^

warning: function `acknowledge_packet` is never used
     --> src\main.rs:19675:4
      |
19675 | fn acknowledge_packet(_sequence: u64, _acknowledgement: 
Vec<u8>) -> Result<(), String> {
      |    ^^^^^^^^^^^^^^^^^^

warning: constant `EVM_STORAGE_PREFIX` is never used
     --> src\main.rs:21047:7
      |
21047 | const EVM_STORAGE_PREFIX: &str = "evm_storage_";
      |       ^^^^^^^^^^^^^^^^^^

warning: function `get_contract_vm_type` is never used
     --> src\main.rs:21101:4
      |
21101 | fn get_contract_vm_type(db: &Db, address: &str) -> 
Result<VMType, String> {
      |    ^^^^^^^^^^^^^^^^^^^^

warning: static `RESILIENCE_PEER_REPUTATION` is never used
     --> src\main.rs:21766:8
      |
21766 | static RESILIENCE_PEER_REPUTATION: 
Lazy<prometheus::Histogram> = Lazy::new(|| {
      |        ^^^^^^^^^^^^^^^^^^^^^^^^^^

warning: static `RESILIENCE_NETWORK_PARTITIONS` is never used
     --> src\main.rs:21787:8
      |
21787 | static RESILIENCE_NETWORK_PARTITIONS: Lazy<IntCounter> = 
Lazy::new(|| {
      |        ^^^^^^^^^^^^^^^^^^^^^^^^^^^^^

warning: function `update_peer_reputation` is never used
     --> src\main.rs:21883:4
      |
21883 | fn update_peer_reputation(db: &Db, peer_id: &str, 
good_block: bool) -> Result<(), String> {
      |    ^^^^^^^^^^^^^^^^^^^^^^

warning: function `get_resilience_topology` is never used
     --> src\main.rs:21977:4
      |
21977 | fn get_resilience_topology(db: &Db, peers: 
&BTreeSet<String>) -> ResilienceTopology {
      |    ^^^^^^^^^^^^^^^^^^^^^^^

warning: function `network_topology_handler` is never used
     --> src\main.rs:22187:10
      |
22187 | async fn network_topology_handler() -> (StatusCode, 
Json<serde_json::Value>) {
      |          ^^^^^^^^^^^^^^^^^^^^^^^^

warning: constant `INDEX_METADATA_PREFIX` is never used
     --> src\main.rs:22225:7
      |
22225 | const INDEX_METADATA_PREFIX: &str = "index:meta:";
      |       ^^^^^^^^^^^^^^^^^^^^^

warning: struct `IndexMetadata` is never constructed
     --> src\main.rs:22252:8
      |
22252 | struct IndexMetadata {
      |        ^^^^^^^^^^^^^

warning: function `erasure_decode` is never used
     --> src\main.rs:23246:4
      |
23246 | fn erasure_decode(encoded: &ErasureCodedData) -> 
Result<Vec<u8>, String> {
      |    ^^^^^^^^^^^^^^

warning: function `unpin_cid` is never used
     --> src\main.rs:25657:4
      |
25657 | fn unpin_cid(db: &Db, cid: &str) -> Result<(), String> {
      |    ^^^^^^^^^

warning: struct `TokenomicsConfig` is never constructed
     --> src\main.rs:25990:8
      |
25990 | struct TokenomicsConfig {
      |        ^^^^^^^^^^^^^^^^

warning: struct `TokenomicsState` is never constructed
     --> src\main.rs:26002:8
      |
26002 | struct TokenomicsState {
      |        ^^^^^^^^^^^^^^^

warning: constant `TOKENOMICS_CONFIG_KEY` is never used
     --> src\main.rs:26027:7
      |
26027 | const TOKENOMICS_CONFIG_KEY: &str = "tokenomics:config";
      |       ^^^^^^^^^^^^^^^^^^^^^

warning: constant `TOKENOMICS_STATE_KEY` is never used
     --> src\main.rs:26028:7
      |
26028 | const TOKENOMICS_STATE_KEY: &str = "tokenomics:state";
      |       ^^^^^^^^^^^^^^^^^^^^

warning: static `TOKENOMICS_CONFIG` is never used
     --> src\main.rs:26031:8
      |
26031 | static TOKENOMICS_CONFIG: Lazy<Mutex<TokenomicsConfig>> =
      |        ^^^^^^^^^^^^^^^^^

warning: static `TOKENOMICS_SUPPLY` is never used
     --> src\main.rs:26035:8
      |
26035 | static TOKENOMICS_SUPPLY: Lazy<IntGauge> =
      |        ^^^^^^^^^^^^^^^^^

warning: static `TOKENOMICS_BURNED` is never used
     --> src\main.rs:26038:8
      |
26038 | static TOKENOMICS_BURNED: Lazy<IntCounter> =
      |        ^^^^^^^^^^^^^^^^^

warning: static `TOKENOMICS_STAKED` is never used
     --> src\main.rs:26041:8
      |
26041 | static TOKENOMICS_STAKED: Lazy<IntGauge> =
      |        ^^^^^^^^^^^^^^^^^

warning: static `TOKENOMICS_REWARDS` is never used
     --> src\main.rs:26044:8
      |
26044 | static TOKENOMICS_REWARDS: Lazy<IntCounter> =
      |        ^^^^^^^^^^^^^^^^^^

warning: function `apply_block_emission` is never used
     --> src\main.rs:26048:4
      |
26048 | fn apply_block_emission(
      |    ^^^^^^^^^^^^^^^^^^^^

warning: function `burn_fees` is never used
     --> src\main.rs:26088:4
      |
26088 | fn burn_fees(db: &Db, fee_amount: u128) -> Result<u128, 
String> {
      |    ^^^^^^^^^

warning: function `calculate_staking_rewards` is never used
     --> src\main.rs:26109:4
      |
26109 | fn calculate_staking_rewards(staked_amount: u128, 
duration_seconds: u64) -> u128 {
      |    ^^^^^^^^^^^^^^^^^^^^^^^^^

warning: function `get_tokenomics_state` is never used
     --> src\main.rs:26118:4
      |
26118 | fn get_tokenomics_state(db: &Db) -> 
Result<TokenomicsState, String> {
      |    ^^^^^^^^^^^^^^^^^^^^

warning: function `fund_treasury` is never used
     --> src\main.rs:26221:4
      |
26221 | fn fund_treasury(db: &Db, amount: u128) -> Result<(), 
String> {
      |    ^^^^^^^^^^^^^

warning: function `tokenomics_state_handler_old` is never used
     --> src\main.rs:26839:10
      |
26839 | async fn tokenomics_state_handler_old() -> (StatusCode, 
Json<serde_json::Value>) {
      |          ^^^^^^^^^^^^^^^^^^^^^^^^^^^^

warning: function `tokenomics_calculate_rewards_handler` is never 
used
     --> src\main.rs:26866:10
      |
26866 | async fn tokenomics_calculate_rewards_handler(
      |          ^^^^^^^^^^^^^^^^^^^^^^^^^^^^^^^^^^^^

warning: function `tokenomics_stats_handler` is never used
     --> src\main.rs:27067:10
      |
27067 | async fn tokenomics_stats_handler() -> (StatusCode, 
Json<serde_json::Value>) {
      |          ^^^^^^^^^^^^^^^^^^^^^^^^

warning: function `archive_balance_query` is never used
     --> src\main.rs:28688:10
      |
28688 | async fn archive_balance_query(
      |          ^^^^^^^^^^^^^^^^^^^^^

warning: function `can_request_parent` is never used
 --> src\chain\parent_fetch.rs:9:8
  |
9 | pub fn can_request_parent(g: &mut Chain, peer: &str, 
parent_hash: &str) -> bool {
  |        ^^^^^^^^^^^^^^^^^^

warning: constant `BATCH_SIZE` is never used
  --> src\miner\manager.rs:24:7
   |
24 | const BATCH_SIZE: u32 = 1000; // Nonces to try per batch 
(will be replaced by configurable batch_size)
   |       ^^^^^^^^^^

warning: function `resolve_mining_threads` is never used
  --> src\miner\manager.rs:27:4
   |
27 | fn resolve_mining_threads(cfg: &MinerConfig, cpu: 
&CpuSummary) -> usize {
   |    ^^^^^^^^^^^^^^^^^^^^^^

warning: function `resolve_simd_batch_size` is never used
  --> src\miner\manager.rs:49:4
   |
49 | fn resolve_simd_batch_size(cfg: &MinerConfig) -> u64 {
   |    ^^^^^^^^^^^^^^^^^^^^^^^

warning: struct `HashrateSampler` is never constructed
  --> src\miner\manager.rs:55:12
   |
55 | pub struct HashrateSampler {
   |            ^^^^^^^^^^^^^^^

warning: associated items `new` and `add_sample` are never used
  --> src\miner\manager.rs:62:12
   |
61 | impl HashrateSampler {
   | -------------------- associated items in this implementation
62 |     pub fn new(window_secs: u64) -> Self {
   |            ^^^
...
71 |     pub fn add_sample(&mut self, hps: f64) -> Option<f64> {
   |            ^^^^^^^^^^

warning: fields `message_bytes`, `started_at`, and 
`last_updated_ms` are never read
   --> src\miner\manager.rs:125:5
    |
123 | struct MiningJob {
    |        --------- fields in this struct
124 |     header: BlockHeader,    // Full BlockHeader with all 
fields
125 |     message_bytes: Vec<u8>, // Pre-computed pow_message_bytes
    |     ^^^^^^^^^^^^^
126 |     pow_job: PowJob,
127 |     started_at: Instant,
    |     ^^^^^^^^^^
...
132 |     last_updated_ms: u64,         // Heartbeat timestamp for 
UI motion
    |     ^^^^^^^^^^^^^^^
    |
    = note: `MiningJob` has a derived impl for the trait `Clone`, 
but this is intentionally ignored during dead code analysis

warning: associated items `new_disabled`, `start_with_config`, and 
`config` are never used
   --> src\miner\manager.rs:183:12
    |
135 | impl ActiveMiner {
    | ---------------- associated items in this implementation
...
183 |     pub fn new_disabled(
    |            ^^^^^^^^^^^^
...
219 |     pub fn start_with_config(&self, cfg: &MinerConfig) {
    |            ^^^^^^^^^^^^^^^^^
...
733 |     pub fn config(&self) -> MinerCfg {
    |            ^^^^^^

warning: function `print_miner_banner` is never used
    --> src\miner\manager.rs:1159:4
     |
1159 | fn print_miner_banner(cpu: &CpuSummary, threads: usize, 
batch: u64, _cfg: &MinerConfig) {
     |    ^^^^^^^^^^^^^^^^^^

warning: function `create_router_with_state` is never used
  --> src\routes\mod.rs:47:8
   |
47 | pub fn create_router_with_state(tok_accounts: 
crate::accounts::TokenAccountsCfg) -> Router {
   |        ^^^^^^^^^^^^^^^^^^^^^^^^

warning: struct `AirdropRouteState` is never constructed
  --> src\routes\admin_cash_airdrop.rs:23:12
   |
23 | pub struct AirdropRouteState {
   |            ^^^^^^^^^^^^^^^^^

warning: struct `AirdropPreviewResponse` is never constructed
  --> src\routes\admin_cash_airdrop.rs:31:12
   |
31 | pub struct AirdropPreviewResponse {
   |            ^^^^^^^^^^^^^^^^^^^^^^

warning: struct `AirdropExecuteResponse` is never constructed
  --> src\routes\admin_cash_airdrop.rs:43:12
   |
43 | pub struct AirdropExecuteResponse {
   |            ^^^^^^^^^^^^^^^^^^^^^^

warning: struct `FailedRecipient` is never constructed
  --> src\routes\admin_cash_airdrop.rs:56:12
   |
56 | pub struct FailedRecipient {
   |            ^^^^^^^^^^^^^^^

warning: function `preview_cash_airdrop` is never used
  --> src\routes\admin_cash_airdrop.rs:67:14
   |
67 | pub async fn preview_cash_airdrop(
   |              ^^^^^^^^^^^^^^^^^^^^

warning: function `extract_wallet_from_headers` is never used
   --> src\routes\admin_cash_airdrop.rs:145:4
    |
145 | fn extract_wallet_from_headers(headers: &HeaderMap) -> 
Option<String> {
    |    ^^^^^^^^^^^^^^^^^^^^^^^^^^^

warning: function `execute_cash_airdrop_handler` is never used
   --> src\routes\admin_cash_airdrop.rs:189:14
    |
189 | pub async fn execute_cash_airdrop_handler(
    |              ^^^^^^^^^^^^^^^^^^^^^^^^^^^^

warning: struct `SupplyResponse` is never constructed
   --> src\routes\admin_cash_airdrop.rs:314:12
    |
314 | pub struct SupplyResponse {
    |            ^^^^^^^^^^^^^^

warning: function `get_cash_supply` is never used
   --> src\routes\admin_cash_airdrop.rs:325:14
    |
325 | pub async fn get_cash_supply(State(state): 
State<Arc<AirdropRouteState>>) -> impl IntoResponse {
    |              ^^^^^^^^^^^^^^^

warning: function `airdrop_router` is never used
   --> src\routes\admin_cash_airdrop.rs:341:8
    |
341 | pub fn airdrop_router(db: sled::Db, limits: 
CashAirdropLimits, balances_tree: String) -> Router {
    |        ^^^^^^^^^^^^^^

warning: struct `AdminEndpointsState` is never constructed
 --> src\routes\admin_mining_endpoints.rs:9:12
  |
9 | pub struct AdminEndpointsState {
  |            ^^^^^^^^^^^^^^^^^^^

warning: function `get_endpoints` is never used
  --> src\routes\admin_mining_endpoints.rs:15:14
   |
15 | pub async fn get_endpoints(State(state): 
State<AdminEndpointsState>) -> Json<MiningEndpointConfig> {
   |              ^^^^^^^^^^^^^

warning: struct `UpdateEndpointsRequest` is never constructed
  --> src\routes\admin_mining_endpoints.rs:21:12
   |
21 | pub struct UpdateEndpointsRequest {
   |            ^^^^^^^^^^^^^^^^^^^^^^

warning: struct `UpdateEndpointsResponse` is never constructed
  --> src\routes\admin_mining_endpoints.rs:28:12
   |
28 | pub struct UpdateEndpointsResponse {
   |            ^^^^^^^^^^^^^^^^^^^^^^^

warning: function `update_endpoints` is never used
  --> src\routes\admin_mining_endpoints.rs:35:14
   |
35 | pub async fn update_endpoints(
   |              ^^^^^^^^^^^^^^^^

warning: struct `RegisteredNode` is never constructed
  --> src\routes\beacon.rs:10:12
   |
10 | pub struct RegisteredNode {
   |            ^^^^^^^^^^^^^^

warning: type alias `NodeRegistry` is never used
  --> src\routes\beacon.rs:19:10
   |
19 | pub type NodeRegistry = Arc<RwLock<HashMap<String, 
RegisteredNode>>>;
   |          ^^^^^^^^^^^^

warning: struct `BeaconState` is never constructed
  --> src\routes\beacon.rs:22:12
   |
22 | pub struct BeaconState {
   |            ^^^^^^^^^^^

warning: associated function `new` is never used
  --> src\routes\beacon.rs:27:12
   |
26 | impl BeaconState {
   | ---------------- associated function in this implementation
27 |     pub fn new() -> Self {
   |            ^^^

warning: struct `RegisterRequest` is never constructed
  --> src\routes\beacon.rs:36:12
   |
36 | pub struct RegisterRequest {
   |            ^^^^^^^^^^^^^^^

warning: struct `RegisterResponse` is never constructed
  --> src\routes\beacon.rs:43:12
   |
43 | pub struct RegisterResponse {
   |            ^^^^^^^^^^^^^^^^

warning: function `register_node` is never used
  --> src\routes\beacon.rs:50:14
   |
50 | pub async fn register_node(
   |              ^^^^^^^^^^^^^

warning: struct `NodesResponse` is never constructed
   --> src\routes\beacon.rs:108:12
    |
108 | pub struct NodesResponse {
    |            ^^^^^^^^^^^^^

warning: function `list_nodes` is never used
   --> src\routes\beacon.rs:114:14
    |
114 | pub async fn list_nodes(State(state): State<BeaconState>) -> 
Json<NodesResponse> {
    |              ^^^^^^^^^^

warning: struct `HeartbeatRequest` is never constructed
   --> src\routes\beacon.rs:128:12
    |
128 | pub struct HeartbeatRequest {
    |            ^^^^^^^^^^^^^^^^

warning: struct `HeartbeatResponse` is never constructed
   --> src\routes\beacon.rs:133:12
    |
133 | pub struct HeartbeatResponse {
    |            ^^^^^^^^^^^^^^^^^

warning: function `heartbeat` is never used
   --> src\routes\beacon.rs:138:14
    |
138 | pub async fn heartbeat(
    |              ^^^^^^^^^

warning: function `issue_passport` is never used
   --> src\routes\beacon.rs:170:4
    |
170 | fn issue_passport(node_tag: &str, now: u64) -> 
Result<crate::passport::NodePassport, String> {
    |    ^^^^^^^^^^^^^^

warning: struct `HealthResponse` is never constructed
   --> src\routes\beacon.rs:230:12
    |
230 | pub struct HealthResponse {
    |            ^^^^^^^^^^^^^^

warning: function `health` is never used
   --> src\routes\beacon.rs:236:14
    |
236 | pub async fn health(State(state): State<BeaconState>) -> 
Json<HealthResponse> {
    |              ^^^^^^

warning: function `get_era_status` is never used
  --> src\routes\era.rs:11:14
   |
11 | pub async fn get_era_status() -> impl IntoResponse {
   |              ^^^^^^^^^^^^^^

warning: function `get_my_era_status` is never used
  --> src\routes\era.rs:86:14
   |
86 | pub async fn get_my_era_status(
   |              ^^^^^^^^^^^^^^^^^

warning: struct `CreateProposalRequest` is never constructed
  --> src\routes\governance.rs:23:12
   |
23 | pub struct CreateProposalRequest {
   |            ^^^^^^^^^^^^^^^^^^^^^

warning: struct `CastVoteRequest` is never constructed
  --> src\routes\governance.rs:32:12
   |
32 | pub struct CastVoteRequest {
   |            ^^^^^^^^^^^^^^^

warning: struct `ListProposalsQuery` is never constructed
  --> src\routes\governance.rs:39:12
   |
39 | pub struct ListProposalsQuery {
   |            ^^^^^^^^^^^^^^^^^^

warning: function `default_limit` is never used
  --> src\routes\governance.rs:45:4
   |
45 | fn default_limit() -> usize {
   |    ^^^^^^^^^^^^^

warning: struct `ProposalDetailQuery` is never constructed
  --> src\routes\governance.rs:51:12
   |
51 | pub struct ProposalDetailQuery {
   |            ^^^^^^^^^^^^^^^^^^^

warning: struct `CreateProposalResponse` is never constructed
  --> src\routes\governance.rs:57:12
   |
57 | pub struct CreateProposalResponse {
   |            ^^^^^^^^^^^^^^^^^^^^^^

warning: struct `CastVoteResponse` is never constructed
  --> src\routes\governance.rs:66:12
   |
66 | pub struct CastVoteResponse {
   |            ^^^^^^^^^^^^^^^^

warning: struct `ListProposalsResponse` is never constructed
  --> src\routes\governance.rs:75:12
   |
75 | pub struct ListProposalsResponse {
   |            ^^^^^^^^^^^^^^^^^^^^^

warning: struct `ProposalSummary` is never constructed
  --> src\routes\governance.rs:82:12
   |
82 | pub struct ProposalSummary {
   |            ^^^^^^^^^^^^^^^

warning: struct `ProposalDetailResponse` is never constructed
  --> src\routes\governance.rs:98:12
   |
98 | pub struct ProposalDetailResponse {
   |            ^^^^^^^^^^^^^^^^^^^^^^

warning: struct `VoterStatus` is never constructed
   --> src\routes\governance.rs:106:12
    |
106 | pub struct VoterStatus {
    |            ^^^^^^^^^^^

warning: function `create_proposal` is never used
   --> src\routes\governance.rs:114:14
    |
114 | pub async fn create_proposal(
    |              ^^^^^^^^^^^^^^^

warning: function `list_proposals` is never used
   --> src\routes\governance.rs:186:14
    |
186 | pub async fn list_proposals(
    |              ^^^^^^^^^^^^^^

warning: function `get_proposal` is never used
   --> src\routes\governance.rs:254:14
    |
254 | pub async fn get_proposal(
    |              ^^^^^^^^^^^^

warning: function `cast_vote` is never used
   --> src\routes\governance.rs:341:14
    |
341 | pub async fn cast_vote(
    |              ^^^^^^^^^

warning: struct `GovernanceState` is never constructed
   --> src\routes\governance.rs:407:12
    |
407 | pub struct GovernanceState {
    |            ^^^^^^^^^^^^^^^

warning: function `governance_router` is never used
   --> src\routes\governance.rs:412:8
    |
412 | pub fn governance_router(manager: Arc<GovernanceManager>) -> 
Router {
    |        ^^^^^^^^^^^^^^^^^

warning: struct `GuardianControlState` is never constructed
  --> src\routes\guardian_control.rs:22:12
   |
22 | pub struct GuardianControlState {
   |            ^^^^^^^^^^^^^^^^^^^^

warning: struct `GuardianAuthResponse` is never constructed
  --> src\routes\guardian_control.rs:28:12
   |
28 | pub struct GuardianAuthResponse {
   |            ^^^^^^^^^^^^^^^^^^^^

warning: struct `ChainOverview` is never constructed
  --> src\routes\guardian_control.rs:38:12
   |
38 | pub struct ChainOverview {
   |            ^^^^^^^^^^^^^

warning: struct `GuardianAction` is never constructed
  --> src\routes\guardian_control.rs:49:12
   |
49 | pub struct GuardianAction {
   |            ^^^^^^^^^^^^^^

warning: function `extract_wallet_from_headers` is never used
  --> src\routes\guardian_control.rs:59:4
   |
59 | fn extract_wallet_from_headers(headers: &HeaderMap) -> 
Option<String> {
   |    ^^^^^^^^^^^^^^^^^^^^^^^^^^^

warning: function `check_guardian_auth` is never used
   --> src\routes\guardian_control.rs:106:14
    |
106 | pub async fn check_guardian_auth(
    |              ^^^^^^^^^^^^^^^^^^^

warning: function `get_chain_overview` is never used
   --> src\routes\guardian_control.rs:160:14
    |
160 | pub async fn get_chain_overview(
    |              ^^^^^^^^^^^^^^^^^^

warning: function `get_recent_actions` is never used
   --> src\routes\guardian_control.rs:207:14
    |
207 | pub async fn get_recent_actions(
    |              ^^^^^^^^^^^^^^^^^^

warning: function `log_guardian_action` is never used
   --> src\routes\guardian_control.rs:237:8
    |
237 | pub fn log_guardian_action(
    |        ^^^^^^^^^^^^^^^^^^^

warning: function `guardian_control_router` is never used
   --> src\routes\guardian_control.rs:272:8
    |
272 | pub fn guardian_control_router(db: sled::Db) -> Router {
    |        ^^^^^^^^^^^^^^^^^^^^^^^

warning: function `get_constellation_memory` is never used
  --> src\routes\immortality.rs:11:14
   |
11 | pub async fn get_constellation_memory() -> impl IntoResponse {
   |              ^^^^^^^^^^^^^^^^^^^^^^^^

warning: function `get_guardian_role` is never used
  --> src\routes\immortality.rs:45:14
   |
45 | pub async fn get_guardian_role() -> impl IntoResponse {
   |              ^^^^^^^^^^^^^^^^^

warning: function `get_immortality_status` is never used
  --> src\routes\immortality.rs:76:14
   |
76 | pub async fn get_immortality_status() -> impl IntoResponse {
   |              ^^^^^^^^^^^^^^^^^^^^^^

warning: function `get_local_ebid` is never used
   --> src\routes\immortality.rs:127:14
    |
127 | pub async fn get_local_ebid() -> impl IntoResponse {
    |              ^^^^^^^^^^^^^^

warning: struct `MiningInfoState` is never constructed
  --> src\routes\mining_info.rs:10:12
   |
10 | pub struct MiningInfoState {
   |            ^^^^^^^^^^^^^^^

warning: struct `MiningInfo` is never constructed
  --> src\routes\mining_info.rs:16:12
   |
16 | pub struct MiningInfo {
   |            ^^^^^^^^^^

warning: function `get_mining_info` is never used
  --> src\routes\mining_info.rs:28:14
   |
28 | pub async fn get_mining_info(State(state): 
State<MiningInfoState>) -> Json<MiningInfo> {
   |              ^^^^^^^^^^^^^^^

warning: struct `TipRouteState` is never constructed
  --> src\routes\tip.rs:20:12
   |
20 | pub struct TipRouteState {
   |            ^^^^^^^^^^^^^

warning: struct `TipRequest` is never constructed
  --> src\routes\tip.rs:27:12
   |
27 | pub struct TipRequest {
   |            ^^^^^^^^^^

warning: struct `TipStatusResponse` is never constructed
  --> src\routes\tip.rs:34:12
   |
34 | pub struct TipStatusResponse {
   |            ^^^^^^^^^^^^^^^^^

warning: enum `TipSubmitResponse` is never used
  --> src\routes\tip.rs:49:10
   |
49 | pub enum TipSubmitResponse {
   |          ^^^^^^^^^^^^^^^^^

warning: function `get_tip_status` is never used
  --> src\routes\tip.rs:62:14
   |
62 | pub async fn get_tip_status(
   |              ^^^^^^^^^^^^^^

warning: struct `TipStatusQuery` is never constructed
   --> src\routes\tip.rs:100:12
    |
100 | pub struct TipStatusQuery {
    |            ^^^^^^^^^^^^^^

warning: function `send_tip` is never used
   --> src\routes\tip.rs:105:14
    |
105 | pub async fn send_tip(
    |              ^^^^^^^^

warning: function `tip_router` is never used
   --> src\routes\tip.rs:242:8
    |
242 | pub fn tip_router(db: sled::Db, config: TipConfig) -> Router 
{
    |        ^^^^^^^^^^

warning: struct `CreateLegacyRequest` is never constructed
  --> src\routes\wallet_legacy.rs:20:12
   |
20 | pub struct CreateLegacyRequest {
   |            ^^^^^^^^^^^^^^^^^^^

warning: struct `LegacyActionRequest` is never constructed
  --> src\routes\wallet_legacy.rs:29:12
   |
29 | pub struct LegacyActionRequest {
   |            ^^^^^^^^^^^^^^^^^^^

warning: struct `LegacyQuery` is never constructed
  --> src\routes\wallet_legacy.rs:35:12
   |
35 | pub struct LegacyQuery {
   |            ^^^^^^^^^^^

warning: struct `LegacyResponse` is never constructed
  --> src\routes\wallet_legacy.rs:41:12
   |
41 | pub struct LegacyResponse {
   |            ^^^^^^^^^^^^^^

warning: function `get_legacy` is never used
  --> src\routes\wallet_legacy.rs:49:14
   |
49 | pub async fn get_legacy(
   |              ^^^^^^^^^^

warning: function `create_legacy` is never used
  --> src\routes\wallet_legacy.rs:90:14
   |
90 | pub async fn create_legacy(
   |              ^^^^^^^^^^^^^

warning: function `arm_legacy` is never used
   --> src\routes\wallet_legacy.rs:187:14
    |
187 | pub async fn arm_legacy(
    |              ^^^^^^^^^^

warning: function `cancel_legacy` is never used
   --> src\routes\wallet_legacy.rs:263:14
    |
263 | pub async fn cancel_legacy(
    |              ^^^^^^^^^^^^^

warning: function `wallet_legacy_router` is never used
   --> src\routes\wallet_legacy.rs:335:8
    |
335 | pub fn wallet_legacy_router(legacy_manager: 
Arc<LegacyManager>) -> Router {
    |        ^^^^^^^^^^^^^^^^^^^^

warning: struct `WalletMiningState` is never constructed
  --> src\routes\wallet_mining.rs:10:12
   |
10 | pub struct WalletMiningState {
   |            ^^^^^^^^^^^^^^^^^

warning: struct `JoinPoolRequest` is never constructed
  --> src\routes\wallet_mining.rs:16:12
   |
16 | pub struct JoinPoolRequest {
   |            ^^^^^^^^^^^^^^^

warning: struct `JoinPoolResponse` is never constructed
  --> src\routes\wallet_mining.rs:21:12
   |
21 | pub struct JoinPoolResponse {
   |            ^^^^^^^^^^^^^^^^

warning: function `join_pool` is never used
  --> src\routes\wallet_mining.rs:30:14
   |
30 | pub async fn join_pool(
   |              ^^^^^^^^^

warning: constant `STAKING_BASE_REWARD` is never used
  --> src\chain_era.rs:20:11
   |
20 | pub const STAKING_BASE_REWARD: u128 = 4_250_000_000; // 4.25 
LAND
   |           ^^^^^^^^^^^^^^^^^^^

warning: constant `ERA_DB_KEY` is never used
  --> src\chain_era.rs:23:7
   |
23 | const ERA_DB_KEY: &[u8] = b"chain_era";
   |       ^^^^^^^^^^

warning: struct `EraManager` is never constructed
  --> src\chain_era.rs:58:12
   |
58 | pub struct EraManager {
   |            ^^^^^^^^^^

warning: associated items `new`, `current_era`, 
`check_and_flip_era`, `set_era`, `load_from_db`, and `save_to_db` 
are never used
   --> src\chain_era.rs:66:12
    |
 63 | impl EraManager {
    | --------------- associated items in this implementation
...
 66 |     pub fn new(db: &Db) -> Self {
    |            ^^^
...
 85 |     pub fn current_era(&self) -> ChainEra {
    |            ^^^^^^^^^^^
...
 91 |     pub fn check_and_flip_era(&mut self, total_supply: u128, 
block_height: u64) -> bool {
    |            ^^^^^^^^^^^^^^^^^^
...
132 |     pub fn set_era(&mut self, era: ChainEra) {
    |            ^^^^^^^
...
148 |     fn load_from_db(db: &Db) -> Option<ChainEra> {
    |        ^^^^^^^^^^^^
...
156 |     fn save_to_db(&self) {
    |        ^^^^^^^^^^

warning: function `emissions_active` is never used
   --> src\chain_era.rs:165:8
    |
165 | pub fn emissions_active(total_supply: u128, current_era: 
ChainEra) -> bool {
    |        ^^^^^^^^^^^^^^^^

warning: function `emissions_remaining` is never used
   --> src\chain_era.rs:170:8
    |
170 | pub fn emissions_remaining(total_supply: u128) -> u128 {
    |        ^^^^^^^^^^^^^^^^^^^

warning: function `emission_progress` is never used
   --> src\chain_era.rs:175:8
    |
175 | pub fn emission_progress(total_supply: u128) -> f64 {
    |        ^^^^^^^^^^^^^^^^^

warning: function `validate_genesis_hash` is never used
  --> src\genesis.rs:84:8
   |
84 | pub fn validate_genesis_hash() -> Result<()> {
   |        ^^^^^^^^^^^^^^^^^^^^^

warning: function `verify_stored_genesis` is never used
   --> src\genesis.rs:128:8
    |
128 | pub fn verify_stored_genesis(stored_genesis_hash: &str) -> 
Result<()> {
    |        ^^^^^^^^^^^^^^^^^^^^^

warning: function `verify_peer_econ_hash` is never used
   --> src\genesis.rs:257:8
    |
257 | pub fn verify_peer_econ_hash(peer_econ_hash: &str) -> 
Result<()> {
    |        ^^^^^^^^^^^^^^^^^^^^^

warning: enum `SwapState` is never used
  --> src\swap\mod.rs:39:10
   |
39 | pub enum SwapState {
   |          ^^^^^^^^^

warning: methods `as_str`, `is_terminal`, `can_claim`, and 
`can_refund` are never used
  --> src\swap\mod.rs:57:12
   |
56 | impl SwapState {
   | -------------- methods in this implementation
57 |     pub fn as_str(&self) -> &'static str {
   |            ^^^^^^
...
69 |     pub fn is_terminal(&self) -> bool {
   |            ^^^^^^^^^^^
...
73 |     pub fn can_claim(&self) -> bool {
   |            ^^^^^^^^^
...
77 |     pub fn can_refund(&self) -> bool {
   |            ^^^^^^^^^^

warning: enum `SwapError` is never used
  --> src\swap\mod.rs:84:10
   |
84 | pub enum SwapError {
   |          ^^^^^^^^^

warning: function `verify_confirmations` is never used
   --> src\swap\mod.rs:146:8
    |
146 | pub fn verify_confirmations(coin: &str, observed: u32) -> 
Result<(), SwapError> {
    |        ^^^^^^^^^^^^^^^^^^^^

warning: function `verify_refund_allowed` is never used
   --> src\swap\mod.rs:159:8
    |
159 | pub fn verify_refund_allowed(
    |        ^^^^^^^^^^^^^^^^^^^^^

warning: function `required_confirmations` is never used
  --> src\swap\confirmations.rs:20:8
   |
20 | pub fn required_confirmations(coin: &str) -> u32 {
   |        ^^^^^^^^^^^^^^^^^^^^^^

warning: function `confirmations_met` is never used
  --> src\swap\confirmations.rs:25:8
   |
25 | pub fn confirmations_met(coin: &str, observed: u32) -> bool {
   |        ^^^^^^^^^^^^^^^^^

warning: function `confirmation_status_message` is never used
  --> src\swap\confirmations.rs:30:8
   |
30 | pub fn confirmation_status_message(coin: &str, observed: u32) 
-> String {
   |        ^^^^^^^^^^^^^^^^^^^^^^^^^^^

warning: function `htlc_hash_lock` is never used
  --> src\swap\hashlock.rs:35:8
   |
35 | pub fn htlc_hash_lock(preimage: &[u8]) -> [u8; 32] {
   |        ^^^^^^^^^^^^^^

warning: function `htlc_hash_lock_hex` is never used
  --> src\swap\hashlock.rs:59:8
   |
59 | pub fn htlc_hash_lock_hex(preimage: &[u8]) -> String {
   |        ^^^^^^^^^^^^^^^^^^

warning: function `verify_hash_lock` is never used
  --> src\swap\hashlock.rs:72:8
   |
72 | pub fn verify_hash_lock(preimage: &[u8], expected_hash_lock: 
&[u8; 32]) -> bool {
   |        ^^^^^^^^^^^^^^^^

warning: function `verify_hash_lock_hex` is never used
  --> src\swap\hashlock.rs:82:8
   |
82 | pub fn verify_hash_lock_hex(preimage: &[u8], 
expected_hash_lock_hex: &str) -> bool {
   |        ^^^^^^^^^^^^^^^^^^^^

warning: function `swap_timeout_blocks` is never used
  --> src\swap\timeouts.rs:15:8
   |
15 | pub fn swap_timeout_blocks(coin: &str) -> u64 {
   |        ^^^^^^^^^^^^^^^^^^^

warning: function `swap_timeout_seconds` is never used
  --> src\swap\timeouts.rs:25:8
   |
25 | pub fn swap_timeout_seconds(coin: &str) -> u64 {
   |        ^^^^^^^^^^^^^^^^^^^^

warning: function `can_refund` is never used
  --> src\swap\timeouts.rs:35:8
   |
35 | pub fn can_refund(
   |        ^^^^^^^^^^

warning: function `calculate_refund_height` is never used
  --> src\swap\timeouts.rs:45:8
   |
45 | pub fn calculate_refund_height(coin: &str, current_height: 
u64) -> u64 {
   |        ^^^^^^^^^^^^^^^^^^^^^^^

warning: struct `RefundStatus` is never constructed
  --> src\swap\timeouts.rs:51:12
   |
51 | pub struct RefundStatus {
   |            ^^^^^^^^^^^^

warning: associated items `new` and `status_message` are never used
  --> src\swap\timeouts.rs:60:12
   |
59 | impl RefundStatus {
   | ----------------- associated items in this implementation
60 |     pub fn new(coin: &str, current_height: u64, 
refund_height: u64, completed: bool) -> Self {
   |            ^^^
...
83 |     pub fn status_message(&self) -> String {
   |            ^^^^^^^^^^^^^^

warning: struct `WatchOnlyError` is never constructed
   --> src\swap\watch_only.rs:102:12
    |
102 | pub struct WatchOnlyError {
    |            ^^^^^^^^^^^^^^

warning: associated items `new` and `message` are never used
   --> src\swap\watch_only.rs:107:12
    |
106 | impl WatchOnlyError {
    | ------------------- associated items in this implementation
107 |     pub fn new(operation: &str) -> Self {
    |            ^^^
...
113 |     pub fn message(&self) -> String {
    |            ^^^^^^^

warning: function `require_signing_capability` is never used
   --> src\swap\watch_only.rs:135:8
    |
135 | pub fn require_signing_capability(operation: &str) -> 
Result<(), WatchOnlyError> {
    |        ^^^^^^^^^^^^^^^^^^^^^^^^^^

warning: struct `TransactionBuilder` is never constructed
  --> src\tx_builder.rs:16:12
   |
16 | pub struct TransactionBuilder;
   |            ^^^^^^^^^^^^^^^^^^

warning: associated functions `get_change_address_string` and 
`get_dust_threshold` are never used
   --> src\tx_builder.rs:119:8
    |
 18 | impl TransactionBuilder {
    | ----------------------- associated functions in this 
implementation
...
119 |     fn get_change_address_string(user_id: &str, asset: 
QuoteAsset) -> Result<String> {
    |        ^^^^^^^^^^^^^^^^^^^^^^^^^
...
151 |     fn get_dust_threshold(asset: QuoteAsset) -> f64 {
    |        ^^^^^^^^^^^^^^^^^^

warning: struct `Utxo` is never constructed
  --> src\utxo_manager.rs:16:12
   |
16 | pub struct Utxo {
   |            ^^^^

warning: methods `is_available` and `amount_satoshis` are never 
used
  --> src\utxo_manager.rs:39:12
   |
37 | impl Utxo {
   | --------- methods in this implementation
38 |     /// Check if UTXO is ready to spend (confirmed and not 
locked)
39 |     pub fn is_available(&self) -> bool {
   |            ^^^^^^^^^^^^
...
44 |     pub fn amount_satoshis(&self) -> u64 {
   |            ^^^^^^^^^^^^^^^

warning: static `USER_UTXOS` is never used
  --> src\utxo_manager.rs:51:12
   |
51 | pub static USER_UTXOS: Lazy<Arc<Mutex<HashMap<String, 
HashMap<QuoteAsset, Vec<Utxo>>>>>> = 
   |            ^^^^^^^^^^

warning: struct `UtxoManager` is never constructed
  --> src\utxo_manager.rs:55:12
   |
55 | pub struct UtxoManager;
   |            ^^^^^^^^^^^

warning: multiple associated functions are never used
   --> src\utxo_manager.rs:59:12
    |
 57 | impl UtxoManager {
    | ---------------- associated functions in this implementation
 58 |     /// Get all UTXOs for a user and asset
 59 |     pub fn get_user_utxos(user_id: &str, asset: QuoteAsset) 
-> Vec<Utxo> {
    |            ^^^^^^^^^^^^^^
...
 71 |     pub fn get_available_utxos(user_id: &str, asset: 
QuoteAsset) -> Vec<Utxo> {
    |            ^^^^^^^^^^^^^^^^^^^
...
 79 |     pub fn calculate_available_balance(user_id: &str, asset: 
QuoteAsset) -> f64 {
    |            ^^^^^^^^^^^^^^^^^^^^^^^^^^^
...
 88 |     pub fn select_utxos(
    |            ^^^^^^^^^^^^
...
131 |     pub fn lock_utxos(user_id: &str, asset: QuoteAsset, 
utxos: &[Utxo]) -> Result<()> {
    |            ^^^^^^^^^^
...
153 |     pub fn unlock_utxos(user_id: &str, asset: QuoteAsset, 
utxos: &[Utxo]) -> Result<()> {
    |            ^^^^^^^^^^^^
...
172 |     pub fn mark_spent(user_id: &str, asset: QuoteAsset, 
utxos: &[Utxo]) -> Result<()> {
    |            ^^^^^^^^^^
...
187 |     pub fn add_utxo(user_id: &str, asset: QuoteAsset, utxo: 
Utxo) -> Result<()> {
    |            ^^^^^^^^
...
206 |     pub async fn sync_user_utxos(user_id: &str, asset: 
QuoteAsset, addresses: Vec<String>) -> Result<()> {
    |                  ^^^^^^^^^^^^^^^

warning: field `network` is never read
  --> src\utxo_signing.rs:14:9
   |
11 | pub struct WifKey {
   |            ------ field in this struct
...
14 |     pub network: WifNetwork,
   |         ^^^^^^^

warning: associated items `version_byte` and `from_chain` are 
never used
  --> src\utxo_signing.rs:28:8
   |
26 | impl WifNetwork {
   | --------------- associated items in this implementation
27 |     /// Get WIF version byte for this network
28 |     fn version_byte(&self) -> u8 {
   |        ^^^^^^^^^^^^
...
38 |     pub fn from_chain(chain: ExternalChain, testnet: bool) -> 
Self {
   |            ^^^^^^^^^^

warning: method `to_wif` is never used
   --> src\utxo_signing.rs:117:12
    |
 50 | impl WifKey {
    | ----------- method in this implementation
...
117 |     pub fn to_wif(&self) -> String {
    |            ^^^^^^

warning: fields `prev_tx_hash`, `prev_vout`, and `sequence` are 
never read
   --> src\utxo_signing.rs:139:9
    |
137 | pub struct SigningInput {
    |            ------------ fields in this struct
138 |     /// Previous transaction hash (reversed for signing)
139 |     pub prev_tx_hash: Vec<u8>,
    |         ^^^^^^^^^^^^
140 |     /// Previous output index
141 |     pub prev_vout: u32,
    |         ^^^^^^^^^
...
147 |     pub sequence: u32,
    |         ^^^^^^^^
    |
    = note: `SigningInput` has derived impls for the traits 
`Clone` and `Debug`, but these are intentionally ignored during 
dead code analysis

warning: struct `SendRequest` is never constructed
  --> src\withdrawals.rs:44:12
   |
44 | pub struct SendRequest {
   |            ^^^^^^^^^^^

warning: struct `SendResponse` is never constructed
  --> src\withdrawals.rs:53:12
   |
53 | pub struct SendResponse {
   |            ^^^^^^^^^^^^

warning: struct `WithdrawRequest` is never constructed
  --> src\withdrawals.rs:62:12
   |
62 | pub struct WithdrawRequest {
   |            ^^^^^^^^^^^^^^^

warning: struct `WithdrawResponse` is never constructed
  --> src\withdrawals.rs:70:12
   |
70 | pub struct WithdrawResponse {
   |            ^^^^^^^^^^^^^^^^

warning: enum `TransactionStatus` is never used
  --> src\withdrawals.rs:78:10
   |
78 | pub enum TransactionStatus {
   |          ^^^^^^^^^^^^^^^^^

warning: function `asset_to_chain` is never used
   --> src\withdrawals.rs:111:4
    |
111 | fn asset_to_chain(asset: &QuoteAsset) -> 
Result<ExternalChain> {
    |    ^^^^^^^^^^^^^^

warning: function `build_raw_transaction` is never used
   --> src\withdrawals.rs:126:10
    |
126 | async fn build_raw_transaction(
    |          ^^^^^^^^^^^^^^^^^^^^^

warning: function `validate_address` is never used
   --> src\withdrawals.rs:171:4
    |
171 | fn validate_address(chain: ExternalChain, address: &str) -> 
Result<()> {
    |    ^^^^^^^^^^^^^^^^

warning: function `check_withdrawal_available` is never used
   --> src\withdrawals.rs:194:14
    |
194 | pub async fn check_withdrawal_available(asset: &QuoteAsset) 
-> Result<bool> {
    |              ^^^^^^^^^^^^^^^^^^^^^^^^^^

warning: function `parse_chain` is never used
   --> src\withdrawals.rs:203:4
    |
203 | fn parse_chain(chain_str: &str) -> Result<ExternalChain> {
    |    ^^^^^^^^^^^

warning: function `chain_to_asset` is never used
   --> src\withdrawals.rs:213:4
    |
213 | fn chain_to_asset(chain: ExternalChain) -> QuoteAsset {
    |    ^^^^^^^^^^^^^^

warning: function `estimate_fee` is never used
   --> src\withdrawals.rs:222:4
    |
222 | fn estimate_fee(chain: ExternalChain, _amount: f64) -> f64 {
    |    ^^^^^^^^^^^^

warning: function `get_user_balance` is never used
   --> src\withdrawals.rs:233:4
    |
233 | fn get_user_balance(user_id: &str, chain: ExternalChain) -> 
f64 {
    |    ^^^^^^^^^^^^^^^^

warning: function `reserve_balance` is never used
   --> src\withdrawals.rs:244:4
    |
244 | fn reserve_balance(user_id: &str, chain: ExternalChain, 
amount: f64) -> Result<()> {
    |    ^^^^^^^^^^^^^^^

warning: function `release_balance` is never used
   --> src\withdrawals.rs:278:4
    |
278 | fn release_balance(user_id: &str, chain: ExternalChain, 
amount: f64) {
    |    ^^^^^^^^^^^^^^^

warning: function `finalize_send` is never used
   --> src\withdrawals.rs:301:4
    |
301 | fn finalize_send(user_id: &str, chain: ExternalChain, 
amount: f64) {
    |    ^^^^^^^^^^^^^

warning: function `process_send` is never used
   --> src\withdrawals.rs:321:14
    |
321 | pub async fn process_send(request: SendRequest) -> 
Result<SendResponse> {
    |              ^^^^^^^^^^^^

warning: function `process_withdrawal` is never used
   --> src\withdrawals.rs:446:14
    |
446 | pub async fn process_withdrawal(request: WithdrawRequest) -> 
Result<WithdrawResponse> {
    |              ^^^^^^^^^^^^^^^^^^

warning: struct `CashAirdropLimits` is never constructed
  --> src\stubs\airdrop.rs:55:12
   |
55 | pub struct CashAirdropLimits {
   |            ^^^^^^^^^^^^^^^^^

warning: struct `CashAirdropRequest` is never constructed
 --> src\stubs\airdrop.rs:7:16
  |
7 |     pub struct CashAirdropRequest {
  |                ^^^^^^^^^^^^^^^^^^

warning: struct `CashAirdropResult` is never constructed
  --> src\stubs\airdrop.rs:16:16
   |
16 |     pub struct CashAirdropResult {
   |                ^^^^^^^^^^^^^^^^^

warning: function `execute_cash_airdrop` is never used
  --> src\stubs\airdrop.rs:22:12
   |
22 |     pub fn execute_cash_airdrop(
   |            ^^^^^^^^^^^^^^^^^^^^

warning: function `get_cash_total_supply` is never used
  --> src\stubs\airdrop.rs:35:12
   |
35 |     pub fn get_cash_total_supply(_db: &sled::Db) -> 
Result<u128, String> {
   |            ^^^^^^^^^^^^^^^^^^^^^

warning: function `validate_airdrop_request` is never used
  --> src\stubs\airdrop.rs:39:12
   |
39 |     pub fn validate_airdrop_request(
   |            ^^^^^^^^^^^^^^^^^^^^^^^^

warning: function `init_guardian` is never used
   --> src\stubs\guardian.rs:108:8
    |
108 | pub fn init_guardian() {
    |        ^^^^^^^^^^^^^

warning: struct `GuardianState` is never constructed
   --> src\stubs\guardian.rs:113:12
    |
113 | pub struct GuardianState {
    |            ^^^^^^^^^^^^^

warning: struct `Consciousness` is never constructed
  --> src\stubs\guardian.rs:13:16
   |
13 |     pub struct Consciousness {
   |                ^^^^^^^^^^^^^

warning: struct `CreatorConfig` is never constructed
  --> src\stubs\guardian.rs:21:16
   |
21 |     pub struct CreatorConfig {
   |                ^^^^^^^^^^^^^

warning: function `is_creator_address` is never used
  --> src\stubs\guardian.rs:37:12
   |
37 |     pub fn is_creator_address(_db: &sled::Db, _addr: &str) -> 
bool {
   |            ^^^^^^^^^^^^^^^^^^

warning: function `load_creator_config` is never used
  --> src\stubs\guardian.rs:40:12
   |
40 |     pub fn load_creator_config(_db: &sled::Db) -> 
Result<CreatorConfig, String> {
   |            ^^^^^^^^^^^^^^^^^^^

warning: struct `GuardianEvent` is never constructed
  --> src\stubs\guardian.rs:48:16
   |
48 |     pub struct GuardianEvent {
   |                ^^^^^^^^^^^^^

warning: function `send_guardian_event` is never used
  --> src\stubs\guardian.rs:51:12
   |
51 |     pub fn send_guardian_event(_event: &GuardianEvent) -> 
Result<(), String> {
   |            ^^^^^^^^^^^^^^^^^^^

warning: struct `Integrity` is never constructed
  --> src\stubs\guardian.rs:58:16
   |
58 |     pub struct Integrity {
   |                ^^^^^^^^^

warning: enum `GuardianRole` is never used
  --> src\stubs\guardian.rs:66:14
   |
66 |     pub enum GuardianRole {
   |              ^^^^^^^^^^^^

warning: struct `GuardianRoleConfig` is never constructed
  --> src\stubs\guardian.rs:72:16
   |
72 |     pub struct GuardianRoleConfig {
   |                ^^^^^^^^^^^^^^^^^^

warning: function `is_local_guardian` is never used
  --> src\stubs\guardian.rs:78:12
   |
78 |     pub fn is_local_guardian() -> bool {
   |            ^^^^^^^^^^^^^^^^^

warning: function `spawn_guardian_rotation_loop` is never used
  --> src\stubs\guardian.rs:81:12
   |
81 |     pub fn spawn_guardian_rotation_loop() {
   |            ^^^^^^^^^^^^^^^^^^^^^^^^^^^^

warning: struct `GuardianConsciousness` is never constructed
 --> src\stubs\guardian_consciousness.rs:7:12
  |
7 | pub struct GuardianConsciousness {
  |            ^^^^^^^^^^^^^^^^^^^^^

warning: struct `GuardianIntegrity` is never constructed
  --> src\stubs\guardian_consciousness.rs:12:12
   |
12 | pub struct GuardianIntegrity {
   |            ^^^^^^^^^^^^^^^^^

warning: struct `GuardianEvent` is never constructed
  --> src\stubs\guardian_consciousness.rs:17:12
   |
17 | pub struct GuardianEvent {
   |            ^^^^^^^^^^^^^

warning: enum `GovernanceStatus` is never used
  --> src\stubs\governance.rs:24:10
   |
24 | pub enum GovernanceStatus {
   |          ^^^^^^^^^^^^^^^^

warning: method `as_str` is never used
  --> src\stubs\governance.rs:32:12
   |
31 | impl GovernanceStatus {
   | --------------------- method in this implementation
32 |     pub fn as_str(&self) -> &'static str {
   |            ^^^^^^

warning: enum `GovernanceAction` is never used
  --> src\stubs\governance.rs:44:10
   |
44 | pub enum GovernanceAction {
   |          ^^^^^^^^^^^^^^^^

warning: struct `GovernanceProposal` is never constructed
  --> src\stubs\governance.rs:52:12
   |
52 | pub struct GovernanceProposal {
   |            ^^^^^^^^^^^^^^^^^^

warning: methods `is_expired`, `majority_result`, 
`time_remaining`, and `yes_percentage_bps` are never used
  --> src\stubs\governance.rs:67:12
   |
66 | impl GovernanceProposal {
   | ----------------------- methods in this implementation
67 |     pub fn is_expired(&self, now: u64) -> bool {
   |            ^^^^^^^^^^
...
71 |     pub fn majority_result(&self) -> Option<bool> {
   |            ^^^^^^^^^^^^^^^
...
80 |     pub fn time_remaining(&self, now: u64) -> u64 {
   |            ^^^^^^^^^^^^^^
...
84 |     pub fn yes_percentage_bps(&self) -> u32 {
   |            ^^^^^^^^^^^^^^^^^^

warning: struct `GovernanceVote` is never constructed
   --> src\stubs\governance.rs:113:12
    |
113 | pub struct GovernanceVote {
    |            ^^^^^^^^^^^^^^

warning: struct `GovernanceConfig` is never constructed
   --> src\stubs\governance.rs:120:12
    |
120 | pub struct GovernanceConfig {
    |            ^^^^^^^^^^^^^^^^

warning: struct `GovernanceManager` is never constructed
   --> src\stubs\governance.rs:136:12
    |
136 | pub struct GovernanceManager {
    |            ^^^^^^^^^^^^^^^^^

warning: multiple associated items are never used
   --> src\stubs\governance.rs:141:12
    |
140 | impl GovernanceManager {
    | ---------------------- associated items in this 
implementation
141 |     pub fn new(db: &sled::Db) -> Result<Self, String> {
    |            ^^^
...
145 |     pub fn config(&self) -> GovernanceConfig {
    |            ^^^^^^
...
149 |     pub fn create_proposal(
    |            ^^^^^^^^^^^^^^^
...
175 |     pub fn get_proposal(&self, _id: u64) -> 
Result<Option<GovernanceProposal>, String> {
    |            ^^^^^^^^^^^^
...
179 |     pub fn list_proposals(
    |            ^^^^^^^^^^^^^^
...
187 |     pub fn get_proposal_votes(&self, _proposal_id: u64) -> 
Result<Vec<GovernanceVote>, String> {
    |            ^^^^^^^^^^^^^^^^^^
...
191 |     pub fn has_voted(&self, _proposal_id: u64, _voter: &str) 
-> Result<bool, String> {
    |            ^^^^^^^^^
...
195 |     pub fn get_vote(&self, _proposal_id: u64, _voter: &str) 
-> Result<Option<GovernanceVote>, String> {
    |            ^^^^^^^^
...
199 |     pub fn cast_vote(
    |            ^^^^^^^^^

warning: function `calculate_vote_weight` is never used
   --> src\stubs\governance.rs:214:8
    |
214 | pub fn calculate_vote_weight(_db: &sled::Db, _address: &str) 
-> u64 {
    |        ^^^^^^^^^^^^^^^^^^^^^

warning: function `can_vote` is never used
   --> src\stubs\governance.rs:218:8
    |
218 | pub fn can_vote(_db: &sled::Db, _address: &str) -> bool {
    |        ^^^^^^^^

warning: function `get_all_eligible_voters` is never used
   --> src\stubs\governance.rs:222:8
    |
222 | pub fn get_all_eligible_voters(_db: &sled::Db) -> 
Vec<String> {
    |        ^^^^^^^^^^^^^^^^^^^^^^^

warning: struct `DevPayout` is never constructed
  --> src\stubs\governance.rs:10:16
   |
10 |     pub struct DevPayout {
   |                ^^^^^^^^^

warning: function `get_dev_payouts` is never used
  --> src\stubs\governance.rs:15:12
   |
15 |     pub fn get_dev_payouts() -> Result<Vec<DevPayout>, 
String> {
   |            ^^^^^^^^^^^^^^^

warning: struct `DemocracyVote` is never constructed
 --> src\stubs\governance_democracy.rs:6:12
  |
6 | pub struct DemocracyVote {
  |            ^^^^^^^^^^^^^

warning: function `cast_vote` is never used
  --> src\stubs\governance_democracy.rs:22:8
   |
22 | pub fn cast_vote(_vote: &DemocracyVote) -> Result<(), String> 
{
   |        ^^^^^^^^^

warning: function `tally_votes` is never used
  --> src\stubs\governance_democracy.rs:26:8
   |
26 | pub fn tally_votes(_proposal_id: u64) -> Result<(u64, u64), 
String> {
   |        ^^^^^^^^^^^

warning: struct `LandDeed` is never constructed
 --> src\stubs\land_deeds.rs:6:12
  |
6 | pub struct LandDeed {
  |            ^^^^^^^^

warning: function `load_deed` is never used
  --> src\stubs\land_deeds.rs:24:8
   |
24 | pub fn load_deed(_deed_id: &str) -> Result<Option<LandDeed>, 
String> {
   |        ^^^^^^^^^

warning: function `save_deed` is never used
  --> src\stubs\land_deeds.rs:28:8
   |
28 | pub fn save_deed(_deed: &LandDeed) -> Result<(), String> {
   |        ^^^^^^^^^

warning: function `all_deed_owners` is never used
  --> src\stubs\land_deeds.rs:36:8
   |
36 | pub fn all_deed_owners(_db: &sled::Db) -> Vec<String> {
   |        ^^^^^^^^^^^^^^^

warning: struct `LandStake` is never constructed
 --> src\stubs\land_stake.rs:6:12
  |
6 | pub struct LandStake {
  |            ^^^^^^^^^

warning: function `load_stake` is never used
  --> src\stubs\land_stake.rs:24:8
   |
24 | pub fn load_stake(_stake_id: &str) -> 
Result<Option<LandStake>, String> {
   |        ^^^^^^^^^^

warning: function `save_stake` is never used
  --> src\stubs\land_stake.rs:28:8
   |
28 | pub fn save_stake(_stake: &LandStake) -> Result<(), String> {
   |        ^^^^^^^^^^

warning: function `get_all_stakers` is never used
  --> src\stubs\land_stake.rs:32:8
   |
32 | pub fn get_all_stakers(_db: &sled::Db) -> Vec<String> {
   |        ^^^^^^^^^^^^^^^

warning: function `total_stake` is never used
  --> src\stubs\land_stake.rs:36:8
   |
36 | pub fn total_stake(_db: &sled::Db) -> u128 {
   |        ^^^^^^^^^^^

warning: function `get_stake` is never used
  --> src\stubs\land_stake.rs:45:8
   |
45 | pub fn get_stake(_db: &sled::Db, _address: &str) -> u128 {
   |        ^^^^^^^^^

warning: method `as_public` is never used
  --> src\stubs\mood.rs:67:12
   |
66 | impl MoodSnapshot {
   | ----------------- method in this implementation
67 |     pub fn as_public(&self) -> &Self {
   |            ^^^^^^^^^

warning: enum `PropagationStrategy` is never used
 --> src\stubs\mood_router.rs:6:10
  |
6 | pub enum PropagationStrategy {
  |          ^^^^^^^^^^^^^^^^^^^

warning: enum `TxRelayPriority` is never used
  --> src\stubs\mood_router.rs:19:10
   |
19 | pub enum TxRelayPriority {
   |          ^^^^^^^^^^^^^^^

warning: enum `SyncStrategy` is never used
  --> src\stubs\mood_router.rs:32:10
   |
32 | pub enum SyncStrategy {
   |          ^^^^^^^^^^^^

warning: function `route_by_mood` is never used
  --> src\stubs\mood_router.rs:44:8
   |
44 | pub fn route_by_mood(_mood: &str) -> PropagationStrategy {
   |        ^^^^^^^^^^^^^

warning: function `select_relay_priority` is never used
  --> src\stubs\mood_router.rs:48:8
   |
48 | pub fn select_relay_priority(_mood: &str) -> TxRelayPriority {
   |        ^^^^^^^^^^^^^^^^^^^^^

warning: function `select_sync_strategy` is never used
  --> src\stubs\mood_router.rs:52:8
   |
52 | pub fn select_sync_strategy(_mood: &str) -> SyncStrategy {
   |        ^^^^^^^^^^^^^^^^^^^^

warning: fields `node_id`, `node_pubkey_b64`, `ts_unix`, 
`nonce_hex`, and `signature_b64` are never read
  --> src\stubs\node_approval.rs:7:9
   |
 5 | pub struct NodeApproval {
   |            ------------ fields in this struct
 6 |     pub wallet_address: String,
 7 |     pub node_id: String,
   |         ^^^^^^^
 8 |     pub node_pubkey_b64: String,
   |         ^^^^^^^^^^^^^^^
 9 |     pub ts_unix: u64,
   |         ^^^^^^^
10 |     pub nonce_hex: String,
   |         ^^^^^^^^^
11 |     pub signature_b64: String,
   |         ^^^^^^^^^^^^^
   |
   = note: `NodeApproval` has derived impls for the traits `Debug` 
and `Clone`, but these are intentionally ignored during dead code 
analysis

warning: associated function `build_canonical_message` is never 
used
  --> src\stubs\node_approval.rs:26:12
   |
14 | impl NodeApproval {
   | ----------------- associated function in this implementation
...
26 |     pub fn build_canonical_message(
   |            ^^^^^^^^^^^^^^^^^^^^^^^

warning: struct `ApprovalSubmitRequest` is never constructed
  --> src\stubs\node_approval.rs:38:12
   |
38 | pub struct ApprovalSubmitRequest {
   |            ^^^^^^^^^^^^^^^^^^^^^

warning: enum `RuntimeMode` is never used
 --> src\stubs\runtime_mode.rs:6:10
  |
6 | pub enum RuntimeMode {
  |          ^^^^^^^^^^^

warning: method `as_str` is never used
  --> src\stubs\runtime_mode.rs:20:12
   |
19 | impl RuntimeMode {
   | ---------------- method in this implementation
20 |     pub fn as_str(&self) -> &'static str {
   |            ^^^^^^

warning: associated function `from_json` is never used
  --> src\stubs\runtime_mode.rs:53:12
   |
51 | impl RuntimeModeConfig {
   | ---------------------- associated function in this 
implementation
52 |     /// Load from JSON string
53 |     pub fn from_json(json: &str) -> Result<Self, 
serde_json::Error> {
   |            ^^^^^^^^^

warning: function `current_mode` is never used
  --> src\stubs\runtime_mode.rs:71:8
   |
71 | pub fn current_mode() -> RuntimeMode {
   |        ^^^^^^^^^^^^

warning: function `set_mode` is never used
  --> src\stubs\runtime_mode.rs:75:8
   |
75 | pub fn set_mode(_mode: RuntimeMode) -> Result<(), String> {
   |        ^^^^^^^^

warning: struct `TipConfig` is never constructed
 --> src\stubs\tip.rs:6:12
  |
6 | pub struct TipConfig {
  |            ^^^^^^^^^

warning: method `tipped` is never used
  --> src\stubs\tip.rs:19:12
   |
18 | impl TipConfig {
   | -------------- method in this implementation
19 |     pub fn tipped(&mut self, _coin: &str, _amount: u128, 
_timestamp: u64) {
   |            ^^^^^^

warning: function `load_tip_state` is never used
  --> src\stubs\tip.rs:41:8
   |
41 | pub fn load_tip_state(_db: &sled::Db, _wallet_address: &str) 
-> Result<TipConfig, String> {
   |        ^^^^^^^^^^^^^^

warning: function `save_tip_state` is never used
  --> src\stubs\tip.rs:45:8
   |
45 | pub fn save_tip_state(_db: &sled::Db, _config: &TipConfig) -> 
Result<(), String> {
   |        ^^^^^^^^^^^^^^

warning: function `usd_to_coin_amount` is never used
  --> src\stubs\tip.rs:49:8
   |
49 | pub fn usd_to_coin_amount(_coin: &str, _usd: f64) -> 
Result<u128, String> {
   |        ^^^^^^^^^^^^^^^^^^

warning: enum `LegacyStatus` is never used
 --> src\stubs\legacy.rs:9:10
  |
9 | pub enum LegacyStatus {
  |          ^^^^^^^^^^^^

warning: method `as_str` is never used
  --> src\stubs\legacy.rs:17:12
   |
16 | impl LegacyStatus {
   | ----------------- method in this implementation
17 |     pub fn as_str(&self) -> &'static str {
   |            ^^^^^^

warning: struct `LegacyRoute` is never constructed
  --> src\stubs\legacy.rs:29:12
   |
29 | pub struct LegacyRoute {
   |            ^^^^^^^^^^^

warning: associated items `new`, `arm`, `cancel`, `execute`, and 
`set_epitaph` are never used
   --> src\stubs\legacy.rs:42:12
    |
 41 | impl LegacyRoute {
    | ---------------- associated items in this implementation
 42 |     pub fn new(owner_address: String, legacy_address: 
String, star_id: String) -> Self {
    |            ^^^
...
 62 |     pub fn arm(&mut self) -> Result<()> {
    |            ^^^
...
 80 |     pub fn cancel(&mut self) -> Result<()> {
    |            ^^^^^^
...
 92 |     pub fn execute(&mut self, amount: u128) -> Result<()> {
    |            ^^^^^^^
...
109 |     pub fn set_epitaph(&mut self, epitaph: String) {
    |            ^^^^^^^^^^^

warning: struct `LegacyManager` is never constructed
   --> src\stubs\legacy.rs:115:12
    |
115 | pub struct LegacyManager {
    |            ^^^^^^^^^^^^^

warning: associated items `new`, `validate`, `get`, and `save` are 
never used
   --> src\stubs\legacy.rs:120:12
    |
119 | impl LegacyManager {
    | ------------------ associated items in this implementation
120 |     pub fn new(_db: &sled::Db) -> Result<Self> {
    |            ^^^
...
125 |     pub fn validate(&self, route: &LegacyRoute) -> 
Result<()> {
    |            ^^^^^^^^
...
139 |     pub fn get(&self, _owner_address: &str) -> 
Result<Option<LegacyRoute>> {
    |            ^^^
...
144 |     pub fn save(&self, _route: &LegacyRoute) -> Result<()> {
    |            ^^^^

warning: function `legacy_message` is never used
   --> src\stubs\legacy.rs:150:8
    |
150 | pub fn legacy_message(status: LegacyStatus) -> &'static str {
    |        ^^^^^^^^^^^^^^

warning: struct `EternalBroadcastId` is never constructed
 --> src\stubs\ebid.rs:6:12
  |
6 | pub struct EternalBroadcastId {
  |            ^^^^^^^^^^^^^^^^^^

warning: associated items `generate` and `with_tag` are never used
  --> src\stubs\ebid.rs:13:12
   |
12 | impl EternalBroadcastId {
   | ----------------------- associated items in this 
implementation
13 |     pub fn generate() -> Self {
   |            ^^^^^^^^
...
21 |     pub fn with_tag(mut self, tag: String) -> Self {
   |            ^^^^^^^^

warning: struct `EbidManager` is never constructed
  --> src\stubs\ebid.rs:27:12
   |
27 | pub struct EbidManager {
   |            ^^^^^^^^^^^

warning: associated items `new` and `get_ebid` are never used
  --> src\stubs\ebid.rs:32:12
   |
31 | impl EbidManager {
   | ---------------- associated items in this implementation
32 |     pub fn new(_db: &sled::Db) -> Result<Self, String> {
   |            ^^^
...
38 |     pub fn get_ebid(&self) -> &EternalBroadcastId {
   |            ^^^^^^^^

warning: struct `PendingReward` is never constructed
 --> src\stubs\pending_rewards.rs:6:12
  |
6 | pub struct PendingReward {
  |            ^^^^^^^^^^^^^

warning: function `load_pending_reward` is never used
  --> src\stubs\pending_rewards.rs:22:8
   |
22 | pub fn load_pending_reward(_recipient: &str) -> 
Result<Option<PendingReward>, String> {
   |        ^^^^^^^^^^^^^^^^^^^

warning: function `save_pending_reward` is never used
  --> src\stubs\pending_rewards.rs:26:8
   |
26 | pub fn save_pending_reward(_reward: &PendingReward) -> 
Result<(), String> {
   |        ^^^^^^^^^^^^^^^^^^^

warning: function `claim_reward` is never used
  --> src\stubs\pending_rewards.rs:30:8
   |
30 | pub fn claim_reward(_recipient: &str) -> Result<u128, String> 
{
   |        ^^^^^^^^^^^^

warning: struct `OraclePrice` is never constructed
 --> src\stubs\oracle.rs:6:12
  |
6 | pub struct OraclePrice {
  |            ^^^^^^^^^^^

warning: function `get_price` is never used
  --> src\stubs\oracle.rs:22:8
   |
22 | pub fn get_price(_symbol: &str) -> Result<OraclePrice, 
String> {
   |        ^^^^^^^^^

warning: function `get_latest_price` is never used
  --> src\stubs\oracle.rs:26:8
   |
26 | pub fn get_latest_price(_symbol: &str) -> Option<f64> {
   |        ^^^^^^^^^^^^^^^^

warning: function `update_price` is never used
  --> src\stubs\oracle.rs:30:8
   |
30 | pub fn update_price(_symbol: &str, _price: f64) -> Result<(), 
String> {
   |        ^^^^^^^^^^^^

warning: calls to `std::mem::drop` with a reference instead of an 
owned value does nothing
    --> src\main.rs:3747:13
     |
3747 |             drop(miner_bal); // Release borrow before 
calling chain methods
     |             ^^^^^---------^
     |                  |
     |                  argument has type `&mut u128`
     |
     = note: `#[warn(dropping_references)]` on by default
help: use `let _ = ...` to ignore the expression or result
     |
3747 -             drop(miner_bal); // Release borrow before 
calling chain methods
3747 +             let _ = miner_bal; // Release borrow before 
calling chain methods
     |

warning: `vision-node` (bin "vision-node") generated 397 warnings 
(run `cargo fix --bin "vision-node"` to apply 36 suggestions)
    Finished `release` profile [optimized] target(s) in 6m 18s
