cargo : error[E0432]: unresolved 
import `p2p_config::P2PConfig`
At line:1 char:33
+ ... Location "C:\vision-node"; 
cargo build --release --quiet 2>&1 | 
Tee-O ...
+                                
~~~~~~~~~~~~~~~~~~~~~~~~~~~~~~~~~~
    + CategoryInfo          : NotSpe 
   cified: (error[E0432]: u...fig::  
  P2PConfig`:String) [], RemoteExc   
 eption
    + FullyQualifiedErrorId : Native 
   CommandError
 
   --> src\p2p\mod.rs:141:9
    |
141 | pub use p2p_config::P2PConfig;
    |         ^^^^^^^^^^^^^^^^^^^^^ 
no `P2PConfig` in `p2p::p2p_config`

error[E0433]: failed to resolve: 
could not find `PeerState` in `p2p`
    --> src\p2p\connection.rs:1402:75
     |
1402 |             crate::PEER_MANAGE
R.update_peer_state(&peer_ebid, crate
::p2p::PeerState::Disconnected).await
;
     |                               
                                     
       ^^^^^^^^^ could not find 
`PeerState` in `p2p`
     |
help: consider importing one of 
these items
     |
  34 + use 
crate::p2p::peer_manager::PeerState;
     |
  34 + use 
crate::p2p::sync::PeerState;
     |
help: if you import `PeerState`, 
refer to it directly
     |
1402 -             crate::PEER_MANAGE
R.update_peer_state(&peer_ebid, crate
::p2p::PeerState::Disconnected).await
;
1402 +             crate::PEER_MANAGE
R.update_peer_state(&peer_ebid, 
PeerState::Disconnected).await;
     |

error[E0433]: failed to resolve: 
could not find `PeerState` in `p2p`
    --> src\p2p\connection.rs:1440:60
     |
1440 |                 
.update_peer_state(&peer_ebid, 
crate::p2p::PeerState::Disconnected)
     |                               
                             
^^^^^^^^^ could not find `PeerState` 
in `p2p`
     |
help: consider importing one of 
these items
     |
  34 + use 
crate::p2p::peer_manager::PeerState;
     |
  34 + use 
crate::p2p::sync::PeerState;
     |
help: if you import `PeerState`, 
refer to it directly
     |
1440 -                 
.update_peer_state(&peer_ebid, 
crate::p2p::PeerState::Disconnected)
1440 +                 
.update_peer_state(&peer_ebid, 
PeerState::Disconnected)
     |

error[E0433]: failed to resolve: 
could not find `Peer` in `p2p`
    --> src\p2p\connection.rs:2242:36
     |
2242 |         let new_peer = crate::
p2p::Peer::new(peer_addr.ip().to_stri
ng(), peer_port, ebid.clone());
     |                               
     ^^^^ could not find `Peer` in 
`p2p`
     |
help: consider importing this struct
     |
  34 + use 
crate::p2p::peer_manager::Peer;
     |
help: if you import `Peer`, refer to 
it directly
     |
2242 -         let new_peer = crate::
p2p::Peer::new(peer_addr.ip().to_stri
ng(), peer_port, ebid.clone());
2242 +         let new_peer = Peer::n
ew(peer_addr.ip().to_string(), 
peer_port, ebid.clone());
     |

error[E0433]: failed to resolve: 
could not find `PeerState` in `p2p`
    --> src\p2p\connection.rs:2248:66
     |
2248 |         crate::PEER_MANAGER.up
date_peer_state(&ebid, crate::p2p::Pe
erState::Connected).await;
     |                               
                                   
^^^^^^^^^ could not find `PeerState` 
in `p2p`
     |
help: consider importing one of 
these items
     |
  34 + use 
crate::p2p::peer_manager::PeerState;
     |
  34 + use 
crate::p2p::sync::PeerState;
     |
help: if you import `PeerState`, 
refer to it directly
     |
2248 -         crate::PEER_MANAGER.up
date_peer_state(&ebid, crate::p2p::Pe
erState::Connected).await;
2248 +         crate::PEER_MANAGER.up
date_peer_state(&ebid, 
PeerState::Connected).await;
     |

error[E0433]: failed to resolve: 
could not find `Peer` in `p2p`
    --> src\p2p\connection.rs:2614:36
     |
2614 |         let new_peer = crate::
p2p::Peer::new(sock_addr.ip().to_stri
ng(), peer_port, ebid.clone());
     |                               
     ^^^^ could not find `Peer` in 
`p2p`
     |
help: consider importing this struct
     |
  34 + use 
crate::p2p::peer_manager::Peer;
     |
help: if you import `Peer`, refer to 
it directly
     |
2614 -         let new_peer = crate::
p2p::Peer::new(sock_addr.ip().to_stri
ng(), peer_port, ebid.clone());
2614 +         let new_peer = Peer::n
ew(sock_addr.ip().to_string(), 
peer_port, ebid.clone());
     |

error[E0433]: failed to resolve: 
could not find `PeerState` in `p2p`
    --> src\p2p\connection.rs:2620:81
     |
2620 |         crate::PEER_MANAGER.up
date_peer_state(&peer_handshake.ebid,
 crate::p2p::PeerState::Connected).aw
ait;
     |                               
                                     
             ^^^^^^^^^ could not 
find `PeerState` in `p2p`
     |
help: consider importing one of 
these items
     |
  34 + use 
crate::p2p::peer_manager::PeerState;
     |
  34 + use 
crate::p2p::sync::PeerState;
     |
help: if you import `PeerState`, 
refer to it directly
     |
2620 -         crate::PEER_MANAGER.up
date_peer_state(&peer_handshake.ebid,
 crate::p2p::PeerState::Connected).aw
ait;
2620 +         crate::PEER_MANAGER.up
date_peer_state(&peer_handshake.ebid,
 PeerState::Connected).await;
     |

error[E0433]: failed to resolve: 
could not find `PeerBucket` in `p2p`
   --> 
src\p2p\health_monitor.rs:164:73
    |
164 |         let hot_count = 
peers.iter().filter(|p| p.bucket == 
crate::p2p::PeerBucket::Hot).count();
    |                                
                                     
    ^^^^^^^^^^ could not find 
`PeerBucket` in `p2p`
    |
help: consider importing this enum
    |
  6 + use 
crate::p2p::peer_manager::PeerBucket;
    |
help: if you import `PeerBucket`, 
refer to it directly
    |
164 -         let hot_count = 
peers.iter().filter(|p| p.bucket == 
crate::p2p::PeerBucket::Hot).count();
164 +         let hot_count = 
peers.iter().filter(|p| p.bucket == 
PeerBucket::Hot).count();
    |

error[E0433]: failed to resolve: 
could not find `PeerBucket` in `p2p`
   --> 
src\p2p\health_monitor.rs:178:74
    |
178 |         let cold_count = 
peers.iter().filter(|p| p.bucket == c
rate::p2p::PeerBucket::Cold).count();
    |                                
                                     
     ^^^^^^^^^^ could not find 
`PeerBucket` in `p2p`
    |
help: consider importing this enum
    |
  6 + use 
crate::p2p::peer_manager::PeerBucket;
    |
help: if you import `PeerBucket`, 
refer to it directly
    |
178 -         let cold_count = 
peers.iter().filter(|p| p.bucket == c
rate::p2p::PeerBucket::Cold).count();
178 +         let cold_count = 
peers.iter().filter(|p| p.bucket == 
PeerBucket::Cold).count();
    |

error[E0412]: cannot find type 
`StatusCode` in this scope
   --> src\api\website_api.rs:350:103
    |
350 | pub async fn 
post_guardian(Json(_payload): 
Json<serde_json::Value>) -> 
Result<Json<GuardianResponse>, 
StatusCode> {
    |                                
                                     
                                  
^^^^^^^^^^ not found in this scope
    |
help: consider importing one of 
these structs
    |
  4 + use crate::StatusCode;
    |
  4 + use reqwest::StatusCode;
    |

error[E0412]: cannot find type 
`PeerManager` in module `p2p`
    --> src\main.rs:3436:36
     |
3436 | static PEER_MANAGER: 
Lazy<Arc<p2p::PeerManager>> = 
Lazy::new(|| {
     |                               
     ^^^^^^^^^^^ not found in `p2p`
     |
help: consider importing this struct
     |
  23 + use crate::p2p::peer_manager::
PeerManager;
     |
help: if you import `PeerManager`, 
refer to it directly
     |
3436 - static PEER_MANAGER: 
Lazy<Arc<p2p::PeerManager>> = 
Lazy::new(|| {
3436 + static PEER_MANAGER: 
Lazy<Arc<PeerManager>> = 
Lazy::new(|| {
     |

error[E0433]: failed to resolve: 
could not find `PeerManager` in `p2p`
    --> src\main.rs:3440:19
     |
3440 |     Arc::new(p2p::PeerManager:
:with_storage(db))
     |                   ^^^^^^^^^^^ 
could not find `PeerManager` in `p2p`
     |
help: consider importing this struct
     |
  23 + use crate::p2p::peer_manager::
PeerManager;
     |
help: if you import `PeerManager`, 
refer to it directly
     |
3440 -     Arc::new(p2p::PeerManager:
:with_storage(db))
3440 +     Arc::new(PeerManager::with
_storage(db))
     |

error[E0425]: cannot find function 
`ensure_node_wallet_consistency` in 
module `p2p`
    --> src\main.rs:3532:10
     |
3532 |     p2p::ensure_node_wallet_co
nsistency(db, wallet_address)?;
     |          
^^^^^^^^^^^^^^^^^^^^^^^^^^^^^^ not 
found in `p2p`
     |
help: consider importing this 
function
     |
  23 + use crate::p2p::node_id::ensur
e_node_wallet_consistency;
     |
help: if you import 
`ensure_node_wallet_consistency`, 
refer to it directly
     |
3532 -     p2p::ensure_node_wallet_co
nsistency(db, wallet_address)?;
3532 +     
ensure_node_wallet_consistency(db, 
wallet_address)?;
     |

error[E0425]: cannot find function 
`load_or_create_node_id` in module 
`p2p`
    --> src\main.rs:3535:24
     |
3535 |     let node_id = 
p2p::load_or_create_node_id(db, 
wallet_address)?;
     |                        
^^^^^^^^^^^^^^^^^^^^^^ not found in 
`p2p`
     |
help: consider importing this 
function
     |
  23 + use crate::p2p::node_id::load_
or_create_node_id;
     |
help: if you import 
`load_or_create_node_id`, refer to 
it directly
     |
3535 -     let node_id = 
p2p::load_or_create_node_id(db, 
wallet_address)?;
3535 +     let node_id = 
load_or_create_node_id(db, 
wallet_address)?;
     |

error: unused import: 
`super::sync::build_block_locator`
  --> src\p2p\routes.rs:18:5
   |
18 | use 
super::sync::build_block_locator;
   |     
^^^^^^^^^^^^^^^^^^^^^^^^^^^^^^^^
   |
note: the lint level is defined here
  --> src\main.rs:4:41
   |
 4 | 
#![cfg_attr(not(debug_assertions), 
deny(unused_imports))]
   |                                 
        ^^^^^^^^^^^^^^

error: unused import: `Serialize`
 --> src\pool\routes.rs:7:26
  |
7 | use serde::{Deserialize, 
Serialize};
  |                          
^^^^^^^^^

error: unused import: 
`worker_client::PoolWorker`
  --> src\pool\mod.rs:16:9
   |
16 | pub use 
worker_client::PoolWorker;
   |         
^^^^^^^^^^^^^^^^^^^^^^^^^

error: unused imports: `PoolJob`, 
`RegistrationRequest`, and 
`ShareSubmission`
  --> src\pool\mod.rs:18:20
   |
18 | pub use protocol::{PoolJob, 
ShareSubmission, 
RegistrationRequest};
   |                    ^^^^^^^  
^^^^^^^^^^^^^^^  ^^^^^^^^^^^^^^^^^^^

error: unused imports: `Chain` and 
`PROM_P2P_PEERS`
 --> src\api\website_api.rs:9:27
  |
9 | use crate::{CHAIN, PEERS, 
PROM_P2P_PEERS, HEALTH_DB, 
GUARDIAN_CONSCIOUSNESS, Chain};
  |                           
^^^^^^^^^^^^^^                       
              ^^^^^

error: unused import: `IntoResponse`
  --> src\api\discord_oauth.rs:12:16
   |
12 |     response::{IntoResponse, 
Redirect},
   |                ^^^^^^^^^^^^

error: unused import: 
`crate::p2p::reputation`
  --> src\api\routing_api.rs:25:5
   |
25 | use crate::p2p::reputation;
   |     ^^^^^^^^^^^^^^^^^^^^^^

error: unused import: 
`website_api::website_api_router`
  --> src\api\mod.rs:13:9
   |
13 | pub use 
website_api::website_api_router;
   |         
^^^^^^^^^^^^^^^^^^^^^^^^^^^^^^^

error: unused imports: 
`DiscordOAuthState`, 
`discord_callback`, `discord_login`, 
and `discord_status`
  --> src\api\mod.rs:14:25
   |
14 | pub use 
discord_oauth::{DiscordOAuthState, 
discord_login, discord_callback, 
discord_status, 
init_discord_links_db};
   |                         
^^^^^^^^^^^^^^^^^  ^^^^^^^^^^^^^  
^^^^^^^^^^^^^^^^  ^^^^^^^^^^^^^^

error: unused imports: `Transaction` 
and `calculate_merkle_root`
  --> src\consensus_pow\mod.rs:13:39
   |
13 | pub use 
block_builder::{BlockBuilder, 
Transaction, calculate_merkle_root};
   |                                 
      ^^^^^^^^^^^  
^^^^^^^^^^^^^^^^^^^^^

error: unused import: 
`calculate_next_difficulty`
  --> src\consensus_pow\mod.rs:14:59
   |
14 | pub use 
difficulty::{DifficultyConfig, 
DifficultyTracker, 
calculate_next_difficulty};
   |                                 
                          
^^^^^^^^^^^^^^^^^^^^^^^^^

error: unused import: `RecentBlock`
  --> src\consensus_pow\mod.rs:15:61
   |
15 | pub use 
submit::{BlockSubmitter, 
SubmitResult, MiningStats, 
RecentBlock};
   |                                 
                            
^^^^^^^^^^^

error: unused import: `SocketAddr`
  --> 
src\constellation_beacon.rs:23:16
   |
23 | use std::net::{SocketAddr, 
UdpSocket};
   |                ^^^^^^^^^^

error: unused imports: 
`is_ipv4_host`, `is_ipv4_url`, 
`peer_count`, `prune_stale_peers`, 
and `purge_ipv6_peers`
  --> src\beacon\mod.rs:10:5
   |
10 |     peer_count, 
   |     ^^^^^^^^^^
11 |     prune_stale_peers,
   |     ^^^^^^^^^^^^^^^^^
12 |     purge_ipv6_peers,
   |     ^^^^^^^^^^^^^^^^
13 |     is_ipv4_url,
   |     ^^^^^^^^^^^
14 |     is_ipv4_host
   |     ^^^^^^^^^^^^

error: unused import: `IVec`
 --> src\db_transactions.rs:7:16
  |
7 | use sled::{Db, IVec};
  |                ^^^^

error: unused imports: 
`NodeIdentity` and 
`pubkey_fingerprint`
  --> src\identity\mod.rs:13:5
   |
13 |     NodeIdentity, 
   |     ^^^^^^^^^^^^
...
18 |     pubkey_fingerprint,
   |     ^^^^^^^^^^^^^^^^^^

error: unused imports: 
`check_and_mark_nonce`, 
`clear_nonce_cache`, and 
`nonce_cache_size`
  --> src\identity\mod.rs:23:5
   |
23 |     check_and_mark_nonce,
   |     ^^^^^^^^^^^^^^^^^^^^
24 |     nonce_cache_size,
   |     ^^^^^^^^^^^^^^^^
25 |     clear_nonce_cache,
   |     ^^^^^^^^^^^^^^^^^

error: unused imports: 
`IdentityMigration` and 
`is_legacy_peer`
  --> src\identity\mod.rs:29:5
   |
29 |     IdentityMigration,
   |     ^^^^^^^^^^^^^^^^^
30 |     
check_and_migrate_legacy_identity,
31 |     is_legacy_peer,
   |     ^^^^^^^^^^^^^^

error: unused import: `AtomicUsize`
  --> 
src\guardian\consciousness.rs:12:25
   |
12 | use 
std::sync::atomic::{AtomicUsize, 
Ordering};
   |                         
^^^^^^^^^^^

error: unused import: 
`std::time::Instant`
  --> 
src\guardian\consciousness.rs:13:5
   |
13 | use std::time::Instant;
   |     ^^^^^^^^^^^^^^^^^^

error: unused imports: 
`GuardianConsciousness`, 
`GuardianMood`, `GuardianOwner`, and 
`guardian_discord_say`
  --> src\guardian\mod.rs:12:5
   |
12 |     GuardianConsciousness, 
   |     ^^^^^^^^^^^^^^^^^^^^^
13 |     GuardianMood,
   |     ^^^^^^^^^^^^
14 |     GuardianOwner,
   |     ^^^^^^^^^^^^^
15 |     guardian, 
16 |     guardian_discord_say,
   |     ^^^^^^^^^^^^^^^^^^^^

error: unused imports: 
`GuardianEvent`, 
`notify_first_block`, 
`notify_node_status`, and 
`send_guardian_event`
  --> src\guardian\mod.rs:21:5
   |
21 |     GuardianEvent,
   |     ^^^^^^^^^^^^^
22 |     send_guardian_event,
   |     ^^^^^^^^^^^^^^^^^^^
23 |     notify_first_block,
   |     ^^^^^^^^^^^^^^^^^^
24 |     notify_node_status,
   |     ^^^^^^^^^^^^^^^^^^

error: unused imports: 
`GuardianIntegrityManifest`, 
`IntegrityCheckResult`, 
`check_guardian_integrity_or_abort`, 
and `verify_guardian_integrity`
  --> src\guardian\mod.rs:28:5
   |
28 |     
check_guardian_integrity_or_abort,
   |     
^^^^^^^^^^^^^^^^^^^^^^^^^^^^^^^^^
29 |     verify_guardian_integrity,
   |     ^^^^^^^^^^^^^^^^^^^^^^^^^
30 |     GuardianIntegrityManifest,
   |     ^^^^^^^^^^^^^^^^^^^^^^^^^
31 |     IntegrityCheckResult,
   |     ^^^^^^^^^^^^^^^^^^^^

error: unused imports: 
`CreatorConfig`, `FoundersConfig`, 
`initialize_creator_config`, and 
`save_creator_config`
  --> src\guardian\mod.rs:37:5
   |
37 |     CreatorConfig, 
FoundersConfig, is_creator_address, 
load_creator_config,
   |     ^^^^^^^^^^^^^  
^^^^^^^^^^^^^^
38 |     save_creator_config, 
initialize_creator_config,
   |     ^^^^^^^^^^^^^^^^^^^  
^^^^^^^^^^^^^^^^^^^^^^^^^

error: unused imports: 
`AnomalyType`, `Anomaly`, 
`TraumaType`, and `Trauma`
 --> 
src\guardian_consciousness.rs:4:21
  |
4 | use crate::health::{Anomaly, 
AnomalyType, Trauma, TraumaType};
  |                     ^^^^^^^  
^^^^^^^^^^^  ^^^^^^  ^^^^^^^^^^

error: unused import: `error`
 --> 
src\guardian_consciousness.rs:5:27
  |
5 | use tracing::{info, warn, error};
  |                           ^^^^^

error: unused import: `warn`
  --> src\ebid.rs:10:21
   |
10 | use tracing::{info, warn};
   |                     ^^^^

error: unused import: `warn`
  --> src\legacy\mod.rs:13:21
   |
13 | use tracing::{info, warn};
   |                     ^^^^

error: unused import: `warn`
  --> 
src\governance\dev_payouts.rs:12:21
   |
12 | use tracing::{info, warn};
   |                     ^^^^

error: unused import: `warn`
  --> src\governance\mod.rs:15:21
   |
15 | use tracing::{info, warn, 
error};
   |                     ^^^^

error: unused import: 
`std::collections::HashMap`
  --> src\governance\mod.rs:16:5
   |
16 | use std::collections::HashMap;
   |     ^^^^^^^^^^^^^^^^^^^^^^^^^

error: unused imports: `Deserialize` 
and `Serialize`
 --> src\land_deeds.rs:4:13
  |
4 | use serde::{Serialize, 
Deserialize};
  |             ^^^^^^^^^  
^^^^^^^^^^^

error: unused import: 
`std::fmt::Debug`
 --> src\land_deeds.rs:5:5
  |
5 | use std::fmt::Debug;
  |     ^^^^^^^^^^^^^^^

error: unused imports: `autobuy` and 
`vault`
 --> src\market\settlement.rs:5:21
  |
5 | use crate::market::{vault, 
autobuy};
  |                     ^^^^^  
^^^^^^^

error: unused imports: `Deserialize` 
and `Serialize`
 --> src\market\deposits.rs:5:13
  |
5 | use serde::{Deserialize, 
Serialize};
  |             ^^^^^^^^^^^  
^^^^^^^^^

error: unused import: 
`DerivationPath`
  --> src\market\deposits.rs:14:19
   |
14 | use bip32::{XPrv, 
DerivationPath};
   |                   ^^^^^^^^^^^^^^

error: unused import: 
`bitcoin::Network`
  --> src\market\deposits.rs:15:5
   |
15 | use bitcoin::Network;
   |     ^^^^^^^^^^^^^^^^

error: unused import: `warn`
  --> src\airdrop\cash.rs:17:28
   |
17 | use tracing::{error, info, 
warn};
   |                            ^^^^

error: unused imports: 
`CashAirdropError` and 
`CashAirdropResult`
 --> src\airdrop\mod.rs:8:5
  |
8 |     CashAirdropError, 
CashAirdropLimits, 
CashAirdropRequest,
  |     ^^^^^^^^^^^^^^^^
9 |     CashAirdropResult, 
execute_cash_airdrop, 
get_cash_total_supply,
  |     ^^^^^^^^^^^^^^^^^

error: unused import: `IntoResponse`
 --> 
src\routes\admin_farmhand.rs:7:16
  |
7 |     response::{IntoResponse, 
Response},
  |                ^^^^^^^^^^^^

error: unused imports: `TipError` 
and `TipState`
  --> src\routes\tip.rs:18:5
   |
18 |     TipError, TipState,
   |     ^^^^^^^^  ^^^^^^^^

error: unused import: 
`std::sync::Arc`
 --> src\shutdown.rs:8:5
  |
8 | use std::sync::Arc;
  |     ^^^^^^^^^^^^^^

error: unused variable: 
`connected_count`
   --> src\p2p\bootstrap.rs:216:13
    |
216 |     let mut connected_count = 
0;
    |             ^^^^^^^^^^^^^^^ 
help: if this is intentional, prefix 
it with an underscore: 
`_connected_count`
    |
note: the lint level is defined here
   --> src\main.rs:5:41
    |
  5 | 
#![cfg_attr(not(debug_assertions), 
deny(unused_variables))]
    |                                
         ^^^^^^^^^^^^^^^^

error: variable does not need to be 
mutable
   --> src\p2p\bootstrap.rs:216:9
    |
216 |     let mut connected_count = 
0;
    |         ----^^^^^^^^^^^^^^^
    |         |
    |         help: remove this `mut`
    |
note: the lint level is defined here
   --> src\main.rs:7:41
    |
  7 | 
#![cfg_attr(not(debug_assertions), 
deny(unused_mut))]
    |                                
         ^^^^^^^^^^

error: unused variable: `addr_clone`
   --> src\p2p\seed_peers.rs:363:13
    |
363 |         let addr_clone = 
addr.clone();
    |             ^^^^^^^^^^ help: 
if this is intentional, prefix it 
with an underscore: `_addr_clone`

error: unused variable: `processed`
   --> src\p2p\peer_gossip.rs:313:13
    |
313 |     let mut processed = 0;
    |             ^^^^^^^^^ help: if 
this is intentional, prefix it with 
an underscore: `_processed`

error: variable `skipped_dupe` is 
assigned to, but never used
   --> src\p2p\peer_gossip.rs:314:13
    |
314 |     let mut skipped_dupe = 0;
    |             ^^^^^^^^^^^^
    |
    = note: consider using 
`_skipped_dupe` instead

error: variable does not need to be 
mutable
   --> src\p2p\peer_gossip.rs:313:9
    |
313 |     let mut processed = 0;
    |         ----^^^^^^^^^
    |         |
    |         help: remove this `mut`

error: unused variable: 
`connected_from_seeds`
  --> 
src\p2p\swarm_bootstrap.rs:72:13
   |
72 |         let 
connected_from_seeds = if connected_p
eers_count(&peer_manager).await == 0 
{
   |             
^^^^^^^^^^^^^^^^^^^^ help: if this 
is intentional, prefix it with an 
underscore: `_connected_from_seeds`

error: variable does not need to be 
mutable
   --> src\p2p\reputation.rs:461:19
    |
461 |         if let Ok(mut 
peer_store) = PeerStore::new(&db) {
    |                   
----^^^^^^^^^^
    |                   |
    |                   help: remove 
this `mut`

error: unused variable: `state`
  --> src\market\routes.rs:25:11
   |
25 |     State(state): 
State<MarketState>,
   |           ^^^^^ help: if this 
is intentional, prefix it with an 
underscore: `_state`

error: unused variable: `db`
   --> src\metrics.rs:201:30
    |
201 | pub async fn 
metrics_handler(db: sled::Db, 
metrics: Arc<Metrics>) -> impl 
IntoResponse {
    |                              
^^ help: if this is intentional, 
prefix it with an underscore: `_db`

error: unused variable: `e`
   --> src\metrics.rs:207:16
    |
207 |     if let Err(e) = 
encoder.encode(&metric_families, 
&mut buf) {
    |                ^ help: if this 
is intentional, prefix it with an 
underscore: `_e`

error: variable does not need to be 
mutable
     --> src\main.rs:11668:9
      |
11668 |     let mut g = CHAIN.lock();
      |         ----^
      |         |
      |         help: remove this 
`mut`

error: variable does not need to be 
mutable
     --> src\main.rs:20639:9
      |
20639 |     let mut channels = 
IBC_CHANNELS.lock();
      |         ----^^^^^^^^
      |         |
      |         help: remove this 
`mut`

error: variable does not need to be 
mutable
     --> src\main.rs:20868:9
      |
20868 |     let mut channels = 
IBC_CHANNELS.lock();
      |         ----^^^^^^^^
      |         |
      |         help: remove this 
`mut`

error: unused variable: `tx`
     --> src\main.rs:28746:9
      |
28746 |     let tx = Tx {
      |         ^^ help: if this is 
intentional, prefix it with an 
underscore: `_tx`

error: unused import: 
`stream::StreamExt`
  --> src\api\routing_api.rs:22:20
   |
22 | use 
futures_util::{stream::StreamExt, 
future::FutureExt};
   |                    
^^^^^^^^^^^^^^^^^

error: unused import: 
`bitcoincore_rpc::RpcApi`
  --> src\market\deposits.rs:17:5
   |
17 | use bitcoincore_rpc::RpcApi; // 
Import trait for RPC methods
   |     ^^^^^^^^^^^^^^^^^^^^^^^

error: unused variable: `hash`
   --> src\p2p\tx_relay.rs:300:21
    |
300 | fn check_have_block(hash: 
&str) -> bool {
    |                     ^^^^ help: 
if this is intentional, prefix it 
with an underscore: `_hash`

error: unused variable: `hash`
   --> src\p2p\tx_relay.rs:311:18
    |
311 | fn check_have_tx(hash: &str) 
-> bool {
    |                  ^^^^ help: if 
this is intentional, prefix it with 
an underscore: `_hash`

error: unused variable: `hash`
   --> src\p2p\tx_relay.rs:347:24
    |
347 | fn get_tx_from_mempool(hash: 
&str) -> Option<crate::Tx> {
    |                        ^^^^ 
help: if this is intentional, prefix 
it with an underscore: `_hash`

error: variable does not need to be 
mutable
  --> 
src\p2p\beacon_bootstrap.rs:98:19
   |
98 |         if let Ok(mut addrs) = 
addr_str.to_socket_addrs() {
   |                   ----^^^^^
   |                   |
   |                   help: remove 
this `mut`

error: variable does not need to be 
mutable
   --> 
src\p2p\beacon_bootstrap.rs:183:22
    |
183 |         .filter_map(|mut peer| 
{
    |                      ----^^^^
    |                      |
    |                      help: 
remove this `mut`

error: unused variable: `port_xor`
   --> src\p2p\external_ip.rs:203:29
    |
203 |                         let 
port_xor = 
u16::from_be_bytes([data[pos + 6], 
data[pos + 7]]);
    |                             
^^^^^^^^ help: if this is 
intentional, prefix it with an 
underscore: `_port_xor`

error: unused variable: `num`
   --> src\p2p\external_ip.rs:245:23
    |
245 |             if let Ok(num) = 
part.parse::<u8>() {
    |                       ^^^ 
help: if this is intentional, prefix 
it with an underscore: `_num`

error: unused variable: 
`total_attempts`
   --> src\p2p\reachability.rs:205:47
    |
205 |     fn 
determine_nat_type(success_count: 
u32, total_attempts: u32) -> String {
    |                                
               ^^^^^^^^^^^^^^ help: 
if this is intentional, prefix it 
with an underscore: `_total_attempts`

error: unused variable: `engine`
   --> 
src\pool\worker_client.rs:300:26
    |
300 |                 let 
Some(engine) = engine else {
    |                          
^^^^^^ help: if this is intentional, 
prefix it with an underscore: 
`_engine`

error: unused variable: `is_block`
   --> 
src\pool\worker_client.rs:368:9
    |
368 |         is_block: bool,
    |         ^^^^^^^^ help: if this 
is intentional, prefix it with an 
underscore: `_is_block`

error: variable does not need to be 
mutable
   --> src\pow\visionx.rs:288:9
    |
288 |     let mut header = 
header_with_nonce.to_vec();
    |         ----^^^^^^
    |         |
    |         help: remove this `mut`

error: variable does not need to be 
mutable
  --> src\util\cpu_info.rs:18:9
   |
18 |     let mut sys = 
System::new_all();
   |         ----^^^
   |         |
   |         help: remove this `mut`

error: unused variable: 
`our_chain_id`
  --> src\auto_sync.rs:79:27
   |
79 |         let (sync_height, 
our_chain_id, our_genesis_hash) = {
   |                           
^^^^^^^^^^^^ help: if this is 
intentional, prefix it with an 
underscore: `_our_chain_id`

error: unused variable: 
`our_genesis_hash`
  --> src\auto_sync.rs:79:41
   |
79 |         let (sync_height, 
our_chain_id, our_genesis_hash) = {
   |                                 
        ^^^^^^^^^^^^^^^^ help: if 
this is intentional, prefix it with 
an underscore: `_our_genesis_hash`

error: unused variable: 
`anchor_seeds`
  --> src\auto_sync.rs:91:13
   |
91 |         let anchor_seeds = crate
::p2p::seed_peers::SeedPeerConfig::pa
rse_anchor_seeds_from_env();
   |             ^^^^^^^^^^^^ help: 
if this is intentional, prefix it 
with an underscore: `_anchor_seeds`

error: unused variable: 
`anchor_height`
  --> src\auto_sync.rs:95:14
   |
95 |         let (anchor_height, 
network_tip_hash, anchor_sampled) = 
(0, String::new(), 0);
   |              ^^^^^^^^^^^^^ 
help: if this is intentional, prefix 
it with an underscore: 
`_anchor_height`

error: unused variable: `e`
   --> 
src\guardian\integrity.rs:106:13
    |
106 |         Err(e) => {
    |             ^ help: if this is 
intentional, prefix it with an 
underscore: `_e`

error: unused variable: `secp`
  --> src\market\deposits.rs:30:9
   |
30 |     let secp = Secp256k1::new();
   |         ^^^^ help: if this is 
intentional, prefix it with an 
underscore: `_secp`

error: unused variable: `bytes`
  --> src\passport.rs:87:9
   |
87 |     let bytes = 
passport.signing_bytes()
   |         ^^^^^ help: if this is 
intentional, prefix it with an 
underscore: `_bytes`

error: variable does not need to be 
mutable
     --> src\main.rs:20581:9
      |
20581 |     let mut channels = 
IBC_CHANNELS.lock();
      |         ----^^^^^^^^
      |         |
      |         help: remove this 
`mut`

error: variable does not need to be 
mutable
     --> src\main.rs:20607:9
      |
20607 |     let mut channels = 
IBC_CHANNELS.lock();
      |         ----^^^^^^^^
      |         |
      |         help: remove this 
`mut`

Some errors have detailed 
explanations: E0412, E0425, E0432, 
E0433.
For more information about an error, 
try `rustc --explain E0412`.
error: could not compile 
`vision-node` (bin "vision-node") 
due to 94 previous errors
