cargo :    Compiling proc-macro2 v1.0.101
At line:1 char:14
+ cargo clean; cargo build --release 2>&1 | Tee-Object -FilePath 
build_ ...
+              ~~~~~~~~~~~~~~~~~~~~~~~~~~
    + CategoryInfo          : NotSpecified: (   Compiling proc-mac 
   ro2 v1.0.101:String) [], RemoteException
    + FullyQualifiedErrorId : NativeCommandError
 
   Compiling unicode-ident v1.0.19
   Compiling cfg-if v1.0.3
   Compiling serde v1.0.227
   Compiling serde_core v1.0.227
   Compiling version_check v0.9.5
   Compiling autocfg v1.5.0
   Compiling once_cell v1.21.3
   Compiling getrandom v0.2.16
   Compiling smallvec v1.15.1
   Compiling shlex v1.3.0
   Compiling windows_x86_64_msvc v0.52.6
   Compiling find-msvc-tools v0.1.2
   Compiling typenum v1.18.0
   Compiling itoa v1.0.15
   Compiling subtle v2.6.1
   Compiling generic-array v0.14.7
   Compiling windows-targets v0.52.6
   Compiling zerocopy v0.8.27
   Compiling const-oid v0.9.6
   Compiling memchr v2.7.6
   Compiling log v0.4.28
   Compiling cc v1.2.38
   Compiling fnv v1.0.7
   Compiling lock_api v0.4.13
   Compiling quote v1.0.40
   Compiling scopeguard v1.2.0
   Compiling syn v2.0.106
   Compiling pin-project-lite v0.2.16
   Compiling parking_lot_core v0.9.11
   Compiling cpufeatures v0.2.17
   Compiling windows-sys v0.59.0
   Compiling rand_core v0.6.4
   Compiling futures-core v0.3.31
   Compiling stable_deref_trait v1.2.0
   Compiling thiserror v1.0.69
   Compiling parking_lot v0.12.4
   Compiling libc v0.2.176
   Compiling futures-sink v0.3.31
   Compiling equivalent v1.0.2
   Compiling futures-io v0.3.31
   Compiling hashbrown v0.16.0
   Compiling tracing-core v0.1.34
   Compiling syn v1.0.109
   Compiling ppv-lite86 v0.2.21
   Compiling slab v0.4.11
   Compiling httparse v1.10.1
   Compiling indexmap v2.11.4
   Compiling byteorder v1.5.0
   Compiling pin-utils v0.1.0
   Compiling futures-task v0.3.31
   Compiling percent-encoding v2.3.2
   Compiling rand_chacha v0.3.1
   Compiling num-traits v0.2.19
   Compiling ident_case v1.0.1
   Compiling rand v0.8.5
   Compiling ahash v0.8.12
   Compiling mio v1.0.4
   Compiling socket2 v0.6.0
   Compiling spin v0.9.8
   Compiling ahash v0.7.8
   Compiling crossbeam-utils v0.8.21
   Compiling serde_json v1.0.145
   Compiling ryu v1.0.20
   Compiling synstructure v0.13.2
   Compiling allocator-api2 v0.2.21
   Compiling form_urlencoded v1.2.2
   Compiling indexmap v1.9.3
   Compiling hashbrown v0.14.5
   Compiling writeable v0.6.1
   Compiling litemap v0.8.0
   Compiling getrandom v0.3.3
   Compiling tower-service v0.3.3
   Compiling mime v0.3.17
   Compiling hashbrown v0.12.3
   Compiling bitflags v2.9.4
   Compiling icu_normalizer_data v2.0.0
   Compiling glob v0.3.3
   Compiling icu_properties_data v2.0.1
   Compiling httpdate v1.0.3
   Compiling windows-link v0.1.3
   Compiling hex v0.4.3
   Compiling serde_derive v1.0.227
   Compiling zeroize_derive v1.4.2
   Compiling tokio-macros v2.5.0
   Compiling thiserror-impl v1.0.69
   Compiling zerofrom-derive v0.1.6
   Compiling tracing-attributes v0.1.30
   Compiling zeroize v1.8.1
   Compiling yoke-derive v0.8.0
   Compiling futures-macro v0.3.31
   Compiling zerovec-derive v0.11.1
   Compiling tracing v0.1.41
   Compiling zerofrom v0.1.6
   Compiling displaydoc v0.2.5
   Compiling crypto-common v0.1.7
   Compiling block-buffer v0.10.4
   Compiling yoke v0.8.0
   Compiling digest v0.10.7
   Compiling futures-util v0.3.31
   Compiling lazy_static v1.5.0
   Compiling zerotrie v0.2.2
   Compiling sha1 v0.10.6
   Compiling sha2 v0.10.9
   Compiling data-encoding v2.9.0
   Compiling try-lock v0.2.5
   Compiling zerovec v0.11.4
   Compiling windows-link v0.2.0
   Compiling atomic-waker v1.1.2
   Compiling winapi v0.3.9
   Compiling utf-8 v0.7.6
   Compiling rustversion v1.0.22
   Compiling base64 v0.22.1
   Compiling want v0.3.1
   Compiling ptr_meta_derive v0.1.4
   Compiling windows-strings v0.4.2
   Compiling windows-result v0.3.4
   Compiling bytes v1.10.1
   Compiling blst v0.3.16
   Compiling tinystr v0.8.1
   Compiling potential_utf v0.1.3
   Compiling darling_core v0.21.3
   Compiling icu_collections v2.0.0
   Compiling futures-channel v0.3.31
   Compiling icu_locale_core v2.0.0
   Compiling sync_wrapper v1.0.2
   Compiling http v1.3.1
   Compiling tokio v1.47.1
   Compiling windows_x86_64_msvc v0.53.0
   Compiling tower-layer v0.3.3
   Compiling ucd-trie v0.1.7
   Compiling crunchy v0.2.4
   Compiling crc32fast v1.5.0
   Compiling bytecheck v0.6.12
   Compiling target-lexicon v0.12.16
   Compiling http-body v1.0.1
   Compiling icu_provider v2.0.0
   Compiling http-body-util v0.1.3
   Compiling icu_normalizer v2.0.0
   Compiling icu_properties v2.0.1
   Compiling pest v2.8.4
   Compiling windows-registry v0.5.3
   Compiling ptr_meta v0.1.4
   Compiling windows-sys v0.61.1
   Compiling darling_macro v0.21.3
   Compiling bytecheck_derive v0.6.12
   Compiling der v0.7.10
   Compiling ring v0.17.14
   Compiling rend v0.4.2
   Compiling simdutf8 v0.1.5
   Compiling ipnet v2.11.0
   Compiling cranelift-isle v0.91.1
   Compiling windows_x86_64_msvc v0.33.0
   Compiling darling v0.21.3
   Compiling idna_adapter v1.2.1
   Compiling signature v2.2.0
   Compiling hmac v0.12.1
   Compiling crossbeam-epoch v0.9.18
   Compiling num-integer v0.1.46
   Compiling fxhash v0.2.1
   Compiling ff v0.13.1
   Compiling windows-sys v0.52.0
   Compiling heck v0.5.0
   Compiling bitcoin-private v0.1.0
   Compiling radium v0.7.0
   Compiling cranelift-codegen-shared v0.91.1
   Compiling num_cpus v1.17.0
   Compiling utf8_iter v1.0.4
   Compiling rkyv v0.7.45
   Compiling thiserror v2.0.16
   Compiling adler2 v2.0.1
   Compiling tiny-keccak v2.0.2
   Compiling base16ct v0.2.0
   Compiling alloc-no-stdlib v2.0.4
   Compiling simd-adler32 v0.3.7
   Compiling sec1 v0.7.3
   Compiling alloc-stdlib v0.2.2
   Compiling tokio-util v0.7.16
   Compiling miniz_oxide v0.8.9
   Compiling tower v0.5.2
   Compiling idna v1.1.0
   Compiling threadpool v1.8.1
   Compiling cranelift-codegen-meta v0.91.1
   Compiling h2 v0.4.12
   Compiling group v0.13.0
   Compiling windows-targets v0.53.4
   Compiling enumset_derive v0.14.0
   Compiling alloy-rlp v0.3.12
   Compiling serde_urlencoded v0.7.1
   Compiling rand_core v0.9.3
   Compiling crypto-bigint v0.5.5
   Compiling rkyv_derive v0.7.45
   Compiling enum-iterator-derive v0.7.0
   Compiling rustls-pki-types v1.12.0
   Compiling thiserror-impl v2.0.16
   Compiling c-kzg v1.0.3
   Compiling aho-corasick v1.1.3
   Compiling secp256k1-sys v0.8.2
   Compiling corosensei v0.1.4
   Compiling memoffset v0.9.1
   Compiling cranelift-entity v0.91.1
   Compiling fallible-iterator v0.2.0
   Compiling untrusted v0.9.0
   Compiling regex-syntax v0.8.6
   Compiling seahash v4.1.0
   Compiling tap v1.0.1
   Compiling windows_x86_64_msvc v0.48.5
   Compiling leb128 v0.2.5
   Compiling convert_case v0.4.0
   Compiling rayon-core v1.13.0
   Compiling winnow v0.7.13
   Compiling strsim v0.11.1
   Compiling hyper v1.7.0
   Compiling ruint-macro v1.2.1
   Compiling ruint v1.17.0
   Compiling regex-automata v0.4.13
   Compiling toml_parser v1.0.4
   Compiling hyper-util v0.1.17
   Compiling derive_more v0.99.20
   Compiling darling_core v0.20.11
   Compiling wyz v0.5.1
   Compiling elliptic-curve v0.13.8
   Compiling cranelift-codegen v0.91.1
   Compiling enum-iterator v0.7.0
   Compiling enumset v1.1.10
   Compiling rand_chacha v0.9.0
   Compiling windows-sys v0.33.0
   Compiling windows-sys v0.60.2
   Compiling url v2.5.7
   Compiling flate2 v1.1.5
   Compiling brotli-decompressor v5.0.0
   Compiling crossbeam-deque v0.8.6
   Compiling num-bigint v0.4.6
   Compiling rfc6979 v0.4.0
   Compiling spki v0.7.3
   Compiling pest_meta v2.8.4
   Compiling async-trait v0.1.89
   Compiling secp256k1-sys v0.9.2
   Compiling const-hex v1.17.0
   Compiling multer v3.1.0
   Compiling proc-macro-error-attr v1.0.4
   Compiling encoding_rs v0.8.35
   Compiling toml_datetime v0.7.3
   Compiling semver v1.0.27
   Compiling more-asserts v0.2.2
   Compiling bitflags v1.3.2
   Compiling arrayvec v0.7.6
   Compiling slice-group-by v0.3.1
   Compiling rustls v0.23.32
   Compiling xxhash-rust v0.8.15
   Compiling hex-literal v0.4.1
   Compiling rustc-demangle v0.1.26
   Compiling hex_lit v0.1.1
   Compiling funty v2.0.0
   Compiling unicase v2.8.1
   Compiling native-tls v0.2.14
   Compiling backtrace v0.3.75
   Compiling mime_guess v2.0.5
   Compiling bitvec v1.0.1
   Compiling regalloc2 v0.5.1
   Compiling wasmer-types v4.4.0
   Compiling alloy-primitives v0.7.7
   Compiling rustc_version v0.4.1
   Compiling region v3.0.2
   Compiling num-rational v0.4.2
   Compiling toml_edit v0.23.7
   Compiling pest_generator v2.8.4
   Compiling brotli v8.0.2
   Compiling ecdsa v0.16.9
   Compiling bitcoin_hashes v0.12.0
   Compiling rustls-webpki v0.103.6
   Compiling async-graphql-value v7.0.17
   Compiling rand v0.9.2
   Compiling darling_macro v0.20.11
   Compiling regex v1.12.2
   Compiling gimli v0.26.2
   Compiling cranelift-bforest v0.91.1
   Compiling cranelift-egraph v0.91.1
   Compiling schannel v0.1.28
   Compiling strum_macros v0.26.4
   Compiling num-iter v0.1.45
   Compiling derivative v2.2.0
   Compiling enumn v0.1.14
   Compiling auto_impl v1.3.0
   Compiling dashmap v6.1.0
   Compiling crossbeam-queue v0.3.12
   Compiling num-complex v0.4.6
   Compiling serde_path_to_error v0.1.20
   Compiling secp256k1-sys v0.6.1
   Compiling proc-macro-error v1.0.4
   Compiling parking_lot_core v0.8.6
   Compiling memmap2 v0.6.2
   Compiling bech32 v0.9.1
   Compiling vcpkg v0.2.15
   Compiling dyn-clone v1.0.20
   Compiling utf8parse v0.2.2
   Compiling pkg-config v0.3.32
   Compiling anstyle v1.0.11
   Compiling compression-core v0.4.30
   Compiling once_cell_polyfill v1.70.1
   Compiling bitcoin v0.30.2
   Compiling either v1.15.0
   Compiling bumpalo v3.19.0
   Compiling fastrand v2.3.0
   Compiling rayon v1.11.0
   Compiling wasmparser v0.121.2
   Compiling anstyle-wincon v3.0.10
   Compiling compression-codecs v0.4.32
   Compiling libsqlite3-sys v0.26.0
   Compiling strum v0.26.3
   Compiling revm-primitives v3.1.1
   Compiling anstyle-parse v0.2.7
   Compiling wasmer-vm v4.4.0
   Compiling Inflector v0.11.4
   Compiling shared-buffer v0.1.4
   Compiling num v0.4.3
   Compiling tungstenite v0.28.0
   Compiling darling v0.20.11
   Compiling windows-targets v0.48.5
   Compiling async-graphql-parser v7.0.17
   Compiling secp256k1 v0.27.0
   Compiling pest_derive v2.8.4
   Compiling k256 v0.13.4
   Compiling proc-macro-crate v3.4.0
   Compiling curve25519-dalek v4.1.3
   Compiling anstyle-query v1.1.4
   Compiling wasm-encoder v0.32.0
   Compiling tungstenite v0.24.0
   Compiling ripemd v0.1.3
   Compiling async-stream-impl v0.3.6
   Compiling instant v0.1.13
   Compiling unicode-width v0.1.14
   Compiling rustc-hex v2.1.0
   Compiling ntapi v0.4.1
   Compiling wasmer-compiler-cranelift v4.4.0
   Compiling colorchoice v1.0.4
   Compiling protobuf v3.7.2
   Compiling self_cell v1.2.1
   Compiling ascii_utils v0.9.3
   Compiling is_terminal_polyfill v1.70.1
   Compiling wasmer-compiler v4.4.0
   Compiling wast v64.0.0
   Compiling anstream v0.6.20
   Compiling fast_chemail v0.9.6
   Compiling substrate-bn v0.6.0
   Compiling async-stream v0.3.6
   Compiling async-graphql-derive v7.0.17
   Compiling tokio-tungstenite v0.24.0
   Compiling tokio-rustls v0.26.3
   Compiling handlebars v5.1.2
   Compiling cranelift-frontend v0.91.1
   Compiling secp256k1 v0.28.2
   Compiling tokio-tungstenite v0.28.0
   Compiling windows-sys v0.48.0
   Compiling tokio-native-tls v0.3.1
   Compiling aurora-engine-modexp v1.2.0
   Compiling async-compression v0.4.33
   Compiling tempfile v3.23.0
   Compiling axum-core v0.4.5
   Compiling webpki-roots v1.0.2
   Compiling axum-core v0.5.5
   Compiling headers-core v0.3.0
   Compiling http v0.2.12
   Compiling serde_spanned v0.6.9
   Compiling toml_datetime v0.6.11
   Compiling protobuf-support v3.7.2
   Compiling curve25519-dalek-derive v0.1.1
   Compiling blake3 v1.8.2
   Compiling windows-core v0.52.0
   Compiling anyhow v1.0.100
   Compiling iri-string v0.7.8
   Compiling wildmatch v1.1.0
   Compiling matchit v0.7.3
   Compiling matchit v0.8.4
   Compiling xml-rs v0.8.28
   Compiling toml_write v0.1.2
   Compiling base64 v0.13.1
   Compiling static_assertions_next v1.1.2
   Compiling futures-timer v3.0.3
   Compiling battery v0.7.8
   Compiling clap_lex v0.7.5
   Compiling option-ext v0.2.0
   Compiling bitcoin_hashes v0.11.0
   Compiling prometheus v0.14.0
   Compiling http-range-header v0.4.2
   Compiling clap_builder v4.5.48
   Compiling tower-http v0.6.6
   Compiling dirs-sys v0.4.1
   Compiling jsonrpc v0.14.1
   Compiling async-graphql v7.0.17
   Compiling xmltree v0.10.3
   Compiling toml_edit v0.22.27
   Compiling secp256k1 v0.24.3
   Compiling axum v0.8.7
   Compiling windows v0.52.0
   Compiling axum v0.7.9
   Compiling attohttpc v0.16.3
   Compiling headers v0.4.1
   Compiling hyper-rustls v0.27.7
   Compiling revm-precompile v6.0.0
   Compiling hyper-tls v0.6.0
   Compiling bitcoincore-rpc-json v0.17.0
   Compiling wasmer-derive v4.4.0
   Compiling wat v1.0.71
   Compiling parking_lot v0.11.2
   Compiling revm-interpreter v4.0.0
   Compiling tungstenite v0.21.0
   Compiling matchers v0.2.0
   Compiling nu-ansi-term v0.50.1
   Compiling tokio-stream v0.1.17
   Compiling clap_derive v4.5.47
   Compiling fs2 v0.4.3
   Compiling ed25519 v2.2.3
   Compiling pbkdf2 v0.12.2
   Compiling ipnetwork v0.18.0
   Compiling bs58 v0.5.1
   Compiling sharded-slab v0.1.7
   Compiling hashlink v0.8.4
   Compiling uom v0.30.0
   Compiling tracing-log v0.2.0
   Compiling thread_local v1.1.9
   Compiling constant_time_eq v0.3.1
   Compiling match_cfg v0.1.0
   Compiling fallible-streaming-iterator v0.1.9
   Compiling vision-node v1.0.3 (C:\vision-node)
   Compiling arrayref v0.3.9
   Compiling rusqlite v0.29.0
   Compiling clap v4.5.48
   Compiling tracing-subscriber v0.3.20
   Compiling hostname v0.3.1
   Compiling bip32 v0.5.3
   Compiling maxminddb v0.23.0
   Compiling ed25519-dalek v2.2.0
   Compiling async-graphql-axum v7.0.17
   Compiling sled v0.34.7
   Compiling bitcoincore-rpc v0.17.0
   Compiling tokio-tungstenite v0.21.0
   Compiling revm v8.0.0
   Compiling wasmer v4.4.0
   Compiling axum-extra v0.9.6
   Compiling reqwest v0.12.23
   Compiling igd v0.12.1
   Compiling toml v0.8.23
   Compiling bitcoin v0.29.2
   Compiling dirs v5.0.1
   Compiling zip v0.6.6
   Compiling chrono v0.4.42
   Compiling uuid v1.18.1
   Compiling bincode v1.3.3
   Compiling dashmap v5.5.3
   Compiling urlencoding v2.1.3
   Compiling siphasher v1.0.1
   Compiling base64 v0.21.7
   Compiling sysinfo v0.30.13
warning: unused import: `SigningKey`
  --> src\main.rs:57:40
   |
57 | use ed25519_dalek::{Signature, Signer, SigningKey, Verifier, 
VerifyingKey};
   |                                        ^^^^^^^^^^
   |
   = note: `#[warn(unused_imports)]` on by default

warning: unused import: `http::StatusCode`
 --> src\api\website_api.rs:4:28
  |
4 | use axum::{extract::Query, http::StatusCode, Json};
  |                            ^^^^^^^^^^^^^^^^

warning: unused import: `GUARDIAN_CONSCIOUSNESS`
 --> src\api\website_api.rs:9:20
  |
9 | use crate::{CHAIN, GUARDIAN_CONSCIOUSNESS, HEALTH_DB, PEERS};
  |                    ^^^^^^^^^^^^^^^^^^^^^^

warning: unused import: `discord_oauth::init_discord_links_db`
  --> src\api\mod.rs:21:9
   |
21 | pub use discord_oauth::init_discord_links_db;
   |         ^^^^^^^^^^^^^^^^^^^^^^^^^^^^^^^^^^^^

warning: unused import: `serde_json::json`
  --> src\auto_sync.rs:13:5
   |
13 | use serde_json::json;
   |     ^^^^^^^^^^^^^^^^

warning: unused import: `crate::BlockHeader`
 --> src\consensus_pow\block_builder.rs:8:5
  |
8 | use crate::BlockHeader;
  |     ^^^^^^^^^^^^^^^^^^

warning: unused imports: `local_fingerprint`, `local_node_id`, and 
`local_pubkey_b64`
  --> src\identity\mod.rs:12:25
   |
12 |     init_node_identity, local_fingerprint, local_node_id, 
local_node_identity, local_pubkey_b64,
   |                         ^^^^^^^^^^^^^^^^^  ^^^^^^^^^^^^^      
                 ^^^^^^^^^^^^^^^^

warning: unused import: 
`migration::check_and_migrate_legacy_identity`
  --> src\identity\mod.rs:16:9
   |
16 | pub use migration::check_and_migrate_legacy_identity;
   |         ^^^^^^^^^^^^^^^^^^^^^^^^^^^^^^^^^^^^^^^^^^^^

warning: unused import: `Ordering as AtomicOrdering`
    --> src\p2p\connection.rs:1843:45
     |
1843 |         use std::sync::atomic::{AtomicBool, Ordering as 
AtomicOrdering};
     |                                             
^^^^^^^^^^^^^^^^^^^^^^^^^^

warning: unused import: `std::sync::Arc`
  --> src\p2p\seed_peers.rs:10:5
   |
10 | use std::sync::Arc;
   |     ^^^^^^^^^^^^^^

warning: variant `HandshakeFailed_ChainId` should have an upper 
camel case name
  --> src\p2p\peer_connect_report.rs:27:5
   |
27 |     HandshakeFailed_ChainId,
   |     ^^^^^^^^^^^^^^^^^^^^^^^ help: convert the identifier to 
upper camel case: `HandshakeFailedChainId`
   |
   = note: `#[warn(non_camel_case_types)]` on by default

warning: variant `HandshakeFailed_Version` should have an upper 
camel case name
  --> src\p2p\peer_connect_report.rs:28:5
   |
28 |     HandshakeFailed_Version,
   |     ^^^^^^^^^^^^^^^^^^^^^^^ help: convert the identifier to 
upper camel case: `HandshakeFailedVersion`

warning: variant `HandshakeFailed_IncompatibleChain` should have 
an upper camel case name
  --> src\p2p\peer_connect_report.rs:29:5
   |
29 |     HandshakeFailed_IncompatibleChain,
   |     ^^^^^^^^^^^^^^^^^^^^^^^^^^^^^^^^^ help: convert the 
identifier to upper camel case: `HandshakeFailedIncompatibleChain`

warning: variant `HandshakeFailed_Other` should have an upper 
camel case name
  --> src\p2p\peer_connect_report.rs:30:5
   |
30 |     HandshakeFailed_Other,
   |     ^^^^^^^^^^^^^^^^^^^^^ help: convert the identifier to 
upper camel case: `HandshakeFailedOther`

warning: unused import: `connection::P2PConnectionManager`
   --> src\p2p\mod.rs:146:9
    |
146 | pub use connection::P2PConnectionManager;
    |         ^^^^^^^^^^^^^^^^^^^^^^^^^^^^^^^^

warning: unused imports: `ensure_node_wallet_consistency` and 
`load_or_create_node_id`
   --> src\p2p\mod.rs:147:19
    |
147 | pub use node_id::{ensure_node_wallet_consistency, 
load_or_create_node_id};
    |                   ^^^^^^^^^^^^^^^^^^^^^^^^^^^^^^  
^^^^^^^^^^^^^^^^^^^^^^

warning: unused import: `PeerManager`
   --> src\p2p\mod.rs:148:42
    |
148 | pub use peer_manager::{Peer, PeerBucket, PeerManager, 
PeerState};
    |                                          ^^^^^^^^^^^

warning: unused import: `crate::external_rpc::ExternalChain`
  --> src\tx_builder.rs:11:5
   |
11 | use crate::external_rpc::ExternalChain;
   |     ^^^^^^^^^^^^^^^^^^^^^^^^^^^^^^^^^^

warning: unused import: `crate::utxo_manager::UtxoManager`
  --> src\tx_builder.rs:12:5
   |
12 | use crate::utxo_manager::UtxoManager;
   |     ^^^^^^^^^^^^^^^^^^^^^^^^^^^^^^^^

warning: unexpected `cfg` condition value: `dev-signing`
  --> src\tx_builder.rs:24:11
   |
24 |     #[cfg(feature = "dev-signing")]
   |           ^^^^^^^^^^^^^^^^^^^^^^^
   |
   = note: expected values for `feature` are: `archive`, `bip32`, 
`bitcoin`, `bitcoincore-rpc`, `default`, `farm`, `full`, 
`guardian`, `hwloc`, `hwloc2`, `launch-core`, `lite`, 
`market-tests-disabled`, `miner-tuning`, `multi-currency`, 
`resilience`, `staged`, `staging`, and `tokenomics-v2`
   = help: consider adding `dev-signing` as a feature in 
`Cargo.toml`
   = note: see <https://doc.rust-lang.org/nightly/rustc/check-cfg/c
argo-specifics.html> for more information about checking 
conditional configuration
   = note: `#[warn(unexpected_cfgs)]` on by default

warning: unused import: `crate::tokenomics::split_50_30_20`
 --> src\vault\router.rs:7:5
  |
7 | use crate::tokenomics::split_50_30_20;
  |     ^^^^^^^^^^^^^^^^^^^^^^^^^^^^^^^^^

warning: unused import: `crate::foundation_config`
  --> src\vault\withdrawals.rs:10:5
   |
10 | use crate::foundation_config;
   |     ^^^^^^^^^^^^^^^^^^^^^^^^

warning: unused imports: `VaultBucket` and `VaultStore`
  --> src\vault\mod.rs:16:17
   |
16 | pub use store::{VaultBucket, VaultStore};
   |                 ^^^^^^^^^^^  ^^^^^^^^^^

warning: unused import: `std::sync::Arc`
  --> src\withdrawals.rs:34:5
   |
34 | use std::sync::Arc;
   |     ^^^^^^^^^^^^^^

warning: unused import: `crate::tx_builder::TransactionBuilder`
  --> src\withdrawals.rs:39:5
   |
39 | use crate::tx_builder::TransactionBuilder;
   |     ^^^^^^^^^^^^^^^^^^^^^^^^^^^^^^^^^^^^^

warning: unused import: `crate::utxo_manager::UtxoManager`
  --> src\withdrawals.rs:40:5
   |
40 | use crate::utxo_manager::UtxoManager;
   |     ^^^^^^^^^^^^^^^^^^^^^^^^^^^^^^^^

warning: unexpected `cfg` condition value: `dev-signing`
   --> src\withdrawals.rs:132:11
    |
132 |     #[cfg(feature = "dev-signing")]
    |           ^^^^^^^^^^^^^^^^^^^^^^^
    |
    = note: expected values for `feature` are: `archive`, `bip32`, 
`bitcoin`, `bitcoincore-rpc`, `default`, `farm`, `full`, 
`guardian`, `hwloc`, `hwloc2`, `launch-core`, `lite`, 
`market-tests-disabled`, `miner-tuning`, `multi-currency`, 
`resilience`, `staged`, `staging`, and `tokenomics-v2`
    = help: consider adding `dev-signing` as a feature in 
`Cargo.toml`
    = note: see <https://doc.rust-lang.org/nightly/rustc/check-cfg/
cargo-specifics.html> for more information about checking 
conditional configuration

warning: unexpected `cfg` condition value: `dev-signing`
   --> src\withdrawals.rs:161:15
    |
161 |     #[cfg(not(feature = "dev-signing"))]
    |               ^^^^^^^^^^^^^^^^^^^^^^^
    |
    = note: expected values for `feature` are: `archive`, `bip32`, 
`bitcoin`, `bitcoincore-rpc`, `default`, `farm`, `full`, 
`guardian`, `hwloc`, `hwloc2`, `launch-core`, `lite`, 
`market-tests-disabled`, `miner-tuning`, `multi-currency`, 
`resilience`, `staged`, `staging`, and `tokenomics-v2`
    = help: consider adding `dev-signing` as a feature in 
`Cargo.toml`
    = note: see <https://doc.rust-lang.org/nightly/rustc/check-cfg/
cargo-specifics.html> for more information about checking 
conditional configuration

warning: unused imports: `BeaconPeer` and `register_peer`
 --> src\beacon\mod.rs:6:31
  |
6 | pub use registry::{get_peers, register_peer, BeaconPeer};
  |                               ^^^^^^^^^^^^^  ^^^^^^^^^^

warning: unused import: `CashAirdropResult`
  --> src\stubs\airdrop.rs:49:5
   |
49 |     CashAirdropResult,
   |     ^^^^^^^^^^^^^^^^^

warning: unused import: `sled`
 --> src\stubs\guardian.rs:7:5
  |
7 | use sled;
  |     ^^^^

warning: unused imports: `GuardianRoleConfig` and `GuardianRole`
  --> src\stubs\guardian.rs:87:16
   |
87 | pub use role::{GuardianRole, GuardianRoleConfig};
   |                ^^^^^^^^^^^^  ^^^^^^^^^^^^^^^^^^

warning: unused import: `spawn_guardian_rotation_loop`
  --> src\stubs\guardian.rs:88:39
   |
88 | pub use rotation::{is_local_guardian, 
spawn_guardian_rotation_loop};
   |                                       
^^^^^^^^^^^^^^^^^^^^^^^^^^^^

warning: unused import: `events::GuardianEvent`
  --> src\stubs\guardian.rs:89:9
   |
89 | pub use events::GuardianEvent;
   |         ^^^^^^^^^^^^^^^^^^^^^

warning: unused imports: `DevPayout` and `get_dev_payouts`
  --> src\stubs\governance.rs:20:23
   |
20 | pub use dev_payouts::{DevPayout, get_dev_payouts};
   |                       ^^^^^^^^^  ^^^^^^^^^^^^^^^

warning: unused import: `std::sync::Arc`
  --> src\globals\mod.rs:15:5
   |
15 | use std::sync::Arc;
   |     ^^^^^^^^^^^^^^

warning: unused imports: `Deserialize` and `Serialize`
  --> src\globals\mod.rs:17:13
   |
17 | use serde::{Deserialize, Serialize};
   |             ^^^^^^^^^^^  ^^^^^^^^^

warning: unused import: `WifNetwork`
    --> src\main.rs:8326:72
     |
8326 |     use crate::utxo_signing::{SigningInput, 
TransactionSigner, WifKey, WifNetwork};
     |                                                             
           ^^^^^^^^^^

warning: unnecessary parentheses around assigned value
     --> src\main.rs:12349:38
      |
12349 |                         let jitter = (now_unix % 
base_backoff_ms);
      |                                      ^                     
     ^
      |
      = note: `#[warn(unused_parens)]` on by default
help: remove these parentheses
      |
12349 -                         let jitter = (now_unix % 
base_backoff_ms);
12349 +                         let jitter = now_unix % 
base_backoff_ms;
      |

warning: unnecessary parentheses around assigned value
     --> src\main.rs:12370:34
      |
12370 |                     let jitter = (now_unix % 
base_backoff_ms);
      |                                  ^                         
 ^
      |
help: remove these parentheses
      |
12370 -                     let jitter = (now_unix % 
base_backoff_ms);
12370 +                     let jitter = now_unix % 
base_backoff_ms;
      |

warning: unnecessary parentheses around assigned value
     --> src\main.rs:12385:34
      |
12385 |                     let jitter = (now_unix % 
base_backoff_ms);
      |                                  ^                         
 ^
      |
help: remove these parentheses
      |
12385 -                     let jitter = (now_unix % 
base_backoff_ms);
12385 +                     let jitter = now_unix % 
base_backoff_ms;
      |

warning: unnecessary parentheses around assigned value
     --> src\main.rs:12456:38
      |
12456 |                         let jitter = (now_unix % 
base_backoff_ms);
      |                                      ^                     
     ^
      |
help: remove these parentheses
      |
12456 -                         let jitter = (now_unix % 
base_backoff_ms);
12456 +                         let jitter = now_unix % 
base_backoff_ms;
      |

warning: unnecessary parentheses around assigned value
     --> src\main.rs:12469:38
      |
12469 |                         let jitter = (now_unix % 
base_backoff_ms);
      |                                      ^                     
     ^
      |
help: remove these parentheses
      |
12469 -                         let jitter = (now_unix % 
base_backoff_ms);
12469 +                         let jitter = now_unix % 
base_backoff_ms;
      |

warning: unused variable: `sender_pubkey`
     --> src\main.rs:17731:9
      |
17731 |         sender_pubkey: String,
      |         ^^^^^^^^^^^^^ help: if this is intentional, prefix 
it with an underscore: `_sender_pubkey`
      |
      = note: `#[warn(unused_variables)]` on by default

warning: unused variable: `args_hex`
     --> src\main.rs:17734:9
      |
17734 |         args_hex: String,
      |         ^^^^^^^^ help: if this is intentional, prefix it 
with an underscore: `_args_hex`

warning: unused variable: `nonce`
     --> src\main.rs:17735:9
      |
17735 |         nonce: String,
      |         ^^^^^ help: if this is intentional, prefix it with 
an underscore: `_nonce`

warning: unused variable: `tip`
     --> src\main.rs:17736:9
      |
17736 |         tip: String,
      |         ^^^ help: if this is intentional, prefix it with 
an underscore: `_tip`

warning: unused variable: `signature`
     --> src\main.rs:17737:9
      |
17737 |         signature: String,
      |         ^^^^^^^^^ help: if this is intentional, prefix it 
with an underscore: `_signature`

warning: unused variable: `chain_tip_hash`
   --> src\api\website_api.rs:205:24
    |
205 |     let (chain_height, chain_tip_hash, chain_tip_work) = {
    |                        ^^^^^^^^^^^^^^ help: if this is 
intentional, prefix it with an underscore: `_chain_tip_hash`

warning: unused variable: `chain_tip_work`
   --> src\api\website_api.rs:205:40
    |
205 |     let (chain_height, chain_tip_hash, chain_tip_work) = {
    |                                        ^^^^^^^^^^^^^^ help: 
if this is intentional, prefix it with an underscore: 
`_chain_tip_work`

warning: unused variable: `preferred_direction`
    --> src\p2p\connection.rs:1454:17
     |
1454 |             let preferred_direction = if 
!local_node_id.is_empty() && !peer_id.is_empty() {
     |                 ^^^^^^^^^^^^^^^^^^^ help: if this is 
intentional, prefix it with an underscore: `_preferred_direction`

warning: unused variable: `needed`
   --> src\p2p\connection_maintainer.rs:214:13
    |
214 |         let needed = slots_available
    |             ^^^^^^ help: if this is intentional, prefix it 
with an underscore: `_needed`

warning: unused variable: `idx`
   --> src\p2p\connection_maintainer.rs:368:14
    |
368 |         for (idx, peer) in candidates.iter().take(5 - 
chosen_preview.len().min(5)).enumerate() {
    |              ^^^ help: if this is intentional, prefix it 
with an underscore: `_idx`

warning: unused variable: `total_needed`
   --> src\vault\withdrawals.rs:420:9
    |
420 |     let total_needed = amount + fee;
    |         ^^^^^^^^^^^^ help: if this is intentional, prefix it 
with an underscore: `_total_needed`

warning: unused variable: `asset`
   --> src\withdrawals.rs:127:5
    |
127 |     asset: &QuoteAsset,
    |     ^^^^^ help: if this is intentional, prefix it with an 
underscore: `_asset`

warning: unused variable: `to_address`
   --> src\withdrawals.rs:128:5
    |
128 |     to_address: &str,
    |     ^^^^^^^^^^ help: if this is intentional, prefix it with 
an underscore: `_to_address`

warning: unused variable: `amount`
   --> src\withdrawals.rs:129:5
    |
129 |     amount: f64,
    |     ^^^^^^ help: if this is intentional, prefix it with an 
underscore: `_amount`

warning: unused variable: `user_id`
   --> src\withdrawals.rs:130:5
    |
130 |     user_id: &str,
    |     ^^^^^^^ help: if this is intentional, prefix it with an 
underscore: `_user_id`

warning: unused variable: `base_headers`
    --> src\main.rs:9162:9
     |
9162 |     let base_headers = 
mempool::build_rate_limit_headers(&ip);
     |         ^^^^^^^^^^^^ help: if this is intentional, prefix 
it with an underscore: `_base_headers`

warning: unused variable: `chunk_size`
     --> src\main.rs:12593:9
      |
12593 |     let chunk_size = checkpoint_interval as usize;
      |         ^^^^^^^^^^ help: if this is intentional, prefix it 
with an underscore: `_chunk_size`

warning: unused import: `Database`
     --> src\main.rs:21086:5
      |
21086 |     Database, Evm as RevmEvm,
      |     ^^^^^^^^

warning: unused variable: `peer_info`
   --> src\chain\accept.rs:323:13
    |
323 |         let peer_info = 
source_peer.unwrap_or("local_miner").to_string();
    |             ^^^^^^^^^ help: if this is intentional, prefix 
it with an underscore: `_peer_info`

warning: unused variable: `fees_distributed`
   --> src\chain\accept.rs:506:32
    |
506 |             let (miner_reward, fees_distributed, 
treasury_total) = crate::apply_tokenomics(
    |                                ^^^^^^^^^^^^^^^^ help: if 
this is intentional, prefix it with an underscore: 
`_fees_distributed`

warning: unused variable: `fees_distributed`
    --> src\chain\accept.rs:1042:28
     |
1042 |         let (miner_reward, fees_distributed, 
treasury_total) = crate::apply_tokenomics(
     |                            ^^^^^^^^^^^^^^^^ help: if this 
is intentional, prefix it with an underscore: `_fees_distributed`

warning: unused variable: `backbone`
   --> src\mining_readiness.rs:161:9
    |
161 |     let backbone = 
crate::control_plane::get_backbone_state();
    |         ^^^^^^^^ help: if this is intentional, prefix it 
with an underscore: `_backbone`

warning: unused variable: `input_index`
   --> src\utxo_signing.rs:206:9
    |
206 |         input_index: usize,
    |         ^^^^^^^^^^^ help: if this is intentional, prefix it 
with an underscore: `_input_index`

warning: unused variable: `input_index`
   --> src\utxo_signing.rs:235:9
    |
235 |         input_index: usize,
    |         ^^^^^^^^^^^ help: if this is intentional, prefix it 
with an underscore: `_input_index`

warning: unused variable: `input_idx`
   --> src\utxo_signing.rs:282:14
    |
282 |         for (input_idx, sig_bytes, pubkey) in signatures {
    |              ^^^^^^^^^ help: if this is intentional, prefix 
it with an underscore: `_input_idx`

warning: unused variable: `bp_tres`
    --> src\main.rs:3799:39
     |
3799 |     let (bp_miner, bp_vault, bp_fund, bp_tres) = 
tokenomics::tithe::tithe_split_bps();
     |                                       ^^^^^^^ help: if this 
is intentional, prefix it with an underscore: `_bp_tres`

warning: unused variable: `key`
    --> src\main.rs:4047:13
     |
4047 |         let key = 
String::from_utf8(k.to_vec()).unwrap_or_default();
     |             ^^^ help: if this is intentional, prefix it 
with an underscore: `_key`

warning: unused variable: `tok_accounts`
    --> src\main.rs:5491:14
     |
5491 | fn build_app(tok_accounts: 
crate::accounts::TokenAccountsCfg) -> Router {
     |              ^^^^^^^^^^^^ help: if this is intentional, 
prefix it with an underscore: `_tok_accounts`

warning: unused variable: `transactions`
    --> src\main.rs:5621:21
     |
5621 |                 let transactions: Vec<Transaction> = 
mempool_txs
     |                     ^^^^^^^^^^^^ help: if this is 
intentional, prefix it with an underscore: `_transactions`

warning: unused variable: `miner_key`
     --> src\main.rs:10476:5
      |
10476 |     miner_key: &str,
      |     ^^^^^^^^^ help: if this is intentional, prefix it with 
an underscore: `_miner_key`

warning: unused variable: `parent_gm`
     --> src\main.rs:13167:5
      |
13167 |     parent_gm: &Option<String>,
      |     ^^^^^^^^^ help: if this is intentional, prefix it with 
an underscore: `_parent_gm`

warning: value assigned to `gm` is never read
     --> src\main.rs:13304:48
      |
13304 |             let (mut balances, mut nonces, mut gm) = 
load_snapshot_v2(db, parent_height)?;
      |                                                ^^
      |
      = help: maybe it is overwritten before being read?
      = note: `#[warn(unused_assignments)]` on by default

warning: unused variable: `method`
     --> src\main.rs:13613:5
      |
13613 |     method: &str,
      |     ^^^^^^ help: if this is intentional, prefix it with an 
underscore: `_method`

warning: unused variable: `args`
     --> src\main.rs:13614:5
      |
13614 |     args: Vec<u8>,
      |     ^^^^ help: if this is intentional, prefix it with an 
underscore: `_args`

warning: unused variable: `key`
     --> src\main.rs:13642:48
      |
13642 |         |mut env: FunctionEnvMut<ContractEnv>, key: i32| 
-> i32 {
      |                                                ^^^ help: 
if this is intentional, prefix it with an underscore: `_key`

warning: unused variable: `key`
     --> src\main.rs:13652:48
      |
13652 |         |mut env: FunctionEnvMut<ContractEnv>, key: i32, 
value: i32| {
      |                                                ^^^ help: 
if this is intentional, prefix it with an underscore: `_key`

warning: unused variable: `value`
     --> src\main.rs:13652:58
      |
13652 |         |mut env: FunctionEnvMut<ContractEnv>, key: i32, 
value: i32| {
      |                                                          
^^^^^ help: if this is intentional, prefix it with an underscore: 
`_value`

warning: unused variable: `db`
     --> src\main.rs:13871:22
      |
13871 | fn generate_tx_proof(db: &Db, blocks: &[Block], 
target_tx_hash: &str) -> Option<MerkleProof> {
      |                      ^^ help: if this is intentional, 
prefix it with an underscore: `_db`

warning: unused variable: `gas_used`
     --> src\main.rs:21274:43
      |
21274 |                 ExecutionResult::Revert { gas_used, output 
} => Err(format!(
      |                                           ^^^^^^^^ help: 
try ignoring the field: `gas_used: _`

warning: unused variable: `gas_used`
     --> src\main.rs:21278:49
      |
21278 |                 ExecutionResult::Halt { reason, gas_used } 
=> {
      |                                                 ^^^^^^^^ 
help: try ignoring the field: `gas_used: _`

warning: unused variable: `gas_used`
     --> src\main.rs:21381:39
      |
21381 |             ExecutionResult::Revert { gas_used, output } 
=> {
      |                                       ^^^^^^^^ help: try 
ignoring the field: `gas_used: _`

warning: unused variable: `gas_used`
     --> src\main.rs:21384:45
      |
21384 |             ExecutionResult::Halt { reason, gas_used } => {
      |                                             ^^^^^^^^ help: 
try ignoring the field: `gas_used: _`

warning: unused variable: `blob`
     --> src\main.rs:23449:9
      |
23449 |     let blob = retrieve_blob(db, blob_id)?;
      |         ^^^^ help: if this is intentional, prefix it with 
an underscore: `_blob`

warning: unused variable: `rng`
     --> src\main.rs:23466:13
      |
23466 |     let mut rng = 
std::collections::hash_map::RandomState::new();
      |             ^^^ help: if this is intentional, prefix it 
with an underscore: `_rng`

warning: unused variable: `voter`
     --> src\main.rs:24653:5
      |
24653 |     voter: &str,
      |     ^^^^^ help: if this is intentional, prefix it with an 
underscore: `_voter`

warning: unused variable: `db`
     --> src\main.rs:25078:21
      |
25078 | fn get_oracle_stats(db: &Db) -> Result<serde_json::Value, 
String> {
      |                     ^^ help: if this is intentional, 
prefix it with an underscore: `_db`

warning: static `PROM_MINING_LATENCY` is never used
   --> src\main.rs:711:8
    |
711 | static PROM_MINING_LATENCY: Lazy<Histogram> = Lazy::new(|| {
    |        ^^^^^^^^^^^^^^^^^^^
    |
    = note: `#[warn(dead_code)]` on by default

warning: static `PROM_DB_READ_LATENCY` is never used
   --> src\main.rs:741:8
    |
741 | static PROM_DB_READ_LATENCY: Lazy<Histogram> =
    |        ^^^^^^^^^^^^^^^^^^^^

warning: static `PROM_DB_WRITE_LATENCY` is never used
   --> src\main.rs:743:8
    |
743 | static PROM_DB_WRITE_LATENCY: Lazy<Histogram> =
    |        ^^^^^^^^^^^^^^^^^^^^^

warning: static `PROM_TXS_UNDERPAYING` is never used
   --> src\main.rs:763:8
    |
763 | static PROM_TXS_UNDERPAYING: Lazy<IntCounter> = Lazy::new(|| 
{
    |        ^^^^^^^^^^^^^^^^^^^^

warning: static `PROM_PEER_LATENCY` is never used
   --> src\main.rs:857:8
    |
857 | static PROM_PEER_LATENCY: Lazy<Histogram> =
    |        ^^^^^^^^^^^^^^^^^

warning: static `PROM_CROSS_SHARD_TIME` is never used
   --> src\main.rs:989:8
    |
989 | static PROM_CROSS_SHARD_TIME: Lazy<Histogram> = Lazy::new(|| 
{
    |        ^^^^^^^^^^^^^^^^^^^^^

warning: struct `SeedBalanceReq` is never constructed
    --> src\main.rs:2277:8
     |
2277 | struct SeedBalanceReq {
     |        ^^^^^^^^^^^^^^

warning: function `admin_seed_balance` is never used
    --> src\main.rs:2282:10
     |
2282 | async fn admin_seed_balance(
     |          ^^^^^^^^^^^^^^^^^^

warning: function `block_util_high` is never used
    --> src\main.rs:3186:4
     |
3186 | fn block_util_high() -> f64 {
     |    ^^^^^^^^^^^^^^^

warning: function `block_util_low` is never used
    --> src\main.rs:3192:4
     |
3192 | fn block_util_low() -> f64 {
     |    ^^^^^^^^^^^^^^

warning: function `distribute_land_sale` is never used
    --> src\main.rs:3972:4
     |
3972 | fn distribute_land_sale(
     |    ^^^^^^^^^^^^^^^^^^^^

warning: struct `SyncState` is never constructed
    --> src\main.rs:4605:8
     |
4605 | struct SyncState {
     |        ^^^^^^^^^

warning: static `SYNC_STATE` is never used
    --> src\main.rs:4611:8
     |
4611 | static SYNC_STATE: Lazy<Mutex<SyncState>> = Lazy::new(|| {
     |        ^^^^^^^^^^

warning: function `maybe_trigger_sync` is never used
    --> src\main.rs:4638:4
     |
4638 | fn maybe_trigger_sync(
     |    ^^^^^^^^^^^^^^^^^^

warning: function `get_receipts_latest` is never used
    --> src\main.rs:6648:10
     |
6648 | async fn get_receipts_latest(
     |          ^^^^^^^^^^^^^^^^^^^

warning: struct `MineReq` is never constructed
    --> src\main.rs:9966:8
     |
9966 | struct MineReq {
     |        ^^^^^^^

warning: function `mine_block_internal` is never used
    --> src\main.rs:9973:10
     |
9973 | async fn mine_block_internal(max_txs: usize, miner_addr: 
String) -> Result<crate::Block, String> {
     |          ^^^^^^^^^^^^^^^^^^^

warning: function `persist_fee_base` is never used
     --> src\main.rs:12762:4
      |
12762 | fn persist_fee_base(db: &Db, v: u128) {
      |    ^^^^^^^^^^^^^^^^

warning: fields `caller` and `contract_address` are never read
     --> src\main.rs:13540:5
      |
13536 | struct ContractEnv {
      |        ----------- fields in this struct
...
13540 |     caller: String,
      |     ^^^^^^
13541 |     contract_address: String,
      |     ^^^^^^^^^^^^^^^^
      |
      = note: `ContractEnv` has a derived impl for the trait 
`Clone`, but this is intentionally ignored during dead code 
analysis

warning: function `measure_peer_latency` is never used
     --> src\main.rs:13987:10
      |
13987 | async fn measure_peer_latency(url: &str) -> Option<f64> {
      |          ^^^^^^^^^^^^^^^^^^^^

warning: struct `ArchiveBalanceQuery` is never constructed
     --> src\main.rs:14153:8
      |
14153 | struct ArchiveBalanceQuery {
      |        ^^^^^^^^^^^^^^^^^^^

warning: function `query_archive_balance` is never used
     --> src\main.rs:14271:4
      |
14271 | fn query_archive_balance(
      |    ^^^^^^^^^^^^^^^^^^^^^

warning: function `select_bundles_for_block` is never used
     --> src\main.rs:14448:4
      |
14448 | fn select_bundles_for_block(
      |    ^^^^^^^^^^^^^^^^^^^^^^^^

warning: function `execute_cross_shard_tx` is never used
     --> src\main.rs:15256:4
      |
15256 | fn execute_cross_shard_tx(
      |    ^^^^^^^^^^^^^^^^^^^^^^

warning: function `select_next_validator` is never used
     --> src\main.rs:16268:4
      |
16268 | fn select_next_validator() -> Option<Validator> {
      |    ^^^^^^^^^^^^^^^^^^^^^

warning: function `resolve_channel_disputes` is never used
     --> src\main.rs:16575:4
      |
16575 | fn resolve_channel_disputes() {
      |    ^^^^^^^^^^^^^^^^^^^^^^^^

warning: static `LAST_HEALTH_CHECK` is never used
     --> src\main.rs:17079:8
      |
17079 | static LAST_HEALTH_CHECK: Lazy<Mutex<u64>> = Lazy::new(|| 
Mutex::new(0));
      |        ^^^^^^^^^^^^^^^^^

warning: function `trigger_alert` is never used
     --> src\main.rs:17113:4
      |
17113 | fn trigger_alert(rule_id: &str, message: String, value: 
f64) {
      |    ^^^^^^^^^^^^^

warning: function `perform_health_checks` is never used
     --> src\main.rs:17283:4
      |
17283 | fn perform_health_checks() {
      |    ^^^^^^^^^^^^^^^^^^^^^

warning: fields `executed_parallel`, `executed_sequential`, 
`conflicts_detected`, and `time_saved_ms` are never read
     --> src\main.rs:18135:5
      |
18134 | struct ParallelExecResult {
      |        ------------------ fields in this struct
18135 |     executed_parallel: usize,
      |     ^^^^^^^^^^^^^^^^^
18136 |     executed_sequential: usize,
      |     ^^^^^^^^^^^^^^^^^^^
18137 |     conflicts_detected: usize,
      |     ^^^^^^^^^^^^^^^^^^
18138 |     time_saved_ms: u64,
      |     ^^^^^^^^^^^^^
      |
      = note: `ParallelExecResult` has a derived impl for the 
trait `Debug`, but this is intentionally ignored during dead code 
analysis

warning: function `open_channel` is never used
     --> src\main.rs:19559:4
      |
19559 | fn open_channel(channel_id: &str) -> Result<(), String> {
      |    ^^^^^^^^^^^^

warning: function `open_connection` is never used
     --> src\main.rs:19613:4
      |
19613 | fn open_connection(connection_id: &str) -> Result<(), 
String> {
      |    ^^^^^^^^^^^^^^^

warning: function `acknowledge_packet` is never used
     --> src\main.rs:19756:4
      |
19756 | fn acknowledge_packet(_sequence: u64, _acknowledgement: 
Vec<u8>) -> Result<(), String> {
      |    ^^^^^^^^^^^^^^^^^^

warning: constant `EVM_STORAGE_PREFIX` is never used
     --> src\main.rs:21128:7
      |
21128 | const EVM_STORAGE_PREFIX: &str = "evm_storage_";
      |       ^^^^^^^^^^^^^^^^^^

warning: function `get_contract_vm_type` is never used
     --> src\main.rs:21182:4
      |
21182 | fn get_contract_vm_type(db: &Db, address: &str) -> 
Result<VMType, String> {
      |    ^^^^^^^^^^^^^^^^^^^^

warning: static `RESILIENCE_PEER_REPUTATION` is never used
     --> src\main.rs:21847:8
      |
21847 | static RESILIENCE_PEER_REPUTATION: 
Lazy<prometheus::Histogram> = Lazy::new(|| {
      |        ^^^^^^^^^^^^^^^^^^^^^^^^^^

warning: static `RESILIENCE_NETWORK_PARTITIONS` is never used
     --> src\main.rs:21868:8
      |
21868 | static RESILIENCE_NETWORK_PARTITIONS: Lazy<IntCounter> = 
Lazy::new(|| {
      |        ^^^^^^^^^^^^^^^^^^^^^^^^^^^^^

warning: function `update_peer_reputation` is never used
     --> src\main.rs:21964:4
      |
21964 | fn update_peer_reputation(db: &Db, peer_id: &str, 
good_block: bool) -> Result<(), String> {
      |    ^^^^^^^^^^^^^^^^^^^^^^

warning: function `get_resilience_topology` is never used
     --> src\main.rs:22058:4
      |
22058 | fn get_resilience_topology(db: &Db, peers: 
&BTreeSet<String>) -> ResilienceTopology {
      |    ^^^^^^^^^^^^^^^^^^^^^^^

warning: function `network_topology_handler` is never used
     --> src\main.rs:22268:10
      |
22268 | async fn network_topology_handler() -> (StatusCode, 
Json<serde_json::Value>) {
      |          ^^^^^^^^^^^^^^^^^^^^^^^^

warning: constant `INDEX_METADATA_PREFIX` is never used
     --> src\main.rs:22306:7
      |
22306 | const INDEX_METADATA_PREFIX: &str = "index:meta:";
      |       ^^^^^^^^^^^^^^^^^^^^^

warning: struct `IndexMetadata` is never constructed
     --> src\main.rs:22333:8
      |
22333 | struct IndexMetadata {
      |        ^^^^^^^^^^^^^

warning: function `erasure_decode` is never used
     --> src\main.rs:23327:4
      |
23327 | fn erasure_decode(encoded: &ErasureCodedData) -> 
Result<Vec<u8>, String> {
      |    ^^^^^^^^^^^^^^

warning: function `unpin_cid` is never used
     --> src\main.rs:25738:4
      |
25738 | fn unpin_cid(db: &Db, cid: &str) -> Result<(), String> {
      |    ^^^^^^^^^

warning: struct `TokenomicsConfig` is never constructed
     --> src\main.rs:26071:8
      |
26071 | struct TokenomicsConfig {
      |        ^^^^^^^^^^^^^^^^

warning: struct `TokenomicsState` is never constructed
     --> src\main.rs:26083:8
      |
26083 | struct TokenomicsState {
      |        ^^^^^^^^^^^^^^^

warning: constant `TOKENOMICS_CONFIG_KEY` is never used
     --> src\main.rs:26108:7
      |
26108 | const TOKENOMICS_CONFIG_KEY: &str = "tokenomics:config";
      |       ^^^^^^^^^^^^^^^^^^^^^

warning: constant `TOKENOMICS_STATE_KEY` is never used
     --> src\main.rs:26109:7
      |
26109 | const TOKENOMICS_STATE_KEY: &str = "tokenomics:state";
      |       ^^^^^^^^^^^^^^^^^^^^

warning: static `TOKENOMICS_CONFIG` is never used
     --> src\main.rs:26112:8
      |
26112 | static TOKENOMICS_CONFIG: Lazy<Mutex<TokenomicsConfig>> =
      |        ^^^^^^^^^^^^^^^^^

warning: static `TOKENOMICS_SUPPLY` is never used
     --> src\main.rs:26116:8
      |
26116 | static TOKENOMICS_SUPPLY: Lazy<IntGauge> =
      |        ^^^^^^^^^^^^^^^^^

warning: static `TOKENOMICS_BURNED` is never used
     --> src\main.rs:26119:8
      |
26119 | static TOKENOMICS_BURNED: Lazy<IntCounter> =
      |        ^^^^^^^^^^^^^^^^^

warning: static `TOKENOMICS_STAKED` is never used
     --> src\main.rs:26122:8
      |
26122 | static TOKENOMICS_STAKED: Lazy<IntGauge> =
      |        ^^^^^^^^^^^^^^^^^

warning: static `TOKENOMICS_REWARDS` is never used
     --> src\main.rs:26125:8
      |
26125 | static TOKENOMICS_REWARDS: Lazy<IntCounter> =
      |        ^^^^^^^^^^^^^^^^^^

warning: function `apply_block_emission` is never used
     --> src\main.rs:26129:4
      |
26129 | fn apply_block_emission(
      |    ^^^^^^^^^^^^^^^^^^^^

warning: function `burn_fees` is never used
     --> src\main.rs:26169:4
      |
26169 | fn burn_fees(db: &Db, fee_amount: u128) -> Result<u128, 
String> {
      |    ^^^^^^^^^

warning: function `calculate_staking_rewards` is never used
     --> src\main.rs:26190:4
      |
26190 | fn calculate_staking_rewards(staked_amount: u128, 
duration_seconds: u64) -> u128 {
      |    ^^^^^^^^^^^^^^^^^^^^^^^^^

warning: function `get_tokenomics_state` is never used
     --> src\main.rs:26199:4
      |
26199 | fn get_tokenomics_state(db: &Db) -> 
Result<TokenomicsState, String> {
      |    ^^^^^^^^^^^^^^^^^^^^

warning: function `fund_treasury` is never used
     --> src\main.rs:26302:4
      |
26302 | fn fund_treasury(db: &Db, amount: u128) -> Result<(), 
String> {
      |    ^^^^^^^^^^^^^

warning: function `tokenomics_state_handler_old` is never used
     --> src\main.rs:26920:10
      |
26920 | async fn tokenomics_state_handler_old() -> (StatusCode, 
Json<serde_json::Value>) {
      |          ^^^^^^^^^^^^^^^^^^^^^^^^^^^^

warning: function `tokenomics_calculate_rewards_handler` is never 
used
     --> src\main.rs:26947:10
      |
26947 | async fn tokenomics_calculate_rewards_handler(
      |          ^^^^^^^^^^^^^^^^^^^^^^^^^^^^^^^^^^^^

warning: function `tokenomics_stats_handler` is never used
     --> src\main.rs:27148:10
      |
27148 | async fn tokenomics_stats_handler() -> (StatusCode, 
Json<serde_json::Value>) {
      |          ^^^^^^^^^^^^^^^^^^^^^^^^

warning: function `archive_balance_query` is never used
     --> src\main.rs:28769:10
      |
28769 | async fn archive_balance_query(
      |          ^^^^^^^^^^^^^^^^^^^^^

warning: function `can_request_parent` is never used
 --> src\chain\parent_fetch.rs:9:8
  |
9 | pub fn can_request_parent(g: &mut Chain, peer: &str, 
parent_hash: &str) -> bool {
  |        ^^^^^^^^^^^^^^^^^^

warning: constant `BATCH_SIZE` is never used
  --> src\miner\manager.rs:24:7
   |
24 | const BATCH_SIZE: u32 = 1000; // Nonces to try per batch 
(will be replaced by configurable batch_size)
   |       ^^^^^^^^^^

warning: function `resolve_mining_threads` is never used
  --> src\miner\manager.rs:27:4
   |
27 | fn resolve_mining_threads(cfg: &MinerConfig, cpu: 
&CpuSummary) -> usize {
   |    ^^^^^^^^^^^^^^^^^^^^^^

warning: function `resolve_simd_batch_size` is never used
  --> src\miner\manager.rs:49:4
   |
49 | fn resolve_simd_batch_size(cfg: &MinerConfig) -> u64 {
   |    ^^^^^^^^^^^^^^^^^^^^^^^

warning: struct `HashrateSampler` is never constructed
  --> src\miner\manager.rs:55:12
   |
55 | pub struct HashrateSampler {
   |            ^^^^^^^^^^^^^^^

warning: associated items `new` and `add_sample` are never used
  --> src\miner\manager.rs:62:12
   |
61 | impl HashrateSampler {
   | -------------------- associated items in this implementation
62 |     pub fn new(window_secs: u64) -> Self {
   |            ^^^
...
71 |     pub fn add_sample(&mut self, hps: f64) -> Option<f64> {
   |            ^^^^^^^^^^

warning: fields `message_bytes`, `started_at`, and 
`last_updated_ms` are never read
   --> src\miner\manager.rs:125:5
    |
123 | struct MiningJob {
    |        --------- fields in this struct
124 |     header: BlockHeader,    // Full BlockHeader with all 
fields
125 |     message_bytes: Vec<u8>, // Pre-computed pow_message_bytes
    |     ^^^^^^^^^^^^^
126 |     pow_job: PowJob,
127 |     started_at: Instant,
    |     ^^^^^^^^^^
...
132 |     last_updated_ms: u64,         // Heartbeat timestamp for 
UI motion
    |     ^^^^^^^^^^^^^^^
    |
    = note: `MiningJob` has a derived impl for the trait `Clone`, 
but this is intentionally ignored during dead code analysis

warning: associated items `new_disabled`, `start_with_config`, and 
`config` are never used
   --> src\miner\manager.rs:183:12
    |
135 | impl ActiveMiner {
    | ---------------- associated items in this implementation
...
183 |     pub fn new_disabled(
    |            ^^^^^^^^^^^^
...
219 |     pub fn start_with_config(&self, cfg: &MinerConfig) {
    |            ^^^^^^^^^^^^^^^^^
...
733 |     pub fn config(&self) -> MinerCfg {
    |            ^^^^^^

warning: function `print_miner_banner` is never used
    --> src\miner\manager.rs:1159:4
     |
1159 | fn print_miner_banner(cpu: &CpuSummary, threads: usize, 
batch: u64, _cfg: &MinerConfig) {
     |    ^^^^^^^^^^^^^^^^^^

warning: function `create_router_with_state` is never used
  --> src\routes\mod.rs:47:8
   |
47 | pub fn create_router_with_state(tok_accounts: 
crate::accounts::TokenAccountsCfg) -> Router {
   |        ^^^^^^^^^^^^^^^^^^^^^^^^

warning: struct `AirdropRouteState` is never constructed
  --> src\routes\admin_cash_airdrop.rs:23:12
   |
23 | pub struct AirdropRouteState {
   |            ^^^^^^^^^^^^^^^^^

warning: struct `AirdropPreviewResponse` is never constructed
  --> src\routes\admin_cash_airdrop.rs:31:12
   |
31 | pub struct AirdropPreviewResponse {
   |            ^^^^^^^^^^^^^^^^^^^^^^

warning: struct `AirdropExecuteResponse` is never constructed
  --> src\routes\admin_cash_airdrop.rs:43:12
   |
43 | pub struct AirdropExecuteResponse {
   |            ^^^^^^^^^^^^^^^^^^^^^^

warning: struct `FailedRecipient` is never constructed
  --> src\routes\admin_cash_airdrop.rs:56:12
   |
56 | pub struct FailedRecipient {
   |            ^^^^^^^^^^^^^^^

warning: function `preview_cash_airdrop` is never used
  --> src\routes\admin_cash_airdrop.rs:67:14
   |
67 | pub async fn preview_cash_airdrop(
   |              ^^^^^^^^^^^^^^^^^^^^

warning: function `extract_wallet_from_headers` is never used
   --> src\routes\admin_cash_airdrop.rs:145:4
    |
145 | fn extract_wallet_from_headers(headers: &HeaderMap) -> 
Option<String> {
    |    ^^^^^^^^^^^^^^^^^^^^^^^^^^^

warning: function `execute_cash_airdrop_handler` is never used
   --> src\routes\admin_cash_airdrop.rs:189:14
    |
189 | pub async fn execute_cash_airdrop_handler(
    |              ^^^^^^^^^^^^^^^^^^^^^^^^^^^^

warning: struct `SupplyResponse` is never constructed
   --> src\routes\admin_cash_airdrop.rs:314:12
    |
314 | pub struct SupplyResponse {
    |            ^^^^^^^^^^^^^^

warning: function `get_cash_supply` is never used
   --> src\routes\admin_cash_airdrop.rs:325:14
    |
325 | pub async fn get_cash_supply(State(state): 
State<Arc<AirdropRouteState>>) -> impl IntoResponse {
    |              ^^^^^^^^^^^^^^^

warning: function `airdrop_router` is never used
   --> src\routes\admin_cash_airdrop.rs:341:8
    |
341 | pub fn airdrop_router(db: sled::Db, limits: 
CashAirdropLimits, balances_tree: String) -> Router {
    |        ^^^^^^^^^^^^^^

warning: struct `AdminEndpointsState` is never constructed
 --> src\routes\admin_mining_endpoints.rs:9:12
  |
9 | pub struct AdminEndpointsState {
  |            ^^^^^^^^^^^^^^^^^^^

warning: function `get_endpoints` is never used
  --> src\routes\admin_mining_endpoints.rs:15:14
   |
15 | pub async fn get_endpoints(State(state): 
State<AdminEndpointsState>) -> Json<MiningEndpointConfig> {
   |              ^^^^^^^^^^^^^

warning: struct `UpdateEndpointsRequest` is never constructed
  --> src\routes\admin_mining_endpoints.rs:21:12
   |
21 | pub struct UpdateEndpointsRequest {
   |            ^^^^^^^^^^^^^^^^^^^^^^

warning: struct `UpdateEndpointsResponse` is never constructed
  --> src\routes\admin_mining_endpoints.rs:28:12
   |
28 | pub struct UpdateEndpointsResponse {
   |            ^^^^^^^^^^^^^^^^^^^^^^^

warning: function `update_endpoints` is never used
  --> src\routes\admin_mining_endpoints.rs:35:14
   |
35 | pub async fn update_endpoints(
   |              ^^^^^^^^^^^^^^^^

warning: struct `RegisteredNode` is never constructed
  --> src\routes\beacon.rs:10:12
   |
10 | pub struct RegisteredNode {
   |            ^^^^^^^^^^^^^^

warning: type alias `NodeRegistry` is never used
  --> src\routes\beacon.rs:19:10
   |
19 | pub type NodeRegistry = Arc<RwLock<HashMap<String, 
RegisteredNode>>>;
   |          ^^^^^^^^^^^^

warning: struct `BeaconState` is never constructed
  --> src\routes\beacon.rs:22:12
   |
22 | pub struct BeaconState {
   |            ^^^^^^^^^^^

warning: associated function `new` is never used
  --> src\routes\beacon.rs:27:12
   |
26 | impl BeaconState {
   | ---------------- associated function in this implementation
27 |     pub fn new() -> Self {
   |            ^^^

warning: struct `RegisterRequest` is never constructed
  --> src\routes\beacon.rs:36:12
   |
36 | pub struct RegisterRequest {
   |            ^^^^^^^^^^^^^^^

warning: struct `RegisterResponse` is never constructed
  --> src\routes\beacon.rs:43:12
   |
43 | pub struct RegisterResponse {
   |            ^^^^^^^^^^^^^^^^

warning: function `register_node` is never used
  --> src\routes\beacon.rs:50:14
   |
50 | pub async fn register_node(
   |              ^^^^^^^^^^^^^

warning: struct `NodesResponse` is never constructed
   --> src\routes\beacon.rs:108:12
    |
108 | pub struct NodesResponse {
    |            ^^^^^^^^^^^^^

warning: function `list_nodes` is never used
   --> src\routes\beacon.rs:114:14
    |
114 | pub async fn list_nodes(State(state): State<BeaconState>) -> 
Json<NodesResponse> {
    |              ^^^^^^^^^^

warning: struct `HeartbeatRequest` is never constructed
   --> src\routes\beacon.rs:128:12
    |
128 | pub struct HeartbeatRequest {
    |            ^^^^^^^^^^^^^^^^

warning: struct `HeartbeatResponse` is never constructed
   --> src\routes\beacon.rs:133:12
    |
133 | pub struct HeartbeatResponse {
    |            ^^^^^^^^^^^^^^^^^

warning: function `heartbeat` is never used
   --> src\routes\beacon.rs:138:14
    |
138 | pub async fn heartbeat(
    |              ^^^^^^^^^

warning: function `issue_passport` is never used
   --> src\routes\beacon.rs:170:4
    |
170 | fn issue_passport(node_tag: &str, now: u64) -> 
Result<crate::passport::NodePassport, String> {
    |    ^^^^^^^^^^^^^^

warning: struct `HealthResponse` is never constructed
   --> src\routes\beacon.rs:230:12
    |
230 | pub struct HealthResponse {
    |            ^^^^^^^^^^^^^^

warning: function `health` is never used
   --> src\routes\beacon.rs:236:14
    |
236 | pub async fn health(State(state): State<BeaconState>) -> 
Json<HealthResponse> {
    |              ^^^^^^

warning: function `get_era_status` is never used
  --> src\routes\era.rs:11:14
   |
11 | pub async fn get_era_status() -> impl IntoResponse {
   |              ^^^^^^^^^^^^^^

warning: function `get_my_era_status` is never used
  --> src\routes\era.rs:86:14
   |
86 | pub async fn get_my_era_status(
   |              ^^^^^^^^^^^^^^^^^

warning: struct `CreateProposalRequest` is never constructed
  --> src\routes\governance.rs:23:12
   |
23 | pub struct CreateProposalRequest {
   |            ^^^^^^^^^^^^^^^^^^^^^

warning: struct `CastVoteRequest` is never constructed
  --> src\routes\governance.rs:32:12
   |
32 | pub struct CastVoteRequest {
   |            ^^^^^^^^^^^^^^^

warning: struct `ListProposalsQuery` is never constructed
  --> src\routes\governance.rs:39:12
   |
39 | pub struct ListProposalsQuery {
   |            ^^^^^^^^^^^^^^^^^^

warning: function `default_limit` is never used
  --> src\routes\governance.rs:45:4
   |
45 | fn default_limit() -> usize {
   |    ^^^^^^^^^^^^^

warning: struct `ProposalDetailQuery` is never constructed
  --> src\routes\governance.rs:51:12
   |
51 | pub struct ProposalDetailQuery {
   |            ^^^^^^^^^^^^^^^^^^^

warning: struct `CreateProposalResponse` is never constructed
  --> src\routes\governance.rs:57:12
   |
57 | pub struct CreateProposalResponse {
   |            ^^^^^^^^^^^^^^^^^^^^^^

warning: struct `CastVoteResponse` is never constructed
  --> src\routes\governance.rs:66:12
   |
66 | pub struct CastVoteResponse {
   |            ^^^^^^^^^^^^^^^^

warning: struct `ListProposalsResponse` is never constructed
  --> src\routes\governance.rs:75:12
   |
75 | pub struct ListProposalsResponse {
   |            ^^^^^^^^^^^^^^^^^^^^^

warning: struct `ProposalSummary` is never constructed
  --> src\routes\governance.rs:82:12
   |
82 | pub struct ProposalSummary {
   |            ^^^^^^^^^^^^^^^

warning: struct `ProposalDetailResponse` is never constructed
  --> src\routes\governance.rs:98:12
   |
98 | pub struct ProposalDetailResponse {
   |            ^^^^^^^^^^^^^^^^^^^^^^

warning: struct `VoterStatus` is never constructed
   --> src\routes\governance.rs:106:12
    |
106 | pub struct VoterStatus {
    |            ^^^^^^^^^^^

warning: function `create_proposal` is never used
   --> src\routes\governance.rs:114:14
    |
114 | pub async fn create_proposal(
    |              ^^^^^^^^^^^^^^^

warning: function `list_proposals` is never used
   --> src\routes\governance.rs:186:14
    |
186 | pub async fn list_proposals(
    |              ^^^^^^^^^^^^^^

warning: function `get_proposal` is never used
   --> src\routes\governance.rs:254:14
    |
254 | pub async fn get_proposal(
    |              ^^^^^^^^^^^^

warning: function `cast_vote` is never used
   --> src\routes\governance.rs:341:14
    |
341 | pub async fn cast_vote(
    |              ^^^^^^^^^

warning: struct `GovernanceState` is never constructed
   --> src\routes\governance.rs:407:12
    |
407 | pub struct GovernanceState {
    |            ^^^^^^^^^^^^^^^

warning: function `governance_router` is never used
   --> src\routes\governance.rs:412:8
    |
412 | pub fn governance_router(manager: Arc<GovernanceManager>) -> 
Router {
    |        ^^^^^^^^^^^^^^^^^

warning: struct `GuardianControlState` is never constructed
  --> src\routes\guardian_control.rs:22:12
   |
22 | pub struct GuardianControlState {
   |            ^^^^^^^^^^^^^^^^^^^^

warning: struct `GuardianAuthResponse` is never constructed
  --> src\routes\guardian_control.rs:28:12
   |
28 | pub struct GuardianAuthResponse {
   |            ^^^^^^^^^^^^^^^^^^^^

warning: struct `ChainOverview` is never constructed
  --> src\routes\guardian_control.rs:38:12
   |
38 | pub struct ChainOverview {
   |            ^^^^^^^^^^^^^

warning: struct `GuardianAction` is never constructed
  --> src\routes\guardian_control.rs:49:12
   |
49 | pub struct GuardianAction {
   |            ^^^^^^^^^^^^^^

warning: function `extract_wallet_from_headers` is never used
  --> src\routes\guardian_control.rs:59:4
   |
59 | fn extract_wallet_from_headers(headers: &HeaderMap) -> 
Option<String> {
   |    ^^^^^^^^^^^^^^^^^^^^^^^^^^^

warning: function `check_guardian_auth` is never used
   --> src\routes\guardian_control.rs:106:14
    |
106 | pub async fn check_guardian_auth(
    |              ^^^^^^^^^^^^^^^^^^^

warning: function `get_chain_overview` is never used
   --> src\routes\guardian_control.rs:160:14
    |
160 | pub async fn get_chain_overview(
    |              ^^^^^^^^^^^^^^^^^^

warning: function `get_recent_actions` is never used
   --> src\routes\guardian_control.rs:207:14
    |
207 | pub async fn get_recent_actions(
    |              ^^^^^^^^^^^^^^^^^^

warning: function `log_guardian_action` is never used
   --> src\routes\guardian_control.rs:237:8
    |
237 | pub fn log_guardian_action(
    |        ^^^^^^^^^^^^^^^^^^^

warning: function `guardian_control_router` is never used
   --> src\routes\guardian_control.rs:272:8
    |
272 | pub fn guardian_control_router(db: sled::Db) -> Router {
    |        ^^^^^^^^^^^^^^^^^^^^^^^

warning: function `get_constellation_memory` is never used
  --> src\routes\immortality.rs:11:14
   |
11 | pub async fn get_constellation_memory() -> impl IntoResponse {
   |              ^^^^^^^^^^^^^^^^^^^^^^^^

warning: function `get_guardian_role` is never used
  --> src\routes\immortality.rs:45:14
   |
45 | pub async fn get_guardian_role() -> impl IntoResponse {
   |              ^^^^^^^^^^^^^^^^^

warning: function `get_immortality_status` is never used
  --> src\routes\immortality.rs:76:14
   |
76 | pub async fn get_immortality_status() -> impl IntoResponse {
   |              ^^^^^^^^^^^^^^^^^^^^^^

warning: function `get_local_ebid` is never used
   --> src\routes\immortality.rs:127:14
    |
127 | pub async fn get_local_ebid() -> impl IntoResponse {
    |              ^^^^^^^^^^^^^^

warning: struct `MiningInfoState` is never constructed
  --> src\routes\mining_info.rs:10:12
   |
10 | pub struct MiningInfoState {
   |            ^^^^^^^^^^^^^^^

warning: struct `MiningInfo` is never constructed
  --> src\routes\mining_info.rs:16:12
   |
16 | pub struct MiningInfo {
   |            ^^^^^^^^^^

warning: function `get_mining_info` is never used
  --> src\routes\mining_info.rs:28:14
   |
28 | pub async fn get_mining_info(State(state): 
State<MiningInfoState>) -> Json<MiningInfo> {
   |              ^^^^^^^^^^^^^^^

warning: struct `TipRouteState` is never constructed
  --> src\routes\tip.rs:20:12
   |
20 | pub struct TipRouteState {
   |            ^^^^^^^^^^^^^

warning: struct `TipRequest` is never constructed
  --> src\routes\tip.rs:27:12
   |
27 | pub struct TipRequest {
   |            ^^^^^^^^^^

warning: struct `TipStatusResponse` is never constructed
  --> src\routes\tip.rs:34:12
   |
34 | pub struct TipStatusResponse {
   |            ^^^^^^^^^^^^^^^^^

warning: enum `TipSubmitResponse` is never used
  --> src\routes\tip.rs:49:10
   |
49 | pub enum TipSubmitResponse {
   |          ^^^^^^^^^^^^^^^^^

warning: function `get_tip_status` is never used
  --> src\routes\tip.rs:62:14
   |
62 | pub async fn get_tip_status(
   |              ^^^^^^^^^^^^^^

warning: struct `TipStatusQuery` is never constructed
   --> src\routes\tip.rs:100:12
    |
100 | pub struct TipStatusQuery {
    |            ^^^^^^^^^^^^^^

warning: function `send_tip` is never used
   --> src\routes\tip.rs:105:14
    |
105 | pub async fn send_tip(
    |              ^^^^^^^^

warning: function `tip_router` is never used
   --> src\routes\tip.rs:242:8
    |
242 | pub fn tip_router(db: sled::Db, config: TipConfig) -> Router 
{
    |        ^^^^^^^^^^

warning: struct `CreateLegacyRequest` is never constructed
  --> src\routes\wallet_legacy.rs:20:12
   |
20 | pub struct CreateLegacyRequest {
   |            ^^^^^^^^^^^^^^^^^^^

warning: struct `LegacyActionRequest` is never constructed
  --> src\routes\wallet_legacy.rs:29:12
   |
29 | pub struct LegacyActionRequest {
   |            ^^^^^^^^^^^^^^^^^^^

warning: struct `LegacyQuery` is never constructed
  --> src\routes\wallet_legacy.rs:35:12
   |
35 | pub struct LegacyQuery {
   |            ^^^^^^^^^^^

warning: struct `LegacyResponse` is never constructed
  --> src\routes\wallet_legacy.rs:41:12
   |
41 | pub struct LegacyResponse {
   |            ^^^^^^^^^^^^^^

warning: function `get_legacy` is never used
  --> src\routes\wallet_legacy.rs:49:14
   |
49 | pub async fn get_legacy(
   |              ^^^^^^^^^^

warning: function `create_legacy` is never used
  --> src\routes\wallet_legacy.rs:90:14
   |
90 | pub async fn create_legacy(
   |              ^^^^^^^^^^^^^

warning: function `arm_legacy` is never used
   --> src\routes\wallet_legacy.rs:187:14
    |
187 | pub async fn arm_legacy(
    |              ^^^^^^^^^^

warning: function `cancel_legacy` is never used
   --> src\routes\wallet_legacy.rs:263:14
    |
263 | pub async fn cancel_legacy(
    |              ^^^^^^^^^^^^^

warning: function `wallet_legacy_router` is never used
   --> src\routes\wallet_legacy.rs:335:8
    |
335 | pub fn wallet_legacy_router(legacy_manager: 
Arc<LegacyManager>) -> Router {
    |        ^^^^^^^^^^^^^^^^^^^^

warning: struct `WalletMiningState` is never constructed
  --> src\routes\wallet_mining.rs:10:12
   |
10 | pub struct WalletMiningState {
   |            ^^^^^^^^^^^^^^^^^

warning: struct `JoinPoolRequest` is never constructed
  --> src\routes\wallet_mining.rs:16:12
   |
16 | pub struct JoinPoolRequest {
   |            ^^^^^^^^^^^^^^^

warning: struct `JoinPoolResponse` is never constructed
  --> src\routes\wallet_mining.rs:21:12
   |
21 | pub struct JoinPoolResponse {
   |            ^^^^^^^^^^^^^^^^

warning: function `join_pool` is never used
  --> src\routes\wallet_mining.rs:30:14
   |
30 | pub async fn join_pool(
   |              ^^^^^^^^^

warning: constant `STAKING_BASE_REWARD` is never used
  --> src\chain_era.rs:20:11
   |
20 | pub const STAKING_BASE_REWARD: u128 = 4_250_000_000; // 4.25 
LAND
   |           ^^^^^^^^^^^^^^^^^^^

warning: constant `ERA_DB_KEY` is never used
  --> src\chain_era.rs:23:7
   |
23 | const ERA_DB_KEY: &[u8] = b"chain_era";
   |       ^^^^^^^^^^

warning: struct `EraManager` is never constructed
  --> src\chain_era.rs:58:12
   |
58 | pub struct EraManager {
   |            ^^^^^^^^^^

warning: associated items `new`, `current_era`, 
`check_and_flip_era`, `set_era`, `load_from_db`, and `save_to_db` 
are never used
   --> src\chain_era.rs:66:12
    |
 63 | impl EraManager {
    | --------------- associated items in this implementation
...
 66 |     pub fn new(db: &Db) -> Self {
    |            ^^^
...
 85 |     pub fn current_era(&self) -> ChainEra {
    |            ^^^^^^^^^^^
...
 91 |     pub fn check_and_flip_era(&mut self, total_supply: u128, 
block_height: u64) -> bool {
    |            ^^^^^^^^^^^^^^^^^^
...
132 |     pub fn set_era(&mut self, era: ChainEra) {
    |            ^^^^^^^
...
148 |     fn load_from_db(db: &Db) -> Option<ChainEra> {
    |        ^^^^^^^^^^^^
...
156 |     fn save_to_db(&self) {
    |        ^^^^^^^^^^

warning: function `emissions_active` is never used
   --> src\chain_era.rs:165:8
    |
165 | pub fn emissions_active(total_supply: u128, current_era: 
ChainEra) -> bool {
    |        ^^^^^^^^^^^^^^^^

warning: function `emissions_remaining` is never used
   --> src\chain_era.rs:170:8
    |
170 | pub fn emissions_remaining(total_supply: u128) -> u128 {
    |        ^^^^^^^^^^^^^^^^^^^

warning: function `emission_progress` is never used
   --> src\chain_era.rs:175:8
    |
175 | pub fn emission_progress(total_supply: u128) -> f64 {
    |        ^^^^^^^^^^^^^^^^^

warning: function `validate_genesis_hash` is never used
  --> src\genesis.rs:84:8
   |
84 | pub fn validate_genesis_hash() -> Result<()> {
   |        ^^^^^^^^^^^^^^^^^^^^^

warning: function `verify_stored_genesis` is never used
   --> src\genesis.rs:128:8
    |
128 | pub fn verify_stored_genesis(stored_genesis_hash: &str) -> 
Result<()> {
    |        ^^^^^^^^^^^^^^^^^^^^^

warning: function `verify_peer_econ_hash` is never used
   --> src\genesis.rs:257:8
    |
257 | pub fn verify_peer_econ_hash(peer_econ_hash: &str) -> 
Result<()> {
    |        ^^^^^^^^^^^^^^^^^^^^^

warning: enum `SwapState` is never used
  --> src\swap\mod.rs:39:10
   |
39 | pub enum SwapState {
   |          ^^^^^^^^^

warning: methods `as_str`, `is_terminal`, `can_claim`, and 
`can_refund` are never used
  --> src\swap\mod.rs:57:12
   |
56 | impl SwapState {
   | -------------- methods in this implementation
57 |     pub fn as_str(&self) -> &'static str {
   |            ^^^^^^
...
69 |     pub fn is_terminal(&self) -> bool {
   |            ^^^^^^^^^^^
...
73 |     pub fn can_claim(&self) -> bool {
   |            ^^^^^^^^^
...
77 |     pub fn can_refund(&self) -> bool {
   |            ^^^^^^^^^^

warning: enum `SwapError` is never used
  --> src\swap\mod.rs:84:10
   |
84 | pub enum SwapError {
   |          ^^^^^^^^^

warning: function `verify_confirmations` is never used
   --> src\swap\mod.rs:146:8
    |
146 | pub fn verify_confirmations(coin: &str, observed: u32) -> 
Result<(), SwapError> {
    |        ^^^^^^^^^^^^^^^^^^^^

warning: function `verify_refund_allowed` is never used
   --> src\swap\mod.rs:159:8
    |
159 | pub fn verify_refund_allowed(
    |        ^^^^^^^^^^^^^^^^^^^^^

warning: function `required_confirmations` is never used
  --> src\swap\confirmations.rs:20:8
   |
20 | pub fn required_confirmations(coin: &str) -> u32 {
   |        ^^^^^^^^^^^^^^^^^^^^^^

warning: function `confirmations_met` is never used
  --> src\swap\confirmations.rs:25:8
   |
25 | pub fn confirmations_met(coin: &str, observed: u32) -> bool {
   |        ^^^^^^^^^^^^^^^^^

warning: function `confirmation_status_message` is never used
  --> src\swap\confirmations.rs:30:8
   |
30 | pub fn confirmation_status_message(coin: &str, observed: u32) 
-> String {
   |        ^^^^^^^^^^^^^^^^^^^^^^^^^^^

warning: function `htlc_hash_lock` is never used
  --> src\swap\hashlock.rs:35:8
   |
35 | pub fn htlc_hash_lock(preimage: &[u8]) -> [u8; 32] {
   |        ^^^^^^^^^^^^^^

warning: function `htlc_hash_lock_hex` is never used
  --> src\swap\hashlock.rs:59:8
   |
59 | pub fn htlc_hash_lock_hex(preimage: &[u8]) -> String {
   |        ^^^^^^^^^^^^^^^^^^

warning: function `verify_hash_lock` is never used
  --> src\swap\hashlock.rs:72:8
   |
72 | pub fn verify_hash_lock(preimage: &[u8], expected_hash_lock: 
&[u8; 32]) -> bool {
   |        ^^^^^^^^^^^^^^^^

warning: function `verify_hash_lock_hex` is never used
  --> src\swap\hashlock.rs:82:8
   |
82 | pub fn verify_hash_lock_hex(preimage: &[u8], 
expected_hash_lock_hex: &str) -> bool {
   |        ^^^^^^^^^^^^^^^^^^^^

warning: function `swap_timeout_blocks` is never used
  --> src\swap\timeouts.rs:15:8
   |
15 | pub fn swap_timeout_blocks(coin: &str) -> u64 {
   |        ^^^^^^^^^^^^^^^^^^^

warning: function `swap_timeout_seconds` is never used
  --> src\swap\timeouts.rs:25:8
   |
25 | pub fn swap_timeout_seconds(coin: &str) -> u64 {
   |        ^^^^^^^^^^^^^^^^^^^^

warning: function `can_refund` is never used
  --> src\swap\timeouts.rs:35:8
   |
35 | pub fn can_refund(
   |        ^^^^^^^^^^

warning: function `calculate_refund_height` is never used
  --> src\swap\timeouts.rs:45:8
   |
45 | pub fn calculate_refund_height(coin: &str, current_height: 
u64) -> u64 {
   |        ^^^^^^^^^^^^^^^^^^^^^^^

warning: struct `RefundStatus` is never constructed
  --> src\swap\timeouts.rs:51:12
   |
51 | pub struct RefundStatus {
   |            ^^^^^^^^^^^^

warning: associated items `new` and `status_message` are never used
  --> src\swap\timeouts.rs:60:12
   |
59 | impl RefundStatus {
   | ----------------- associated items in this implementation
60 |     pub fn new(coin: &str, current_height: u64, 
refund_height: u64, completed: bool) -> Self {
   |            ^^^
...
83 |     pub fn status_message(&self) -> String {
   |            ^^^^^^^^^^^^^^

warning: struct `WatchOnlyError` is never constructed
   --> src\swap\watch_only.rs:102:12
    |
102 | pub struct WatchOnlyError {
    |            ^^^^^^^^^^^^^^

warning: associated items `new` and `message` are never used
   --> src\swap\watch_only.rs:107:12
    |
106 | impl WatchOnlyError {
    | ------------------- associated items in this implementation
107 |     pub fn new(operation: &str) -> Self {
    |            ^^^
...
113 |     pub fn message(&self) -> String {
    |            ^^^^^^^

warning: function `require_signing_capability` is never used
   --> src\swap\watch_only.rs:135:8
    |
135 | pub fn require_signing_capability(operation: &str) -> 
Result<(), WatchOnlyError> {
    |        ^^^^^^^^^^^^^^^^^^^^^^^^^^

warning: struct `TransactionBuilder` is never constructed
  --> src\tx_builder.rs:16:12
   |
16 | pub struct TransactionBuilder;
   |            ^^^^^^^^^^^^^^^^^^

warning: associated functions `get_change_address_string` and 
`get_dust_threshold` are never used
   --> src\tx_builder.rs:119:8
    |
 18 | impl TransactionBuilder {
    | ----------------------- associated functions in this 
implementation
...
119 |     fn get_change_address_string(user_id: &str, asset: 
QuoteAsset) -> Result<String> {
    |        ^^^^^^^^^^^^^^^^^^^^^^^^^
...
151 |     fn get_dust_threshold(asset: QuoteAsset) -> f64 {
    |        ^^^^^^^^^^^^^^^^^^

warning: struct `Utxo` is never constructed
  --> src\utxo_manager.rs:16:12
   |
16 | pub struct Utxo {
   |            ^^^^

warning: methods `is_available` and `amount_satoshis` are never 
used
  --> src\utxo_manager.rs:39:12
   |
37 | impl Utxo {
   | --------- methods in this implementation
38 |     /// Check if UTXO is ready to spend (confirmed and not 
locked)
39 |     pub fn is_available(&self) -> bool {
   |            ^^^^^^^^^^^^
...
44 |     pub fn amount_satoshis(&self) -> u64 {
   |            ^^^^^^^^^^^^^^^

warning: static `USER_UTXOS` is never used
  --> src\utxo_manager.rs:51:12
   |
51 | pub static USER_UTXOS: Lazy<Arc<Mutex<HashMap<String, 
HashMap<QuoteAsset, Vec<Utxo>>>>>> = 
   |            ^^^^^^^^^^

warning: struct `UtxoManager` is never constructed
  --> src\utxo_manager.rs:55:12
   |
55 | pub struct UtxoManager;
   |            ^^^^^^^^^^^

warning: multiple associated functions are never used
   --> src\utxo_manager.rs:59:12
    |
 57 | impl UtxoManager {
    | ---------------- associated functions in this implementation
 58 |     /// Get all UTXOs for a user and asset
 59 |     pub fn get_user_utxos(user_id: &str, asset: QuoteAsset) 
-> Vec<Utxo> {
    |            ^^^^^^^^^^^^^^
...
 71 |     pub fn get_available_utxos(user_id: &str, asset: 
QuoteAsset) -> Vec<Utxo> {
    |            ^^^^^^^^^^^^^^^^^^^
...
 79 |     pub fn calculate_available_balance(user_id: &str, asset: 
QuoteAsset) -> f64 {
    |            ^^^^^^^^^^^^^^^^^^^^^^^^^^^
...
 88 |     pub fn select_utxos(
    |            ^^^^^^^^^^^^
...
131 |     pub fn lock_utxos(user_id: &str, asset: QuoteAsset, 
utxos: &[Utxo]) -> Result<()> {
    |            ^^^^^^^^^^
...
153 |     pub fn unlock_utxos(user_id: &str, asset: QuoteAsset, 
utxos: &[Utxo]) -> Result<()> {
    |            ^^^^^^^^^^^^
...
172 |     pub fn mark_spent(user_id: &str, asset: QuoteAsset, 
utxos: &[Utxo]) -> Result<()> {
    |            ^^^^^^^^^^
...
187 |     pub fn add_utxo(user_id: &str, asset: QuoteAsset, utxo: 
Utxo) -> Result<()> {
    |            ^^^^^^^^
...
206 |     pub async fn sync_user_utxos(user_id: &str, asset: 
QuoteAsset, addresses: Vec<String>) -> Result<()> {
    |                  ^^^^^^^^^^^^^^^

warning: field `network` is never read
  --> src\utxo_signing.rs:14:9
   |
11 | pub struct WifKey {
   |            ------ field in this struct
...
14 |     pub network: WifNetwork,
   |         ^^^^^^^

warning: associated items `version_byte` and `from_chain` are 
never used
  --> src\utxo_signing.rs:28:8
   |
26 | impl WifNetwork {
   | --------------- associated items in this implementation
27 |     /// Get WIF version byte for this network
28 |     fn version_byte(&self) -> u8 {
   |        ^^^^^^^^^^^^
...
38 |     pub fn from_chain(chain: ExternalChain, testnet: bool) -> 
Self {
   |            ^^^^^^^^^^

warning: method `to_wif` is never used
   --> src\utxo_signing.rs:117:12
    |
 50 | impl WifKey {
    | ----------- method in this implementation
...
117 |     pub fn to_wif(&self) -> String {
    |            ^^^^^^

warning: fields `prev_tx_hash`, `prev_vout`, and `sequence` are 
never read
   --> src\utxo_signing.rs:139:9
    |
137 | pub struct SigningInput {
    |            ------------ fields in this struct
138 |     /// Previous transaction hash (reversed for signing)
139 |     pub prev_tx_hash: Vec<u8>,
    |         ^^^^^^^^^^^^
140 |     /// Previous output index
141 |     pub prev_vout: u32,
    |         ^^^^^^^^^
...
147 |     pub sequence: u32,
    |         ^^^^^^^^
    |
    = note: `SigningInput` has derived impls for the traits 
`Clone` and `Debug`, but these are intentionally ignored during 
dead code analysis

warning: struct `SendRequest` is never constructed
  --> src\withdrawals.rs:44:12
   |
44 | pub struct SendRequest {
   |            ^^^^^^^^^^^

warning: struct `SendResponse` is never constructed
  --> src\withdrawals.rs:53:12
   |
53 | pub struct SendResponse {
   |            ^^^^^^^^^^^^

warning: struct `WithdrawRequest` is never constructed
  --> src\withdrawals.rs:62:12
   |
62 | pub struct WithdrawRequest {
   |            ^^^^^^^^^^^^^^^

warning: struct `WithdrawResponse` is never constructed
  --> src\withdrawals.rs:70:12
   |
70 | pub struct WithdrawResponse {
   |            ^^^^^^^^^^^^^^^^

warning: enum `TransactionStatus` is never used
  --> src\withdrawals.rs:78:10
   |
78 | pub enum TransactionStatus {
   |          ^^^^^^^^^^^^^^^^^

warning: function `asset_to_chain` is never used
   --> src\withdrawals.rs:111:4
    |
111 | fn asset_to_chain(asset: &QuoteAsset) -> 
Result<ExternalChain> {
    |    ^^^^^^^^^^^^^^

warning: function `build_raw_transaction` is never used
   --> src\withdrawals.rs:126:10
    |
126 | async fn build_raw_transaction(
    |          ^^^^^^^^^^^^^^^^^^^^^

warning: function `validate_address` is never used
   --> src\withdrawals.rs:171:4
    |
171 | fn validate_address(chain: ExternalChain, address: &str) -> 
Result<()> {
    |    ^^^^^^^^^^^^^^^^

warning: function `check_withdrawal_available` is never used
   --> src\withdrawals.rs:194:14
    |
194 | pub async fn check_withdrawal_available(asset: &QuoteAsset) 
-> Result<bool> {
    |              ^^^^^^^^^^^^^^^^^^^^^^^^^^

warning: function `parse_chain` is never used
   --> src\withdrawals.rs:203:4
    |
203 | fn parse_chain(chain_str: &str) -> Result<ExternalChain> {
    |    ^^^^^^^^^^^

warning: function `chain_to_asset` is never used
   --> src\withdrawals.rs:213:4
    |
213 | fn chain_to_asset(chain: ExternalChain) -> QuoteAsset {
    |    ^^^^^^^^^^^^^^

warning: function `estimate_fee` is never used
   --> src\withdrawals.rs:222:4
    |
222 | fn estimate_fee(chain: ExternalChain, _amount: f64) -> f64 {
    |    ^^^^^^^^^^^^

warning: function `get_user_balance` is never used
   --> src\withdrawals.rs:233:4
    |
233 | fn get_user_balance(user_id: &str, chain: ExternalChain) -> 
f64 {
    |    ^^^^^^^^^^^^^^^^

warning: function `reserve_balance` is never used
   --> src\withdrawals.rs:244:4
    |
244 | fn reserve_balance(user_id: &str, chain: ExternalChain, 
amount: f64) -> Result<()> {
    |    ^^^^^^^^^^^^^^^

warning: function `release_balance` is never used
   --> src\withdrawals.rs:278:4
    |
278 | fn release_balance(user_id: &str, chain: ExternalChain, 
amount: f64) {
    |    ^^^^^^^^^^^^^^^

warning: function `finalize_send` is never used
   --> src\withdrawals.rs:301:4
    |
301 | fn finalize_send(user_id: &str, chain: ExternalChain, 
amount: f64) {
    |    ^^^^^^^^^^^^^

warning: function `process_send` is never used
   --> src\withdrawals.rs:321:14
    |
321 | pub async fn process_send(request: SendRequest) -> 
Result<SendResponse> {
    |              ^^^^^^^^^^^^

warning: function `process_withdrawal` is never used
   --> src\withdrawals.rs:446:14
    |
446 | pub async fn process_withdrawal(request: WithdrawRequest) -> 
Result<WithdrawResponse> {
    |              ^^^^^^^^^^^^^^^^^^

warning: struct `CashAirdropLimits` is never constructed
  --> src\stubs\airdrop.rs:55:12
   |
55 | pub struct CashAirdropLimits {
   |            ^^^^^^^^^^^^^^^^^

warning: struct `CashAirdropRequest` is never constructed
 --> src\stubs\airdrop.rs:7:16
  |
7 |     pub struct CashAirdropRequest {
  |                ^^^^^^^^^^^^^^^^^^

warning: struct `CashAirdropResult` is never constructed
  --> src\stubs\airdrop.rs:16:16
   |
16 |     pub struct CashAirdropResult {
   |                ^^^^^^^^^^^^^^^^^

warning: function `execute_cash_airdrop` is never used
  --> src\stubs\airdrop.rs:22:12
   |
22 |     pub fn execute_cash_airdrop(
   |            ^^^^^^^^^^^^^^^^^^^^

warning: function `get_cash_total_supply` is never used
  --> src\stubs\airdrop.rs:35:12
   |
35 |     pub fn get_cash_total_supply(_db: &sled::Db) -> 
Result<u128, String> {
   |            ^^^^^^^^^^^^^^^^^^^^^

warning: function `validate_airdrop_request` is never used
  --> src\stubs\airdrop.rs:39:12
   |
39 |     pub fn validate_airdrop_request(
   |            ^^^^^^^^^^^^^^^^^^^^^^^^

warning: function `init_guardian` is never used
   --> src\stubs\guardian.rs:108:8
    |
108 | pub fn init_guardian() {
    |        ^^^^^^^^^^^^^

warning: struct `GuardianState` is never constructed
   --> src\stubs\guardian.rs:113:12
    |
113 | pub struct GuardianState {
    |            ^^^^^^^^^^^^^

warning: struct `Consciousness` is never constructed
  --> src\stubs\guardian.rs:13:16
   |
13 |     pub struct Consciousness {
   |                ^^^^^^^^^^^^^

warning: struct `CreatorConfig` is never constructed
  --> src\stubs\guardian.rs:21:16
   |
21 |     pub struct CreatorConfig {
   |                ^^^^^^^^^^^^^

warning: function `is_creator_address` is never used
  --> src\stubs\guardian.rs:37:12
   |
37 |     pub fn is_creator_address(_db: &sled::Db, _addr: &str) -> 
bool {
   |            ^^^^^^^^^^^^^^^^^^

warning: function `load_creator_config` is never used
  --> src\stubs\guardian.rs:40:12
   |
40 |     pub fn load_creator_config(_db: &sled::Db) -> 
Result<CreatorConfig, String> {
   |            ^^^^^^^^^^^^^^^^^^^

warning: struct `GuardianEvent` is never constructed
  --> src\stubs\guardian.rs:48:16
   |
48 |     pub struct GuardianEvent {
   |                ^^^^^^^^^^^^^

warning: function `send_guardian_event` is never used
  --> src\stubs\guardian.rs:51:12
   |
51 |     pub fn send_guardian_event(_event: &GuardianEvent) -> 
Result<(), String> {
   |            ^^^^^^^^^^^^^^^^^^^

warning: struct `Integrity` is never constructed
  --> src\stubs\guardian.rs:58:16
   |
58 |     pub struct Integrity {
   |                ^^^^^^^^^

warning: enum `GuardianRole` is never used
  --> src\stubs\guardian.rs:66:14
   |
66 |     pub enum GuardianRole {
   |              ^^^^^^^^^^^^

warning: struct `GuardianRoleConfig` is never constructed
  --> src\stubs\guardian.rs:72:16
   |
72 |     pub struct GuardianRoleConfig {
   |                ^^^^^^^^^^^^^^^^^^

warning: function `is_local_guardian` is never used
  --> src\stubs\guardian.rs:78:12
   |
78 |     pub fn is_local_guardian() -> bool {
   |            ^^^^^^^^^^^^^^^^^

warning: function `spawn_guardian_rotation_loop` is never used
  --> src\stubs\guardian.rs:81:12
   |
81 |     pub fn spawn_guardian_rotation_loop() {
   |            ^^^^^^^^^^^^^^^^^^^^^^^^^^^^

warning: struct `GuardianConsciousness` is never constructed
 --> src\stubs\guardian_consciousness.rs:7:12
  |
7 | pub struct GuardianConsciousness {
  |            ^^^^^^^^^^^^^^^^^^^^^

warning: struct `GuardianIntegrity` is never constructed
  --> src\stubs\guardian_consciousness.rs:12:12
   |
12 | pub struct GuardianIntegrity {
   |            ^^^^^^^^^^^^^^^^^

warning: struct `GuardianEvent` is never constructed
  --> src\stubs\guardian_consciousness.rs:17:12
   |
17 | pub struct GuardianEvent {
   |            ^^^^^^^^^^^^^

warning: enum `GovernanceStatus` is never used
  --> src\stubs\governance.rs:24:10
   |
24 | pub enum GovernanceStatus {
   |          ^^^^^^^^^^^^^^^^

warning: method `as_str` is never used
  --> src\stubs\governance.rs:32:12
   |
31 | impl GovernanceStatus {
   | --------------------- method in this implementation
32 |     pub fn as_str(&self) -> &'static str {
   |            ^^^^^^

warning: enum `GovernanceAction` is never used
  --> src\stubs\governance.rs:44:10
   |
44 | pub enum GovernanceAction {
   |          ^^^^^^^^^^^^^^^^

warning: struct `GovernanceProposal` is never constructed
  --> src\stubs\governance.rs:52:12
   |
52 | pub struct GovernanceProposal {
   |            ^^^^^^^^^^^^^^^^^^

warning: methods `is_expired`, `majority_result`, 
`time_remaining`, and `yes_percentage_bps` are never used
  --> src\stubs\governance.rs:67:12
   |
66 | impl GovernanceProposal {
   | ----------------------- methods in this implementation
67 |     pub fn is_expired(&self, now: u64) -> bool {
   |            ^^^^^^^^^^
...
71 |     pub fn majority_result(&self) -> Option<bool> {
   |            ^^^^^^^^^^^^^^^
...
80 |     pub fn time_remaining(&self, now: u64) -> u64 {
   |            ^^^^^^^^^^^^^^
...
84 |     pub fn yes_percentage_bps(&self) -> u32 {
   |            ^^^^^^^^^^^^^^^^^^

warning: struct `GovernanceVote` is never constructed
   --> src\stubs\governance.rs:113:12
    |
113 | pub struct GovernanceVote {
    |            ^^^^^^^^^^^^^^

warning: struct `GovernanceConfig` is never constructed
   --> src\stubs\governance.rs:120:12
    |
120 | pub struct GovernanceConfig {
    |            ^^^^^^^^^^^^^^^^

warning: struct `GovernanceManager` is never constructed
   --> src\stubs\governance.rs:136:12
    |
136 | pub struct GovernanceManager {
    |            ^^^^^^^^^^^^^^^^^

warning: multiple associated items are never used
   --> src\stubs\governance.rs:141:12
    |
140 | impl GovernanceManager {
    | ---------------------- associated items in this 
implementation
141 |     pub fn new(db: &sled::Db) -> Result<Self, String> {
    |            ^^^
...
145 |     pub fn config(&self) -> GovernanceConfig {
    |            ^^^^^^
...
149 |     pub fn create_proposal(
    |            ^^^^^^^^^^^^^^^
...
175 |     pub fn get_proposal(&self, _id: u64) -> 
Result<Option<GovernanceProposal>, String> {
    |            ^^^^^^^^^^^^
...
179 |     pub fn list_proposals(
    |            ^^^^^^^^^^^^^^
...
187 |     pub fn get_proposal_votes(&self, _proposal_id: u64) -> 
Result<Vec<GovernanceVote>, String> {
    |            ^^^^^^^^^^^^^^^^^^
...
191 |     pub fn has_voted(&self, _proposal_id: u64, _voter: &str) 
-> Result<bool, String> {
    |            ^^^^^^^^^
...
195 |     pub fn get_vote(&self, _proposal_id: u64, _voter: &str) 
-> Result<Option<GovernanceVote>, String> {
    |            ^^^^^^^^
...
199 |     pub fn cast_vote(
    |            ^^^^^^^^^

warning: function `calculate_vote_weight` is never used
   --> src\stubs\governance.rs:214:8
    |
214 | pub fn calculate_vote_weight(_db: &sled::Db, _address: &str) 
-> u64 {
    |        ^^^^^^^^^^^^^^^^^^^^^

warning: function `can_vote` is never used
   --> src\stubs\governance.rs:218:8
    |
218 | pub fn can_vote(_db: &sled::Db, _address: &str) -> bool {
    |        ^^^^^^^^

warning: function `get_all_eligible_voters` is never used
   --> src\stubs\governance.rs:222:8
    |
222 | pub fn get_all_eligible_voters(_db: &sled::Db) -> 
Vec<String> {
    |        ^^^^^^^^^^^^^^^^^^^^^^^

warning: struct `DevPayout` is never constructed
  --> src\stubs\governance.rs:10:16
   |
10 |     pub struct DevPayout {
   |                ^^^^^^^^^

warning: function `get_dev_payouts` is never used
  --> src\stubs\governance.rs:15:12
   |
15 |     pub fn get_dev_payouts() -> Result<Vec<DevPayout>, 
String> {
   |            ^^^^^^^^^^^^^^^

warning: struct `DemocracyVote` is never constructed
 --> src\stubs\governance_democracy.rs:6:12
  |
6 | pub struct DemocracyVote {
  |            ^^^^^^^^^^^^^

warning: function `cast_vote` is never used
  --> src\stubs\governance_democracy.rs:22:8
   |
22 | pub fn cast_vote(_vote: &DemocracyVote) -> Result<(), String> 
{
   |        ^^^^^^^^^

warning: function `tally_votes` is never used
  --> src\stubs\governance_democracy.rs:26:8
   |
26 | pub fn tally_votes(_proposal_id: u64) -> Result<(u64, u64), 
String> {
   |        ^^^^^^^^^^^

warning: struct `LandDeed` is never constructed
 --> src\stubs\land_deeds.rs:6:12
  |
6 | pub struct LandDeed {
  |            ^^^^^^^^

warning: function `load_deed` is never used
  --> src\stubs\land_deeds.rs:24:8
   |
24 | pub fn load_deed(_deed_id: &str) -> Result<Option<LandDeed>, 
String> {
   |        ^^^^^^^^^

warning: function `save_deed` is never used
  --> src\stubs\land_deeds.rs:28:8
   |
28 | pub fn save_deed(_deed: &LandDeed) -> Result<(), String> {
   |        ^^^^^^^^^

warning: function `all_deed_owners` is never used
  --> src\stubs\land_deeds.rs:36:8
   |
36 | pub fn all_deed_owners(_db: &sled::Db) -> Vec<String> {
   |        ^^^^^^^^^^^^^^^

warning: struct `LandStake` is never constructed
 --> src\stubs\land_stake.rs:6:12
  |
6 | pub struct LandStake {
  |            ^^^^^^^^^

warning: function `load_stake` is never used
  --> src\stubs\land_stake.rs:24:8
   |
24 | pub fn load_stake(_stake_id: &str) -> 
Result<Option<LandStake>, String> {
   |        ^^^^^^^^^^

warning: function `save_stake` is never used
  --> src\stubs\land_stake.rs:28:8
   |
28 | pub fn save_stake(_stake: &LandStake) -> Result<(), String> {
   |        ^^^^^^^^^^

warning: function `get_all_stakers` is never used
  --> src\stubs\land_stake.rs:32:8
   |
32 | pub fn get_all_stakers(_db: &sled::Db) -> Vec<String> {
   |        ^^^^^^^^^^^^^^^

warning: function `total_stake` is never used
  --> src\stubs\land_stake.rs:36:8
   |
36 | pub fn total_stake(_db: &sled::Db) -> u128 {
   |        ^^^^^^^^^^^

warning: function `get_stake` is never used
  --> src\stubs\land_stake.rs:45:8
   |
45 | pub fn get_stake(_db: &sled::Db, _address: &str) -> u128 {
   |        ^^^^^^^^^

warning: method `as_public` is never used
  --> src\stubs\mood.rs:67:12
   |
66 | impl MoodSnapshot {
   | ----------------- method in this implementation
67 |     pub fn as_public(&self) -> &Self {
   |            ^^^^^^^^^

warning: enum `PropagationStrategy` is never used
 --> src\stubs\mood_router.rs:6:10
  |
6 | pub enum PropagationStrategy {
  |          ^^^^^^^^^^^^^^^^^^^

warning: enum `TxRelayPriority` is never used
  --> src\stubs\mood_router.rs:19:10
   |
19 | pub enum TxRelayPriority {
   |          ^^^^^^^^^^^^^^^

warning: enum `SyncStrategy` is never used
  --> src\stubs\mood_router.rs:32:10
   |
32 | pub enum SyncStrategy {
   |          ^^^^^^^^^^^^

warning: function `route_by_mood` is never used
  --> src\stubs\mood_router.rs:44:8
   |
44 | pub fn route_by_mood(_mood: &str) -> PropagationStrategy {
   |        ^^^^^^^^^^^^^

warning: function `select_relay_priority` is never used
  --> src\stubs\mood_router.rs:48:8
   |
48 | pub fn select_relay_priority(_mood: &str) -> TxRelayPriority {
   |        ^^^^^^^^^^^^^^^^^^^^^

warning: function `select_sync_strategy` is never used
  --> src\stubs\mood_router.rs:52:8
   |
52 | pub fn select_sync_strategy(_mood: &str) -> SyncStrategy {
   |        ^^^^^^^^^^^^^^^^^^^^

warning: fields `node_id`, `node_pubkey_b64`, `ts_unix`, 
`nonce_hex`, and `signature_b64` are never read
  --> src\stubs\node_approval.rs:7:9
   |
 5 | pub struct NodeApproval {
   |            ------------ fields in this struct
 6 |     pub wallet_address: String,
 7 |     pub node_id: String,
   |         ^^^^^^^
 8 |     pub node_pubkey_b64: String,
   |         ^^^^^^^^^^^^^^^
 9 |     pub ts_unix: u64,
   |         ^^^^^^^
10 |     pub nonce_hex: String,
   |         ^^^^^^^^^
11 |     pub signature_b64: String,
   |         ^^^^^^^^^^^^^
   |
   = note: `NodeApproval` has derived impls for the traits `Debug` 
and `Clone`, but these are intentionally ignored during dead code 
analysis

warning: associated function `build_canonical_message` is never 
used
  --> src\stubs\node_approval.rs:26:12
   |
14 | impl NodeApproval {
   | ----------------- associated function in this implementation
...
26 |     pub fn build_canonical_message(
   |            ^^^^^^^^^^^^^^^^^^^^^^^

warning: struct `ApprovalSubmitRequest` is never constructed
  --> src\stubs\node_approval.rs:38:12
   |
38 | pub struct ApprovalSubmitRequest {
   |            ^^^^^^^^^^^^^^^^^^^^^

warning: enum `RuntimeMode` is never used
 --> src\stubs\runtime_mode.rs:6:10
  |
6 | pub enum RuntimeMode {
  |          ^^^^^^^^^^^

warning: method `as_str` is never used
  --> src\stubs\runtime_mode.rs:20:12
   |
19 | impl RuntimeMode {
   | ---------------- method in this implementation
20 |     pub fn as_str(&self) -> &'static str {
   |            ^^^^^^

warning: associated function `from_json` is never used
  --> src\stubs\runtime_mode.rs:53:12
   |
51 | impl RuntimeModeConfig {
   | ---------------------- associated function in this 
implementation
52 |     /// Load from JSON string
53 |     pub fn from_json(json: &str) -> Result<Self, 
serde_json::Error> {
   |            ^^^^^^^^^

warning: function `current_mode` is never used
  --> src\stubs\runtime_mode.rs:71:8
   |
71 | pub fn current_mode() -> RuntimeMode {
   |        ^^^^^^^^^^^^

warning: function `set_mode` is never used
  --> src\stubs\runtime_mode.rs:75:8
   |
75 | pub fn set_mode(_mode: RuntimeMode) -> Result<(), String> {
   |        ^^^^^^^^

warning: struct `TipConfig` is never constructed
 --> src\stubs\tip.rs:6:12
  |
6 | pub struct TipConfig {
  |            ^^^^^^^^^

warning: method `tipped` is never used
  --> src\stubs\tip.rs:19:12
   |
18 | impl TipConfig {
   | -------------- method in this implementation
19 |     pub fn tipped(&mut self, _coin: &str, _amount: u128, 
_timestamp: u64) {
   |            ^^^^^^

warning: function `load_tip_state` is never used
  --> src\stubs\tip.rs:41:8
   |
41 | pub fn load_tip_state(_db: &sled::Db, _wallet_address: &str) 
-> Result<TipConfig, String> {
   |        ^^^^^^^^^^^^^^

warning: function `save_tip_state` is never used
  --> src\stubs\tip.rs:45:8
   |
45 | pub fn save_tip_state(_db: &sled::Db, _config: &TipConfig) -> 
Result<(), String> {
   |        ^^^^^^^^^^^^^^

warning: function `usd_to_coin_amount` is never used
  --> src\stubs\tip.rs:49:8
   |
49 | pub fn usd_to_coin_amount(_coin: &str, _usd: f64) -> 
Result<u128, String> {
   |        ^^^^^^^^^^^^^^^^^^

warning: enum `LegacyStatus` is never used
 --> src\stubs\legacy.rs:9:10
  |
9 | pub enum LegacyStatus {
  |          ^^^^^^^^^^^^

warning: method `as_str` is never used
  --> src\stubs\legacy.rs:17:12
   |
16 | impl LegacyStatus {
   | ----------------- method in this implementation
17 |     pub fn as_str(&self) -> &'static str {
   |            ^^^^^^

warning: struct `LegacyRoute` is never constructed
  --> src\stubs\legacy.rs:29:12
   |
29 | pub struct LegacyRoute {
   |            ^^^^^^^^^^^

warning: associated items `new`, `arm`, `cancel`, `execute`, and 
`set_epitaph` are never used
   --> src\stubs\legacy.rs:42:12
    |
 41 | impl LegacyRoute {
    | ---------------- associated items in this implementation
 42 |     pub fn new(owner_address: String, legacy_address: 
String, star_id: String) -> Self {
    |            ^^^
...
 62 |     pub fn arm(&mut self) -> Result<()> {
    |            ^^^
...
 80 |     pub fn cancel(&mut self) -> Result<()> {
    |            ^^^^^^
...
 92 |     pub fn execute(&mut self, amount: u128) -> Result<()> {
    |            ^^^^^^^
...
109 |     pub fn set_epitaph(&mut self, epitaph: String) {
    |            ^^^^^^^^^^^

warning: struct `LegacyManager` is never constructed
   --> src\stubs\legacy.rs:115:12
    |
115 | pub struct LegacyManager {
    |            ^^^^^^^^^^^^^

warning: associated items `new`, `validate`, `get`, and `save` are 
never used
   --> src\stubs\legacy.rs:120:12
    |
119 | impl LegacyManager {
    | ------------------ associated items in this implementation
120 |     pub fn new(_db: &sled::Db) -> Result<Self> {
    |            ^^^
...
125 |     pub fn validate(&self, route: &LegacyRoute) -> 
Result<()> {
    |            ^^^^^^^^
...
139 |     pub fn get(&self, _owner_address: &str) -> 
Result<Option<LegacyRoute>> {
    |            ^^^
...
144 |     pub fn save(&self, _route: &LegacyRoute) -> Result<()> {
    |            ^^^^

warning: function `legacy_message` is never used
   --> src\stubs\legacy.rs:150:8
    |
150 | pub fn legacy_message(status: LegacyStatus) -> &'static str {
    |        ^^^^^^^^^^^^^^

warning: struct `EternalBroadcastId` is never constructed
 --> src\stubs\ebid.rs:6:12
  |
6 | pub struct EternalBroadcastId {
  |            ^^^^^^^^^^^^^^^^^^

warning: associated items `generate` and `with_tag` are never used
  --> src\stubs\ebid.rs:13:12
   |
12 | impl EternalBroadcastId {
   | ----------------------- associated items in this 
implementation
13 |     pub fn generate() -> Self {
   |            ^^^^^^^^
...
21 |     pub fn with_tag(mut self, tag: String) -> Self {
   |            ^^^^^^^^

warning: struct `EbidManager` is never constructed
  --> src\stubs\ebid.rs:27:12
   |
27 | pub struct EbidManager {
   |            ^^^^^^^^^^^

warning: associated items `new` and `get_ebid` are never used
  --> src\stubs\ebid.rs:32:12
   |
31 | impl EbidManager {
   | ---------------- associated items in this implementation
32 |     pub fn new(_db: &sled::Db) -> Result<Self, String> {
   |            ^^^
...
38 |     pub fn get_ebid(&self) -> &EternalBroadcastId {
   |            ^^^^^^^^

warning: struct `PendingReward` is never constructed
 --> src\stubs\pending_rewards.rs:6:12
  |
6 | pub struct PendingReward {
  |            ^^^^^^^^^^^^^

warning: function `load_pending_reward` is never used
  --> src\stubs\pending_rewards.rs:22:8
   |
22 | pub fn load_pending_reward(_recipient: &str) -> 
Result<Option<PendingReward>, String> {
   |        ^^^^^^^^^^^^^^^^^^^

warning: function `save_pending_reward` is never used
  --> src\stubs\pending_rewards.rs:26:8
   |
26 | pub fn save_pending_reward(_reward: &PendingReward) -> 
Result<(), String> {
   |        ^^^^^^^^^^^^^^^^^^^

warning: function `claim_reward` is never used
  --> src\stubs\pending_rewards.rs:30:8
   |
30 | pub fn claim_reward(_recipient: &str) -> Result<u128, String> 
{
   |        ^^^^^^^^^^^^

warning: struct `OraclePrice` is never constructed
 --> src\stubs\oracle.rs:6:12
  |
6 | pub struct OraclePrice {
  |            ^^^^^^^^^^^

warning: function `get_price` is never used
  --> src\stubs\oracle.rs:22:8
   |
22 | pub fn get_price(_symbol: &str) -> Result<OraclePrice, 
String> {
   |        ^^^^^^^^^

warning: function `get_latest_price` is never used
  --> src\stubs\oracle.rs:26:8
   |
26 | pub fn get_latest_price(_symbol: &str) -> Option<f64> {
   |        ^^^^^^^^^^^^^^^^

warning: function `update_price` is never used
  --> src\stubs\oracle.rs:30:8
   |
30 | pub fn update_price(_symbol: &str, _price: f64) -> Result<(), 
String> {
   |        ^^^^^^^^^^^^

warning: calls to `std::mem::drop` with a reference instead of an 
owned value does nothing
    --> src\main.rs:3781:13
     |
3781 |             drop(miner_bal); // Release borrow before 
calling chain methods
     |             ^^^^^---------^
     |                  |
     |                  argument has type `&mut u128`
     |
     = note: `#[warn(dropping_references)]` on by default
help: use `let _ = ...` to ignore the expression or result
     |
3781 -             drop(miner_bal); // Release borrow before 
calling chain methods
3781 +             let _ = miner_bal; // Release borrow before 
calling chain methods
     |

warning: `vision-node` (bin "vision-node") generated 397 warnings 
(run `cargo fix --bin "vision-node"` to apply 36 suggestions)
    Finished `release` profile [optimized] target(s) in 13m 44s
