[2m2025-12-24T13:53:57.539240Z[0m [32m INFO[0m [2mvision_node::telemetry::swarm_telemetry[0m[2m:[0m 
[2m2025-12-24T13:53:57.540277Z[0m [32m INFO[0m [2mvision_node::telemetry::swarm_telemetry[0m[2m:[0m    __      ___      _                 _   _           _      
[2m2025-12-24T13:53:57.540539Z[0m [32m INFO[0m [2mvision_node::telemetry::swarm_telemetry[0m[2m:[0m    \ \    / (_)    (_)               | \ | |         | |     
[2m2025-12-24T13:53:57.540708Z[0m [32m INFO[0m [2mvision_node::telemetry::swarm_telemetry[0m[2m:[0m     \ \  / / _ ___ _  ___  _ __      |  \| | ___   __| | ___ 
[2m2025-12-24T13:53:57.540862Z[0m [32m INFO[0m [2mvision_node::telemetry::swarm_telemetry[0m[2m:[0m      \ \/ / | / __| |/ _ \| '_ \     | . ` |/ _ \ / _` |/ _ \
[2m2025-12-24T13:53:57.541020Z[0m [32m INFO[0m [2mvision_node::telemetry::swarm_telemetry[0m[2m:[0m       \  /  | \__ \ | (_) | | | |    | |\  | (_) | (_| |  __/
[2m2025-12-24T13:53:57.541142Z[0m [32m INFO[0m [2mvision_node::telemetry::swarm_telemetry[0m[2m:[0m        \/   |_|___/_|\___/|_| |_|    |_| \_|\___/ \__,_|\___|
[2m2025-12-24T13:53:57.541291Z[0m [32m INFO[0m [2mvision_node::telemetry::swarm_telemetry[0m[2m:[0m 
[2m2025-12-24T13:53:57.541454Z[0m [32m INFO[0m [2mvision_node::telemetry::swarm_telemetry[0m[2m:[0m 🌌 Vision Node starting up...
[2m2025-12-24T13:53:57.541604Z[0m [32m INFO[0m [2mvision_node::telemetry::swarm_telemetry[0m[2m:[0m    Version : 3.0.0
[2m2025-12-24T13:53:57.541863Z[0m [32m INFO[0m [2mvision_node::telemetry::swarm_telemetry[0m[2m:[0m    Network : vision-constellation-1
[2m2025-12-24T13:53:57.542005Z[0m [32m INFO[0m [2mvision_node::telemetry::swarm_telemetry[0m[2m:[0m    Mode    : Constellation
[2m2025-12-24T13:53:57.542156Z[0m [32m INFO[0m [2mvision_node::telemetry::swarm_telemetry[0m[2m:[0m 
[2m2025-12-24T13:53:57.996694Z[0m [32m INFO[0m [2mvision_node::telemetry::swarm_telemetry[0m[2m:[0m [HW] CPU: Intel(R) Core(TM) i5-9300H CPU @ 2.40GHz | physical cores: 4 | logical threads: 8
[2m2025-12-24T13:53:58.007718Z[0m [32m INFO[0m [2mvision_node[0m[2m:[0m 🌌 Vision Constellation node starting up [3madmin_token[0m[2m=[0munset
[2m2025-12-24T13:53:58.009457Z[0m [32m INFO[0m [2mvision_node[0m[2m:[0m [DATA] Vision data dir: C:\vision-node\./vision_data_7070
[2m2025-12-24T13:53:58.108601Z[0m [32m INFO[0m [2mvision_node[0m[2m:[0m 🌌 Vision Chain Initialized
Bootstrap Prefix: vision-constellation-bootstrap-1
Chain ID: 1cc7…64cc
Handshake: v3
[2m2025-12-24T13:53:58.111260Z[0m [32m INFO[0m [2mvision_node[0m[2m:[0m ✅ Genesis hash validation PASSED: d6469ec95f56b56be4921ef40b9795902c96f2ad26582ef8db8fac46f4a7aa13
[2m2025-12-24T13:53:58.112039Z[0m [32m INFO[0m [2mvision_node::chain_era[0m[2m:[0m [CHAIN_ERA] Initialized - Current era: MINING (Block emissions active)
[2m2025-12-24T13:53:58.112455Z[0m [32m INFO[0m [2mvision_node::legacy[0m[2m:[0m [LEGACY] Legacy routing system initialized
[2m2025-12-24T13:53:58.112791Z[0m [32m INFO[0m [2mvision_node::governance[0m[2m:[0m [GOVERNANCE] System initialized
[2m2025-12-24T13:53:58.113102Z[0m [32m INFO[0m [2mvision_node::governance[0m[2m:[0m [GOVERNANCE] Proposal fee: 10000 LAND
[2m2025-12-24T13:53:58.113931Z[0m [32m INFO[0m [2mvision_node::governance[0m[2m:[0m [GOVERNANCE] Voting duration: 48 hours
[2m2025-12-24T13:53:58.114106Z[0m [32m INFO[0m [2mvision_node::governance[0m[2m:[0m [GOVERNANCE] Required majority: 51%
[2m2025-12-24T13:53:58.115186Z[0m [32m INFO[0m [2mvision_node::governance::dev_payouts[0m[2m:[0m [DEV_PAYOUT] Manager initialized
[2m2025-12-24T13:53:58.115354Z[0m [32m INFO[0m [2mvision_node::governance::dev_payouts[0m[2m:[0m [DEV_PAYOUT] Board slots: 0/6
[2m2025-12-24T13:53:58.115541Z[0m [32m INFO[0m [2mvision_node::governance::dev_payouts[0m[2m:[0m [DEV_PAYOUT] Employee slots: 0/9
[2m2025-12-24T13:53:58.115698Z[0m [32m INFO[0m [2mvision_node::governance::dev_payouts[0m[2m:[0m [DEV_PAYOUT] Total allocated: 0%
[2m2025-12-24T13:53:58.117613Z[0m [32m INFO[0m [2mvision_node[0m[2m:[0m loading mempool from disk [3mcritical_count[0m[2m=[0m0 [3mbulk_count[0m[2m=[0m0 [3mlast_save[0m[2m=[0m1766478037
[2m2025-12-24T13:53:58.120693Z[0m [32m INFO[0m [2mvision_node[0m[2m:[0m mempool loaded from disk [3mrecovered[0m[2m=[0m0 [3mcritical[0m[2m=[0m0 [3mbulk[0m[2m=[0m0 [3mduration_ms[0m[2m=[0m2
[2m2025-12-24T13:53:58.121237Z[0m [32m INFO[0m [2mvision_node[0m[2m:[0m 📊 Chain initialized with 10 blocks [3mheight[0m[2m=[0m10
[2m2025-12-24T13:53:58.121519Z[0m [32m INFO[0m [2mvision_node[0m[2m:[0m [BOOT] Vision Node vv3.0.0-CONSTELLATION starting
[2m2025-12-24T13:53:58.121751Z[0m [32m INFO[0m [2mvision_node[0m[2m:[0m ⚔️  VisionX Consensus Params (HARDCODED): dataset=256MB scratch=32MB reads=4 writes=every 4 mix=65536
[2m2025-12-24T13:53:58.121962Z[0m [32m INFO[0m [2mvision_node[0m[2m:[0m     All nodes MUST use these params for block validation (changing = hard fork)
[2m2025-12-24T13:53:58.122239Z[0m [32m INFO[0m [2mvision_node[0m[2m:[0m [BOOT] Protocol: v2 | Build: v3.0-constellation | Network: vision-constellation-1
[2m2025-12-24T13:53:58.122479Z[0m [32m INFO[0m [2mvision_node[0m[2m:[0m [BOOT] Genesis: d6469ec95f56b56b... | Chain ID: 1cc7066e2af70fb8e17e1495cd4714b2b97671ec284b67775078502a598764cc
[2m2025-12-24T13:53:58.123589Z[0m [32m INFO[0m [2mvision_node::identity::node_id[0m[2m:[0m 🔑 Loaded existing node identity
[2m2025-12-24T13:53:58.123728Z[0m [32m INFO[0m [2mvision_node::identity::node_id[0m[2m:[0m    Node ID: 3e1613a63facddc43086ef80d393e396ddda84e6
[2m2025-12-24T13:53:58.123847Z[0m [32m INFO[0m [2mvision_node::identity::node_id[0m[2m:[0m    Public Key: B9mhG8jcanUtoGqS3D4p1SqAvtOMUHzc58dRUeDF1Uk=
[2m2025-12-24T13:53:58.124286Z[0m [32m INFO[0m [2mvision_node[0m[2m:[0m [BOOT] ✅ No legacy identity found - clean start
[2m2025-12-24T13:53:58.124402Z[0m [32m INFO[0m [2mvision_node[0m[2m:[0m [BOOT] 🔑 Node ID: 3e1613a63facddc43086ef80d393e396ddda84e6
[2m2025-12-24T13:53:58.124518Z[0m [32m INFO[0m [2mvision_node[0m[2m:[0m [BOOT] 📋 Public Key: B9mhG8jcanUtoGqS3D4p1SqAvtOMUHzc58dRUeDF1Uk=
[2m2025-12-24T13:53:58.124623Z[0m [32m INFO[0m [2mvision_node[0m[2m:[0m [BOOT] ✅ Identity: Verified (Ed25519-derived)
[2m2025-12-24T13:53:58.125277Z[0m [32m INFO[0m [2mvision_node[0m[2m:[0m [P2P REACHABILITY] Auto-detecting external IP...
[2m2025-12-24T13:53:58.125715Z[0m [32m INFO[0m [2mp2p::external_ip[0m[2m:[0m Detecting external IP address...
[2m2025-12-24T13:53:58.742746Z[0m [32m INFO[0m [2mp2p::external_ip[0m[2m:[0m ✓ Detected external IP via ipify: 35.151.236.81
[2m2025-12-24T13:53:58.742950Z[0m [32m INFO[0m [2mvision_node[0m[2m:[0m [P2P REACHABILITY] ✅ Advertised P2P address: 35.151.236.81:7072
[2m2025-12-24T13:53:58.743172Z[0m [32m INFO[0m [2mvision_node[0m[2m:[0m 🛡️  Shutdown coordinator initialized
[2m2025-12-24T13:53:58.743419Z[0m [32m INFO[0m [2mvision_node[0m[2m:[0m Initialized shard 0
[2m2025-12-24T13:53:58.743583Z[0m [32m INFO[0m [2mvision_node[0m[2m:[0m Initialized shard 1
[2m2025-12-24T13:53:58.743786Z[0m [32m INFO[0m [2mvision_node[0m[2m:[0m Initialized shard 2
[2m2025-12-24T13:53:58.743986Z[0m [32m INFO[0m [2mvision_node[0m[2m:[0m Initialized shard 3
[2m2025-12-24T13:53:58.744214Z[0m [32m INFO[0m [2mvision_node[0m[2m:[0m Sharding system initialized with 4 shards
[2m2025-12-24T13:53:58.744448Z[0m [32m INFO[0m [2mvision_node[0m[2m:[0m 🔄 Sync health cache updater started (1s interval)
[2m2025-12-24T13:53:58.744532Z[0m [32m INFO[0m [2mvision_node::p2p::peer_manager[0m[2m:[0m [PEER MANAGER] Initialized with persistent storage
[2m2025-12-24T13:53:58.744630Z[0m [32m INFO[0m [2mvision_node[0m[2m:[0m ⛏️ PoW mining loop started
[2m2025-12-24T13:53:58.744648Z[0m [32m INFO[0m [2mvision_node[0m[2m:[0m 💰 Pending rewards retry loop started (30s interval)
[2m2025-12-24T13:53:58.745014Z[0m [32m INFO[0m [2mvision_node[0m[2m:[0m mempool TTL sweeping configured [3mmempool_ttl_secs[0m[2m=[0m900 [3mmempool_sweep_secs[0m[2m=[0m60
[2m2025-12-24T13:53:58.745070Z[0m [32m INFO[0m [2mvision_node::p2p::peer_store[0m[2m:[0m [PEER BOOK] Opened Vision Peer Book database with scope='pb_vision-c'
[2m2025-12-24T13:53:58.745680Z[0m [32m INFO[0m [2mvision_node[0m[2m:[0m [PEER BOOK] total=8, seeds=8, avg_health=100.0
[2m2025-12-24T13:53:58.756612Z[0m [32m INFO[0m [2mvision_node::p2p::peer_store[0m[2m:[0m [PEER BOOK] Opened Vision Peer Book database with scope='pb_vision-c'
[2m2025-12-24T13:53:58.757590Z[0m [32m INFO[0m [2mvision_node[0m[2m:[0m [PEER BOOK] total=8, seeds=8, avg_health=100.0
[2m2025-12-24T13:53:59.285421Z[0m [32m INFO[0m [2mvision_node::p2p::seed_peers[0m[2m:[0m [SEED_SYNC] 🌱 Starting periodic seed sync (every 5 minutes)
[2m2025-12-24T13:53:59.297478Z[0m [32m INFO[0m [2mvision_node[0m[2m:[0m serving static files from [3mpublic_dir[0m[2m=[0mC:\vision-node\target\release\public
[2m2025-12-24T13:53:59.297769Z[0m [32m INFO[0m [2mvision_node[0m[2m:[0m serving wallet from [3mwallet_dir[0m[2m=[0mC:\vision-node\target\release\public
[2m2025-12-24T13:53:59.309546Z[0m [32m INFO[0m [2mvision_node[0m[2m:[0m 🆔 P2P initialized with Ed25519-derived node ID: 3e1613a63facddc43086ef80d393e396ddda84e6
[2m2025-12-24T13:53:59.318034Z[0m [32m INFO[0m [2mvision_node[0m[2m:[0m [VISION] 🎫 Initiating Vision Identity handshake...
[2m2025-12-24T13:53:59.318564Z[0m [32m INFO[0m [2mvision_node[0m[2m:[0m [VISION] ✅ Node identity: Local mode (no website integration)
[2m2025-12-24T13:53:59.320144Z[0m [32m INFO[0m [2mvision_node::constellation_beacon[0m[2m:[0m [BEACON] Will connect to Guardian beacon at: https://visionworld.tech
[2m2025-12-24T13:53:59.320620Z[0m [32m INFO[0m [2mvision_node::constellation_beacon[0m[2m:[0m [BEACON] Initialized | Mode: passive | Node: 3e1613a63facddc43086ef80d393e396ddda84e6
[2m2025-12-24T13:53:59.320914Z[0m [32m INFO[0m [2mvision_node::constellation_beacon[0m[2m:[0m [BEACON] Running in PASSIVE mode - will register with Guardian
[2m2025-12-24T13:53:59.321229Z[0m [32m INFO[0m [2mvision_node[0m[2m:[0m [BEACON] 🌌 Constellation beacon started - will register with Guardian
[2m2025-12-24T13:53:59.321413Z[0m [32m INFO[0m [2mvision_node::constellation_beacon[0m[2m:[0m [BEACON] Connecting to Guardian beacon at: https://visionworld.tech
[2m2025-12-24T13:53:59.321625Z[0m [32m INFO[0m [2mvision_node[0m[2m:[0m [BOOTSTRAP] Detection: PURE_SWARM=true, MIN_PEERS=3, SKIP=false
[2m2025-12-24T13:53:59.321975Z[0m [32m INFO[0m [2mvision_node::constellation_beacon[0m[2m:[0m [BEACON] Registering with Guardian beacon at: https://visionworld.tech/api/beacon/register
[2m2025-12-24T13:53:59.322196Z[0m [32m INFO[0m [2mvision_node[0m[2m:[0m [BOOTSTRAP] Starting Phase 5 unified bootstrap sequence...
[2m2025-12-24T13:53:59.323280Z[0m [33m WARN[0m [2mvision_node::constellation_beacon[0m[2m:[0m [BEACON] No admission ticket available - registration may fail with 401
[2m2025-12-24T13:53:59.323487Z[0m [32m INFO[0m [2mvision_node[0m[2m:[0m [P2P] Local protocol version: 2 (allowed range: 2-2)
[2m2025-12-24T13:53:59.323703Z[0m [32m INFO[0m [2mvision_node[0m[2m:[0m [P2P] 🔌 Starting IPv4-only P2P listener on 0.0.0.0:7072
[2m2025-12-24T13:53:59.323889Z[0m [32m INFO[0m [2mvision_node[0m[2m:[0m [P2P] ✅ P2P listener started - ready for peer connections
[2m2025-12-24T13:53:59.324094Z[0m [32m INFO[0m [2mvision_node::telemetry::swarm_telemetry[0m[2m:[0m [GEOIP] VISION_GEOIP_DB not set; constellation heatmap disabled
[2m2025-12-24T13:53:59.324323Z[0m [32m INFO[0m [2mvision_node[0m[2m:[0m [UPnP] ℹ️  UPnP disabled - ensure manual port forwarding if needed
[2m2025-12-24T13:53:59.324620Z[0m [32m INFO[0m [2mvision_node[0m[2m:[0m [IMMORTALITY] 🔄 Starting self-healing constellation systems...
[2m2025-12-24T13:53:59.324859Z[0m [32m INFO[0m [2mvision_node[0m[2m:[0m [IMMORTALITY] Peer recovery: check every 30s, maintain 3 peers
[2m2025-12-24T13:53:59.325266Z[0m [32m INFO[0m [2mvision_node[0m[2m:[0m [IMMORTALITY] Guardian rotation: check every 60s
[2m2025-12-24T13:53:59.324452Z[0m [32m INFO[0m [2mvision_node::p2p::peer_store[0m[2m:[0m [PEER BOOK] Opened Vision Peer Book database with scope='pb_vision-c'
[2m2025-12-24T13:53:59.325312Z[0m [32m INFO[0m [2mvision_node::p2p::connection[0m[2m:[0m [P2P] Listener started on 0.0.0.0:7072 (IPv4-only mode)
[2m2025-12-24T13:53:59.326114Z[0m [32m INFO[0m [2mvision_node::telemetry::swarm_telemetry[0m[2m:[0m [SWARM] ⠋ discovering peers... connected=0 known=8
[2m2025-12-24T13:53:59.326149Z[0m [32m INFO[0m [2mvision_node::p2p::recovery[0m[2m:[0m [PEER_RECOVERY] Starting autonomous recovery loop (interval: 30s, min_peers: 3)
[2m2025-12-24T13:53:59.408012Z[0m [32m INFO[0m [2mvision_node::p2p::p2p_config[0m[2m:[0m Loaded seed peers configuration [3mseed_peers[0m[2m=[0m0 [3mmin_connections[0m[2m=[0m8 [3mmax_connections[0m[2m=[0m16
[2m2025-12-24T13:53:59.408383Z[0m [32m INFO[0m [2mvision_node::p2p::peer_store[0m[2m:[0m [PEER BOOK] Opened Vision Peer Book database with scope='pb_vision-c'
[2m2025-12-24T13:53:59.408598Z[0m [32m INFO[0m [2mvision_node[0m[2m:[0m [IMMORTALITY] ✅ Self-healing constellation active - Hydra mode enabled 🐍
[2m2025-12-24T13:53:59.408644Z[0m [32m INFO[0m [2mvision_node::p2p::connection_maintainer[0m[2m:[0m [CONN_MAINTAINER] 🔧 Starting connection maintainer (interval: 30s, min_peers: 8, max_peers: 16)
[2m2025-12-24T13:53:59.408772Z[0m [32m INFO[0m [2mvision_node[0m[2m:[0m [GOVERNANCE] Starting proposal closer loop (check interval: 300s)
[2m2025-12-24T13:53:59.408959Z[0m [32m INFO[0m [2mvision_node::guardian::rotation[0m[2m:[0m [GUARDIAN_ROTATION] Starting rotation monitoring loop (interval: 60s)
[2m2025-12-24T13:53:59.409065Z[0m [32m INFO[0m [2mvision_node[0m[2m:[0m [PEER MOOD] Starting periodic mood refresh task...
[2m2025-12-24T13:53:59.409401Z[0m [32m INFO[0m [2mvision_node::governance[0m[2m:[0m [GOVERNANCE] Closer loop started (check interval: 300s)
[2m2025-12-24T13:53:59.409590Z[0m [32m INFO[0m [2mvision_node::p2p::connection_maintainer[0m[2m:[0m [GOSSIP] 🌐 Starting periodic gossip loop (30s interval)
[2m2025-12-24T13:53:59.410168Z[0m [32m INFO[0m [2mvision_node[0m[2m:[0m [TRUSTED PEERS] Starting auto-trust promotion task...
[2m2025-12-24T13:53:59.410899Z[0m [32m INFO[0m [2mvision_node[0m[2m:[0m [DISCORD OAUTH] Discord-wallet linking available at /api/discord/*
[2m2025-12-24T13:53:59.411065Z[0m [32m INFO[0m [2mvision_node[0m[2m:[0m Vision node HTTP API listening [3mlisten[0m[2m=[0m0.0.0.0:7070
[2m2025-12-24T13:53:59.411582Z[0m [32m INFO[0m [2mvision_node[0m[2m:[0m 🔧 TCP keepalive configured (60s interval) to prevent idle connection timeouts
[2m2025-12-24T13:53:59.411845Z[0m [32m INFO[0m [2mvision_node[0m[2m:[0m [INTEGRATION] ✅ Task started, waiting for FoundPowBlock channel...
[2m2025-12-24T13:53:59.412328Z[0m [32m INFO[0m [2mvision_node[0m[2m:[0m [INTEGRATION] ✅ Channel locked, entering receive loop
[2m2025-12-24T13:53:59.418524Z[0m [32m INFO[0m [2mvision_node::p2p::peer_store[0m[2m:[0m [PEER BOOK] Opened Vision Peer Book database with scope='pb_vision-c'
[2m2025-12-24T13:53:59.420934Z[0m [32m INFO[0m [2mvision_node::p2p::peer_store[0m[2m:[0m [PEER BOOK] Opened Vision Peer Book database with scope='pb_vision-c'
[2m2025-12-24T13:53:59.697740Z[0m [33m WARN[0m [2mvision_node::constellation_beacon[0m[2m:[0m [BEACON] Guardian registration failed: status=530 <unknown status code> body=error code: 1033
[2m2025-12-24T13:54:01.413584Z[0m [32m INFO[0m [2mmining[0m[2m:[0m [REWARD] Warmup active (height=10 < 1000), rewards disabled.
[2m2025-12-24T13:54:01.442897Z[0m [32m INFO[0m [2mvision_node::miner::manager[0m[2m:[0m [MINER-JOB] Created mining job [3mheight[0m[2m=[0m10 [3mdifficulty[0m[2m=[0m10000 [3mepoch[0m[2m=[0m0 [3mseed0[0m[2m=[0m[0, 0, 0, 0] [3mtarget0[0m[2m=[0m[0, 6, 141, 184, 186, 199, 16, 203] [3mmessage_bytes_len[0m[2m=[0m312
[2m2025-12-24T13:54:03.452652Z[0m [32m INFO[0m [2mmining[0m[2m:[0m [REWARD] Warmup active (height=10 < 1000), rewards disabled.
[2m2025-12-24T13:54:03.453859Z[0m [32m INFO[0m [2mvision_node::miner::manager[0m[2m:[0m [MINER-JOB] Created mining job [3mheight[0m[2m=[0m10 [3mdifficulty[0m[2m=[0m10000 [3mepoch[0m[2m=[0m0 [3mseed0[0m[2m=[0m[0, 0, 0, 0] [3mtarget0[0m[2m=[0m[0, 6, 141, 184, 186, 199, 16, 203] [3mmessage_bytes_len[0m[2m=[0m312
[2m2025-12-24T13:54:04.326527Z[0m [32m INFO[0m [2mvision_node[0m[2m:[0m [BOOTSTRAP] 🚀 Executing unified bootstrap...
[2m2025-12-24T13:54:04.327179Z[0m [32m INFO[0m [2mvision_node::p2p::bootstrap[0m[2m:[0m [BOOTSTRAP] Starting Phase 5 unified bootstrap sequence
[2m2025-12-24T13:54:04.327411Z[0m [32m INFO[0m [2mvision_node::p2p::bootstrap[0m[2m:[0m [BOOTSTRAP] Phase -1: Hydrating peer book from HTTP anchors...
[2m2025-12-24T13:54:04.327708Z[0m [32m INFO[0m [2mvision_node::p2p::bootstrap[0m[2m:[0m [HTTP_BOOTSTRAP] No VISION_ANCHOR_SEEDS configured, using default anchors (probing HTTP 7070) [3mcount[0m[2m=[0m7
[2m2025-12-24T13:54:04.327932Z[0m [32m INFO[0m [2mvision_node::p2p::bootstrap[0m[2m:[0m [HTTP_BOOTSTRAP] Querying 7 anchors for seed peers [3mcount[0m[2m=[0m7
[2m2025-12-24T13:54:04.328607Z[0m [32m INFO[0m [2mvision_node::p2p::peer_store[0m[2m:[0m [PEER BOOK] Opened Vision Peer Book database with scope='pb_vision-c'
[2m2025-12-24T13:54:04.328923Z[0m [32m INFO[0m [2mvision_node::telemetry::swarm_telemetry[0m[2m:[0m [SWARM] ⠙ discovering peers... connected=0 known=8
[2m2025-12-24T13:54:05.461401Z[0m [32m INFO[0m [2mmining[0m[2m:[0m [REWARD] Warmup active (height=10 < 1000), rewards disabled.
[2m2025-12-24T13:54:05.464752Z[0m [32m INFO[0m [2mvision_node::miner::manager[0m[2m:[0m [MINER-JOB] Created mining job [3mheight[0m[2m=[0m10 [3mdifficulty[0m[2m=[0m10000 [3mepoch[0m[2m=[0m0 [3mseed0[0m[2m=[0m[0, 0, 0, 0] [3mtarget0[0m[2m=[0m[0, 6, 141, 184, 186, 199, 16, 203] [3mmessage_bytes_len[0m[2m=[0m312
[2m2025-12-24T13:54:07.481181Z[0m [32m INFO[0m [2mmining[0m[2m:[0m [REWARD] Warmup active (height=10 < 1000), rewards disabled.
[2m2025-12-24T13:54:07.482818Z[0m [32m INFO[0m [2mvision_node::miner::manager[0m[2m:[0m [MINER-JOB] Created mining job [3mheight[0m[2m=[0m10 [3mdifficulty[0m[2m=[0m10000 [3mepoch[0m[2m=[0m0 [3mseed0[0m[2m=[0m[0, 0, 0, 0] [3mtarget0[0m[2m=[0m[0, 6, 141, 184, 186, 199, 16, 203] [3mmessage_bytes_len[0m[2m=[0m312
[2m2025-12-24T13:54:09.334542Z[0m [32m INFO[0m [2mvision_node::p2p::peer_store[0m[2m:[0m [PEER BOOK] Opened Vision Peer Book database with scope='pb_vision-c'
[2m2025-12-24T13:54:09.334793Z[0m [33m WARN[0m [2mvision_node::p2p::bootstrap[0m[2m:[0m [HTTP_BOOTSTRAP] ❌ Failed to fetch from anchor: error sending request for url (http://35.151.236.81:7070/api/p2p/seed_peers)

Caused by:
    operation timed out [3manchor[0m[2m=[0m35.151.236.81 [3merror[0m[2m=[0merror sending request for url (http://35.151.236.81:7070/api/p2p/seed_peers)
[2m2025-12-24T13:54:09.335220Z[0m [32m INFO[0m [2mvision_node::telemetry::swarm_telemetry[0m[2m:[0m [SWARM] ⠚ discovering peers... connected=0 known=8
[2m2025-12-24T13:54:09.499927Z[0m [32m INFO[0m [2mmining[0m[2m:[0m [REWARD] Warmup active (height=10 < 1000), rewards disabled.
[2m2025-12-24T13:54:09.502568Z[0m [32m INFO[0m [2mvision_node::miner::manager[0m[2m:[0m [MINER-JOB] Created mining job [3mheight[0m[2m=[0m10 [3mdifficulty[0m[2m=[0m10000 [3mepoch[0m[2m=[0m0 [3mseed0[0m[2m=[0m[0, 0, 0, 0] [3mtarget0[0m[2m=[0m[0, 6, 141, 184, 186, 199, 16, 203] [3mmessage_bytes_len[0m[2m=[0m312
[2m2025-12-24T13:54:11.514620Z[0m [32m INFO[0m [2mmining[0m[2m:[0m [REWARD] Warmup active (height=10 < 1000), rewards disabled.
[2m2025-12-24T13:54:11.516949Z[0m [32m INFO[0m [2mvision_node::miner::manager[0m[2m:[0m [MINER-JOB] Created mining job [3mheight[0m[2m=[0m10 [3mdifficulty[0m[2m=[0m10000 [3mepoch[0m[2m=[0m0 [3mseed0[0m[2m=[0m[0, 0, 0, 0] [3mtarget0[0m[2m=[0m[0, 6, 141, 184, 186, 199, 16, 203] [3mmessage_bytes_len[0m[2m=[0m312
[2m2025-12-24T13:54:13.529074Z[0m [32m INFO[0m [2mmining[0m[2m:[0m [REWARD] Warmup active (height=10 < 1000), rewards disabled.
[2m2025-12-24T13:54:13.531126Z[0m [32m INFO[0m [2mvision_node::miner::manager[0m[2m:[0m [MINER-JOB] Created mining job [3mheight[0m[2m=[0m10 [3mdifficulty[0m[2m=[0m10000 [3mepoch[0m[2m=[0m0 [3mseed0[0m[2m=[0m[0, 0, 0, 0] [3mtarget0[0m[2m=[0m[0, 6, 141, 184, 186, 199, 16, 203] [3mmessage_bytes_len[0m[2m=[0m312
[2m2025-12-24T13:54:14.351435Z[0m [32m INFO[0m [2mvision_node::p2p::peer_store[0m[2m:[0m [PEER BOOK] Opened Vision Peer Book database with scope='pb_vision-c'
[2m2025-12-24T13:54:14.351547Z[0m [33m WARN[0m [2mvision_node::p2p::bootstrap[0m[2m:[0m [HTTP_BOOTSTRAP] ❌ Failed to fetch from anchor: error sending request for url (http://16.163.123.221:7070/api/p2p/seed_peers)

Caused by:
    operation timed out [3manchor[0m[2m=[0m16.163.123.221 [3merror[0m[2m=[0merror sending request for url (http://16.163.123.221:7070/api/p2p/seed_peers)
[2m2025-12-24T13:54:14.351882Z[0m [32m INFO[0m [2mvision_node::telemetry::swarm_telemetry[0m[2m:[0m [SWARM] ⠞ discovering peers... connected=0 known=8
[2m2025-12-24T13:54:15.550625Z[0m [32m INFO[0m [2mmining[0m[2m:[0m [REWARD] Warmup active (height=10 < 1000), rewards disabled.
[2m2025-12-24T13:54:15.552466Z[0m [32m INFO[0m [2mvision_node::miner::manager[0m[2m:[0m [MINER-JOB] Created mining job [3mheight[0m[2m=[0m10 [3mdifficulty[0m[2m=[0m10000 [3mepoch[0m[2m=[0m0 [3mseed0[0m[2m=[0m[0, 0, 0, 0] [3mtarget0[0m[2m=[0m[0, 6, 141, 184, 186, 199, 16, 203] [3mmessage_bytes_len[0m[2m=[0m312
[2m2025-12-24T13:54:17.560931Z[0m [32m INFO[0m [2mmining[0m[2m:[0m [REWARD] Warmup active (height=10 < 1000), rewards disabled.
[2m2025-12-24T13:54:17.563311Z[0m [32m INFO[0m [2mvision_node::miner::manager[0m[2m:[0m [MINER-JOB] Created mining job [3mheight[0m[2m=[0m10 [3mdifficulty[0m[2m=[0m10000 [3mepoch[0m[2m=[0m0 [3mseed0[0m[2m=[0m[0, 0, 0, 0] [3mtarget0[0m[2m=[0m[0, 6, 141, 184, 186, 199, 16, 203] [3mmessage_bytes_len[0m[2m=[0m312
[2m2025-12-24T13:54:19.353909Z[0m [33m WARN[0m [2mvision_node::p2p::bootstrap[0m[2m:[0m [HTTP_BOOTSTRAP] ❌ Failed to fetch from anchor: error sending request for url (http://69.173.206.211:7070/api/p2p/seed_peers)

Caused by:
    operation timed out [3manchor[0m[2m=[0m69.173.206.211 [3merror[0m[2m=[0merror sending request for url (http://69.173.206.211:7070/api/p2p/seed_peers)
[2m2025-12-24T13:54:19.357472Z[0m [32m INFO[0m [2mvision_node::p2p::peer_store[0m[2m:[0m [PEER BOOK] Opened Vision Peer Book database with scope='pb_vision-c'
[2m2025-12-24T13:54:19.357994Z[0m [32m INFO[0m [2mvision_node::telemetry::swarm_telemetry[0m[2m:[0m [SWARM] ⠖ discovering peers... connected=0 known=8
[2m2025-12-24T13:54:19.572103Z[0m [32m INFO[0m [2mmining[0m[2m:[0m [REWARD] Warmup active (height=10 < 1000), rewards disabled.
[2m2025-12-24T13:54:19.575115Z[0m [32m INFO[0m [2mvision_node::miner::manager[0m[2m:[0m [MINER-JOB] Created mining job [3mheight[0m[2m=[0m10 [3mdifficulty[0m[2m=[0m10000 [3mepoch[0m[2m=[0m0 [3mseed0[0m[2m=[0m[0, 0, 0, 0] [3mtarget0[0m[2m=[0m[0, 6, 141, 184, 186, 199, 16, 203] [3mmessage_bytes_len[0m[2m=[0m312
[2m2025-12-24T13:54:21.587985Z[0m [32m INFO[0m [2mmining[0m[2m:[0m [REWARD] Warmup active (height=10 < 1000), rewards disabled.
[2m2025-12-24T13:54:21.591731Z[0m [32m INFO[0m [2mvision_node::miner::manager[0m[2m:[0m [MINER-JOB] Created mining job [3mheight[0m[2m=[0m10 [3mdifficulty[0m[2m=[0m10000 [3mepoch[0m[2m=[0m0 [3mseed0[0m[2m=[0m[0, 0, 0, 0] [3mtarget0[0m[2m=[0m[0, 6, 141, 184, 186, 199, 16, 203] [3mmessage_bytes_len[0m[2m=[0m312
[2m2025-12-24T13:54:23.602642Z[0m [32m INFO[0m [2mmining[0m[2m:[0m [REWARD] Warmup active (height=10 < 1000), rewards disabled.
[2m2025-12-24T13:54:23.605449Z[0m [32m INFO[0m [2mvision_node::miner::manager[0m[2m:[0m [MINER-JOB] Created mining job [3mheight[0m[2m=[0m10 [3mdifficulty[0m[2m=[0m10000 [3mepoch[0m[2m=[0m0 [3mseed0[0m[2m=[0m[0, 0, 0, 0] [3mtarget0[0m[2m=[0m[0, 6, 141, 184, 186, 199, 16, 203] [3mmessage_bytes_len[0m[2m=[0m312
[2m2025-12-24T13:54:24.371683Z[0m [32m INFO[0m [2mvision_node::p2p::peer_store[0m[2m:[0m [PEER BOOK] Opened Vision Peer Book database with scope='pb_vision-c'
[2m2025-12-24T13:54:24.371986Z[0m [33m WARN[0m [2mvision_node::p2p::bootstrap[0m[2m:[0m [HTTP_BOOTSTRAP] ❌ Failed to fetch from anchor: error sending request for url (http://69.173.207.135:7070/api/p2p/seed_peers)

Caused by:
    operation timed out [3manchor[0m[2m=[0m69.173.207.135 [3merror[0m[2m=[0merror sending request for url (http://69.173.207.135:7070/api/p2p/seed_peers)
[2m2025-12-24T13:54:24.372895Z[0m [32m INFO[0m [2mvision_node::telemetry::swarm_telemetry[0m[2m:[0m [SWARM] ⠦ discovering peers... connected=0 known=8
[2m2025-12-24T13:54:25.623166Z[0m [32m INFO[0m [2mmining[0m[2m:[0m [REWARD] Warmup active (height=10 < 1000), rewards disabled.
[2m2025-12-24T13:54:25.625339Z[0m [32m INFO[0m [2mvision_node::miner::manager[0m[2m:[0m [MINER-JOB] Created mining job [3mheight[0m[2m=[0m10 [3mdifficulty[0m[2m=[0m10000 [3mepoch[0m[2m=[0m0 [3mseed0[0m[2m=[0m[0, 0, 0, 0] [3mtarget0[0m[2m=[0m[0, 6, 141, 184, 186, 199, 16, 203] [3mmessage_bytes_len[0m[2m=[0m312
[2m2025-12-24T13:54:27.642830Z[0m [32m INFO[0m [2mmining[0m[2m:[0m [REWARD] Warmup active (height=10 < 1000), rewards disabled.
[2m2025-12-24T13:54:27.645387Z[0m [32m INFO[0m [2mvision_node::miner::manager[0m[2m:[0m [MINER-JOB] Created mining job [3mheight[0m[2m=[0m10 [3mdifficulty[0m[2m=[0m10000 [3mepoch[0m[2m=[0m0 [3mseed0[0m[2m=[0m[0, 0, 0, 0] [3mtarget0[0m[2m=[0m[0, 6, 141, 184, 186, 199, 16, 203] [3mmessage_bytes_len[0m[2m=[0m312
[2m2025-12-24T13:54:28.935940Z[0m [32m INFO[0m [2mvision_node::mood_router[0m[2m:[0m [MOOD ROUTER] Decision: Mood: Celebration, Peers: 6, Propagation: Standard, TxPriority: Normal, Consensus: true | Mood: Celebration | Score: 0.95
[2m2025-12-24T13:54:29.412546Z[0m [32m INFO[0m [2mvision_node::p2p::memory[0m[2m:[0m [CONSTELLATION_MEMORY] Loaded 0 peers from persistent storage
[2m2025-12-24T13:54:29.414210Z[0m [33m WARN[0m [2mvision_node::p2p::recovery[0m[2m:[0m [PEER_RECOVERY] Peer count low (0). Requesting additional peers from beacon and peer book...
[2m2025-12-24T13:54:29.414436Z[0m [33m WARN[0m [2mvision_node::p2p::recovery[0m[2m:[0m [PEER_RECOVERY] No peers in constellation memory and 0 connected. Running in isolated mode.
[2m2025-12-24T13:54:29.414931Z[0m [32m INFO[0m [2mvision_node::p2p::peer_store[0m[2m:[0m [PEER BOOK] Opened Vision Peer Book database with scope='pb_vision-c'
[2m2025-12-24T13:54:29.415365Z[0m [32m INFO[0m [2mvision_node::telemetry::swarm_telemetry[0m[2m:[0m [SWARM] ⠴ discovering peers... connected=0 known=8
[2m2025-12-24T13:54:29.416401Z[0m [32m INFO[0m [2mp2p::maintainer[0m[2m:[0m 🔄 Connection expansion: connected=0/16 max, known_peers=8, attempting new connections
[2m2025-12-24T13:54:29.416377Z[0m [33m WARN[0m [2mvision_node::p2p::bootstrap[0m[2m:[0m [HTTP_BOOTSTRAP] ❌ Failed to fetch from anchor: error sending request for url (http://75.128.156.69:7070/api/p2p/seed_peers)

Caused by:
    operation timed out [3manchor[0m[2m=[0m75.128.156.69 [3merror[0m[2m=[0merror sending request for url (http://75.128.156.69:7070/api/p2p/seed_peers)
[2m2025-12-24T13:54:29.417685Z[0m [32m INFO[0m [2mvision_node::p2p::connection_maintainer[0m[2m:[0m [CONN_MAINTAINER] 🌐 Full mesh target: 8 unconnected peers, 16 slots available
[2m2025-12-24T13:54:29.419526Z[0m [32m INFO[0m [2mvision_node::p2p::connection_maintainer[0m[2m:[0m [CONN_MAINTAINER] 🌱 Trying 0 seed peers
[2m2025-12-24T13:54:29.421089Z[0m [32m INFO[0m [2mvision_node::p2p::connection_maintainer[0m[2m:[0m [CONN_MAINTAINER] 📖 Trying peers from peer store
[2m2025-12-24T13:54:29.423116Z[0m [32m INFO[0m [2mp2p::connect[0m[2m:[0m Attempting stored peer connection (maintainer) [3mpeer[0m[2m=[0mGENESIS-SEED-0 [3maddr[0m[2m=[0m35.151.236.81:7072 [3mhealth[0m[2m=[0m100
[2m2025-12-24T13:54:29.427990Z[0m [32m INFO[0m [2mvision_node::p2p::connection[0m[2m:[0m Connecting to peer [3mpeer[0m[2m=[0m35.151.236.81:7072 [3mnormalized[0m[2m=[0m35.151.236.81:7072
[2m2025-12-24T13:54:29.659812Z[0m [32m INFO[0m [2mmining[0m[2m:[0m [REWARD] Warmup active (height=10 < 1000), rewards disabled.
[2m2025-12-24T13:54:29.662932Z[0m [32m INFO[0m [2mvision_node::miner::manager[0m[2m:[0m [MINER-JOB] Created mining job [3mheight[0m[2m=[0m10 [3mdifficulty[0m[2m=[0m10000 [3mepoch[0m[2m=[0m0 [3mseed0[0m[2m=[0m[0, 0, 0, 0] [3mtarget0[0m[2m=[0m[0, 6, 141, 184, 186, 199, 16, 203] [3mmessage_bytes_len[0m[2m=[0m312
[2m2025-12-24T13:54:31.677620Z[0m [32m INFO[0m [2mmining[0m[2m:[0m [REWARD] Warmup active (height=10 < 1000), rewards disabled.
[2m2025-12-24T13:54:31.679089Z[0m [32m INFO[0m [2mvision_node::miner::manager[0m[2m:[0m [MINER-JOB] Created mining job [3mheight[0m[2m=[0m10 [3mdifficulty[0m[2m=[0m10000 [3mepoch[0m[2m=[0m0 [3mseed0[0m[2m=[0m[0, 0, 0, 0] [3mtarget0[0m[2m=[0m[0, 6, 141, 184, 186, 199, 16, 203] [3mmessage_bytes_len[0m[2m=[0m312
[2m2025-12-24T13:54:33.702300Z[0m [32m INFO[0m [2mmining[0m[2m:[0m [REWARD] Warmup active (height=10 < 1000), rewards disabled.
[2m2025-12-24T13:54:33.705093Z[0m [32m INFO[0m [2mvision_node::miner::manager[0m[2m:[0m [MINER-JOB] Created mining job [3mheight[0m[2m=[0m10 [3mdifficulty[0m[2m=[0m10000 [3mepoch[0m[2m=[0m0 [3mseed0[0m[2m=[0m[0, 0, 0, 0] [3mtarget0[0m[2m=[0m[0, 6, 141, 184, 186, 199, 16, 203] [3mmessage_bytes_len[0m[2m=[0m312
[2m2025-12-24T13:54:34.428120Z[0m [32m INFO[0m [2mvision_node::p2p::peer_store[0m[2m:[0m [PEER BOOK] Opened Vision Peer Book database with scope='pb_vision-c'
[2m2025-12-24T13:54:34.428668Z[0m [32m INFO[0m [2mvision_node::telemetry::swarm_telemetry[0m[2m:[0m [SWARM] ⠲ discovering peers... connected=0 known=8
[2m2025-12-24T13:54:34.428982Z[0m [33m WARN[0m [2mvision_node::p2p::bootstrap[0m[2m:[0m [HTTP_BOOTSTRAP] ❌ Failed to fetch from anchor: error sending request for url (http://98.97.137.74:7070/api/p2p/seed_peers)

Caused by:
    operation timed out [3manchor[0m[2m=[0m98.97.137.74 [3merror[0m[2m=[0merror sending request for url (http://98.97.137.74:7070/api/p2p/seed_peers)
[2m2025-12-24T13:54:35.716563Z[0m [32m INFO[0m [2mmining[0m[2m:[0m [REWARD] Warmup active (height=10 < 1000), rewards disabled.
[2m2025-12-24T13:54:35.719557Z[0m [32m INFO[0m [2mvision_node::miner::manager[0m[2m:[0m [MINER-JOB] Created mining job [3mheight[0m[2m=[0m10 [3mdifficulty[0m[2m=[0m10000 [3mepoch[0m[2m=[0m0 [3mseed0[0m[2m=[0m[0, 0, 0, 0] [3mtarget0[0m[2m=[0m[0, 6, 141, 184, 186, 199, 16, 203] [3mmessage_bytes_len[0m[2m=[0m312
[2m2025-12-24T13:54:37.739626Z[0m [32m INFO[0m [2mmining[0m[2m:[0m [REWARD] Warmup active (height=10 < 1000), rewards disabled.
[2m2025-12-24T13:54:37.740976Z[0m [32m INFO[0m [2mvision_node::miner::manager[0m[2m:[0m [MINER-JOB] Created mining job [3mheight[0m[2m=[0m10 [3mdifficulty[0m[2m=[0m10000 [3mepoch[0m[2m=[0m0 [3mseed0[0m[2m=[0m[0, 0, 0, 0] [3mtarget0[0m[2m=[0m[0, 6, 141, 184, 186, 199, 16, 203] [3mmessage_bytes_len[0m[2m=[0m312
[2m2025-12-24T13:54:39.443290Z[0m [32m INFO[0m [2mvision_node::p2p::peer_store[0m[2m:[0m [PEER BOOK] Opened Vision Peer Book database with scope='pb_vision-c'
[2m2025-12-24T13:54:39.443431Z[0m [33m WARN[0m [2mvision_node::p2p::bootstrap[0m[2m:[0m [HTTP_BOOTSTRAP] ❌ Failed to fetch from anchor: error sending request for url (http://182.106.66.15:7070/api/p2p/seed_peers)

Caused by:
    operation timed out [3manchor[0m[2m=[0m182.106.66.15 [3merror[0m[2m=[0merror sending request for url (http://182.106.66.15:7070/api/p2p/seed_peers)
[2m2025-12-24T13:54:39.443860Z[0m [32m INFO[0m [2mvision_node::telemetry::swarm_telemetry[0m[2m:[0m [SWARM] ⠳ discovering peers... connected=0 known=8
[2m2025-12-24T13:54:39.443954Z[0m [33m WARN[0m [2mvision_node::p2p::bootstrap[0m[2m:[0m [HTTP_BOOTSTRAP] ⚠️  No peers added from HTTP anchors
[2m2025-12-24T13:54:39.444434Z[0m [32m INFO[0m [2mvision_node::p2p::bootstrap[0m[2m:[0m [BOOTSTRAP] Phase 0: Trying genesis seed peers (offline-first)...
[2m2025-12-24T13:54:39.488578Z[0m [32m INFO[0m [2mvision_node::p2p::seed_peers[0m[2m:[0m [SEED_PEERS] ✅ Loaded 13 seed peers from ./seed_peers.json
[2m2025-12-24T13:54:39.488850Z[0m [32m INFO[0m [2mvision_node::p2p::seed_peers[0m[2m:[0m [SEED_BOOTSTRAP] 🌱 Starting genesis seed bootstrap (13 seeds)
[2m2025-12-24T13:54:39.489136Z[0m [32m INFO[0m [2mvision_node::p2p::peer_store[0m[2m:[0m [PEER BOOK] Opened Vision Peer Book database with scope='pb_vision-c'
[2m2025-12-24T13:54:39.490404Z[0m [33m WARN[0m [2mp2p::ip_filter[0m[2m:[0m Filtering out private IP from storage: 127.0.0.1
[2m2025-12-24T13:54:39.490635Z[0m [33m WARN[0m [2mvision_node::p2p::seed_peers[0m[2m:[0m [SEED_PEERS] Failed to add seed 127.0.0.1:7072: Private IP not allowed in peer book
[2m2025-12-24T13:54:39.490850Z[0m [33m WARN[0m [2mp2p::ip_filter[0m[2m:[0m Filtering out private IP from storage: 127.0.0.1
[2m2025-12-24T13:54:39.491086Z[0m [33m WARN[0m [2mvision_node::p2p::seed_peers[0m[2m:[0m [SEED_PEERS] Failed to add seed 127.0.0.1:10102: Private IP not allowed in peer book
[2m2025-12-24T13:54:39.491324Z[0m [33m WARN[0m [2mp2p::ip_filter[0m[2m:[0m Filtering out private IP from storage: 127.0.0.1
[2m2025-12-24T13:54:39.491612Z[0m [33m WARN[0m [2mvision_node::p2p::seed_peers[0m[2m:[0m [SEED_PEERS] Failed to add seed 127.0.0.1:11112: Private IP not allowed in peer book
[2m2025-12-24T13:54:39.491925Z[0m [33m WARN[0m [2mp2p::ip_filter[0m[2m:[0m Filtering out private IP from storage: 127.0.0.1
[2m2025-12-24T13:54:39.492168Z[0m [33m WARN[0m [2mvision_node::p2p::seed_peers[0m[2m:[0m [SEED_PEERS] Failed to add seed 127.0.0.1:9092: Private IP not allowed in peer book
[2m2025-12-24T13:54:39.492381Z[0m [33m WARN[0m [2mp2p::ip_filter[0m[2m:[0m Filtering out private IP from storage: 127.0.0.1
[2m2025-12-24T13:54:39.492667Z[0m [33m WARN[0m [2mvision_node::p2p::seed_peers[0m[2m:[0m [SEED_PEERS] Failed to add seed 127.0.0.1:8082: Private IP not allowed in peer book
[2m2025-12-24T13:54:39.492938Z[0m [32m INFO[0m [2mvision_node::p2p::seed_peers[0m[2m:[0m [SEED_PEERS] 🌱 Bootstrapped 8 genesis seeds to peer book (protected from eviction)
[2m2025-12-24T13:54:39.493152Z[0m [32m INFO[0m [2mvision_node::p2p::seed_peers[0m[2m:[0m [SEED_BOOTSTRAP] Connecting to seed: 35.151.236.81:7072
[2m2025-12-24T13:54:39.494078Z[0m [32m INFO[0m [2mvision_node::p2p::connection[0m[2m:[0m Connecting to peer [3mpeer[0m[2m=[0m35.151.236.81:7072 [3mnormalized[0m[2m=[0m35.151.236.81:7072
[2m2025-12-24T13:54:39.759199Z[0m [32m INFO[0m [2mmining[0m[2m:[0m [REWARD] Warmup active (height=10 < 1000), rewards disabled.
[2m2025-12-24T13:54:39.760356Z[0m [32m INFO[0m [2mvision_node::miner::manager[0m[2m:[0m [MINER-JOB] Created mining job [3mheight[0m[2m=[0m10 [3mdifficulty[0m[2m=[0m10000 [3mepoch[0m[2m=[0m0 [3mseed0[0m[2m=[0m[0, 0, 0, 0] [3mtarget0[0m[2m=[0m[0, 6, 141, 184, 186, 199, 16, 203] [3mmessage_bytes_len[0m[2m=[0m312
[2m2025-12-24T13:54:41.781082Z[0m [32m INFO[0m [2mmining[0m[2m:[0m [REWARD] Warmup active (height=10 < 1000), rewards disabled.
[2m2025-12-24T13:54:41.782347Z[0m [32m INFO[0m [2mvision_node::miner::manager[0m[2m:[0m [MINER-JOB] Created mining job [3mheight[0m[2m=[0m10 [3mdifficulty[0m[2m=[0m10000 [3mepoch[0m[2m=[0m0 [3mseed0[0m[2m=[0m[0, 0, 0, 0] [3mtarget0[0m[2m=[0m[0, 6, 141, 184, 186, 199, 16, 203] [3mmessage_bytes_len[0m[2m=[0m312
[2m2025-12-24T13:54:43.799134Z[0m [32m INFO[0m [2mmining[0m[2m:[0m [REWARD] Warmup active (height=10 < 1000), rewards disabled.
[2m2025-12-24T13:54:43.800717Z[0m [32m INFO[0m [2mvision_node::miner::manager[0m[2m:[0m [MINER-JOB] Created mining job [3mheight[0m[2m=[0m10 [3mdifficulty[0m[2m=[0m10000 [3mepoch[0m[2m=[0m0 [3mseed0[0m[2m=[0m[0, 0, 0, 0] [3mtarget0[0m[2m=[0m[0, 6, 141, 184, 186, 199, 16, 203] [3mmessage_bytes_len[0m[2m=[0m312
[2m2025-12-24T13:54:44.448747Z[0m [32m INFO[0m [2mvision_node::p2p::peer_store[0m[2m:[0m [PEER BOOK] Opened Vision Peer Book database with scope='pb_vision-c'
[2m2025-12-24T13:54:44.449110Z[0m [32m INFO[0m [2mvision_node::telemetry::swarm_telemetry[0m[2m:[0m [SWARM] ⠓ discovering peers... connected=0 known=8
[2m2025-12-24T13:54:44.605300Z[0m [32m INFO[0m [2mvision_node::p2p::seed_peers[0m[2m:[0m [SEED_BOOTSTRAP] Connecting to seed: 16.163.123.221:7072
[2m2025-12-24T13:54:44.606018Z[0m [32m INFO[0m [2mvision_node::p2p::connection[0m[2m:[0m Connecting to peer [3mpeer[0m[2m=[0m16.163.123.221:7072 [3mnormalized[0m[2m=[0m16.163.123.221:7072
[2m2025-12-24T13:54:45.832549Z[0m [32m INFO[0m [2mmining[0m[2m:[0m [REWARD] Warmup active (height=10 < 1000), rewards disabled.
[2m2025-12-24T13:54:45.834058Z[0m [32m INFO[0m [2mvision_node::miner::manager[0m[2m:[0m [MINER-JOB] Created mining job [3mheight[0m[2m=[0m10 [3mdifficulty[0m[2m=[0m10000 [3mepoch[0m[2m=[0m0 [3mseed0[0m[2m=[0m[0, 0, 0, 0] [3mtarget0[0m[2m=[0m[0, 6, 141, 184, 186, 199, 16, 203] [3mmessage_bytes_len[0m[2m=[0m312
[2m2025-12-24T13:54:47.860100Z[0m [32m INFO[0m [2mmining[0m[2m:[0m [REWARD] Warmup active (height=10 < 1000), rewards disabled.
[2m2025-12-24T13:54:47.864544Z[0m [32m INFO[0m [2mvision_node::miner::manager[0m[2m:[0m [MINER-JOB] Created mining job [3mheight[0m[2m=[0m10 [3mdifficulty[0m[2m=[0m10000 [3mepoch[0m[2m=[0m0 [3mseed0[0m[2m=[0m[0, 0, 0, 0] [3mtarget0[0m[2m=[0m[0, 6, 141, 184, 186, 199, 16, 203] [3mmessage_bytes_len[0m[2m=[0m312
[2m2025-12-24T13:54:49.456941Z[0m [32m INFO[0m [2mvision_node::p2p::peer_store[0m[2m:[0m [PEER BOOK] Opened Vision Peer Book database with scope='pb_vision-c'
[2m2025-12-24T13:54:49.457446Z[0m [32m INFO[0m [2mvision_node::telemetry::swarm_telemetry[0m[2m:[0m [SWARM] ⠋ discovering peers... connected=0 known=8
[2m2025-12-24T13:54:49.724063Z[0m [32m INFO[0m [2mvision_node::p2p::seed_peers[0m[2m:[0m [SEED_BOOTSTRAP] Connecting to seed: 69.173.206.211:7072
[2m2025-12-24T13:54:49.725041Z[0m [32m INFO[0m [2mvision_node::p2p::connection[0m[2m:[0m Connecting to peer [3mpeer[0m[2m=[0m69.173.206.211:7072 [3mnormalized[0m[2m=[0m69.173.206.211:7072
[2m2025-12-24T13:54:49.880989Z[0m [32m INFO[0m [2mmining[0m[2m:[0m [REWARD] Warmup active (height=10 < 1000), rewards disabled.
[2m2025-12-24T13:54:49.882304Z[0m [32m INFO[0m [2mvision_node::miner::manager[0m[2m:[0m [MINER-JOB] Created mining job [3mheight[0m[2m=[0m10 [3mdifficulty[0m[2m=[0m10000 [3mepoch[0m[2m=[0m0 [3mseed0[0m[2m=[0m[0, 0, 0, 0] [3mtarget0[0m[2m=[0m[0, 6, 141, 184, 186, 199, 16, 203] [3mmessage_bytes_len[0m[2m=[0m312
[2m2025-12-24T13:54:50.469944Z[0m [33m WARN[0m [2mp2p::connect[0m[2m:[0m Connection attempt failed [3mpeer[0m[2m=[0m35.151.236.81:7072 [3mreason[0m[2m=[0mtimeout [3merror[0m[2m=[0mA connection attempt failed because the connected party did not properly respond after a period of time, or established connection failed because connected host has failed to respond. (os error 10060)
[2m2025-12-24T13:54:50.473468Z[0m [32m INFO[0m [2mp2p::connect[0m[2m:[0m Attempting stored peer connection (maintainer) [3mpeer[0m[2m=[0mGENESIS-SEED-5 [3maddr[0m[2m=[0m75.128.156.69:7072 [3mhealth[0m[2m=[0m100
[2m2025-12-24T13:54:50.474069Z[0m [32m INFO[0m [2mvision_node::p2p::connection[0m[2m:[0m Connecting to peer [3mpeer[0m[2m=[0m75.128.156.69:7072 [3mnormalized[0m[2m=[0m75.128.156.69:7072
[2m2025-12-24T13:54:51.893099Z[0m [32m INFO[0m [2mmining[0m[2m:[0m [REWARD] Warmup active (height=10 < 1000), rewards disabled.
[2m2025-12-24T13:54:51.894646Z[0m [32m INFO[0m [2mvision_node::miner::manager[0m[2m:[0m [MINER-JOB] Created mining job [3mheight[0m[2m=[0m10 [3mdifficulty[0m[2m=[0m10000 [3mepoch[0m[2m=[0m0 [3mseed0[0m[2m=[0m[0, 0, 0, 0] [3mtarget0[0m[2m=[0m[0, 6, 141, 184, 186, 199, 16, 203] [3mmessage_bytes_len[0m[2m=[0m312
[2m2025-12-24T13:54:53.901047Z[0m [32m INFO[0m [2mmining[0m[2m:[0m [REWARD] Warmup active (height=10 < 1000), rewards disabled.
[2m2025-12-24T13:54:53.902260Z[0m [32m INFO[0m [2mvision_node::miner::manager[0m[2m:[0m [MINER-JOB] Created mining job [3mheight[0m[2m=[0m10 [3mdifficulty[0m[2m=[0m10000 [3mepoch[0m[2m=[0m0 [3mseed0[0m[2m=[0m[0, 0, 0, 0] [3mtarget0[0m[2m=[0m[0, 6, 141, 184, 186, 199, 16, 203] [3mmessage_bytes_len[0m[2m=[0m312
[2m2025-12-24T13:54:54.470513Z[0m [32m INFO[0m [2mvision_node::p2p::peer_store[0m[2m:[0m [PEER BOOK] Opened Vision Peer Book database with scope='pb_vision-c'
[2m2025-12-24T13:54:54.470904Z[0m [32m INFO[0m [2mvision_node::telemetry::swarm_telemetry[0m[2m:[0m [SWARM] ⠙ discovering peers... connected=0 known=8
[2m2025-12-24T13:54:54.840367Z[0m [32m INFO[0m [2mvision_node::p2p::seed_peers[0m[2m:[0m [SEED_BOOTSTRAP] Connecting to seed: 69.173.207.135:7072
[2m2025-12-24T13:54:54.841183Z[0m [32m INFO[0m [2mvision_node::p2p::connection[0m[2m:[0m Connecting to peer [3mpeer[0m[2m=[0m69.173.207.135:7072 [3mnormalized[0m[2m=[0m69.173.207.135:7072
[2m2025-12-24T13:54:55.911981Z[0m [32m INFO[0m [2mmining[0m[2m:[0m [REWARD] Warmup active (height=10 < 1000), rewards disabled.
[2m2025-12-24T13:54:55.913504Z[0m [32m INFO[0m [2mvision_node::miner::manager[0m[2m:[0m [MINER-JOB] Created mining job [3mheight[0m[2m=[0m10 [3mdifficulty[0m[2m=[0m10000 [3mepoch[0m[2m=[0m0 [3mseed0[0m[2m=[0m[0, 0, 0, 0] [3mtarget0[0m[2m=[0m[0, 6, 141, 184, 186, 199, 16, 203] [3mmessage_bytes_len[0m[2m=[0m312
[2m2025-12-24T13:54:57.929904Z[0m [32m INFO[0m [2mmining[0m[2m:[0m [REWARD] Warmup active (height=10 < 1000), rewards disabled.
[2m2025-12-24T13:54:57.931418Z[0m [32m INFO[0m [2mvision_node::miner::manager[0m[2m:[0m [MINER-JOB] Created mining job [3mheight[0m[2m=[0m10 [3mdifficulty[0m[2m=[0m10000 [3mepoch[0m[2m=[0m0 [3mseed0[0m[2m=[0m[0, 0, 0, 0] [3mtarget0[0m[2m=[0m[0, 6, 141, 184, 186, 199, 16, 203] [3mmessage_bytes_len[0m[2m=[0m312
[2m2025-12-24T13:54:58.760699Z[0m [32m INFO[0m [2mvision_node[0m[2m:[0m mempool persisted to disk [3mcritical[0m[2m=[0m0 [3mbulk[0m[2m=[0m0 [3mduration_ms[0m[2m=[0m1
[2m2025-12-24T13:54:58.948042Z[0m [32m INFO[0m [2mvision_node::mood_router[0m[2m:[0m [MOOD ROUTER] Decision: Mood: Celebration, Peers: 6, Propagation: Standard, TxPriority: Normal, Consensus: true | Mood: Celebration | Score: 0.95
[2m2025-12-24T13:54:59.311441Z[0m [31mERROR[0m [2mvision_node::p2p::health_monitor[0m[2m:[0m [HEALTH] CRITICAL: NETWORK ISOLATED: No peers connected!
[2m2025-12-24T13:54:59.311783Z[0m [32m INFO[0m [2mvision_node::p2p::health_monitor[0m[2m:[0m [HEALTH] Score: 1% (connectivity: 0, performance: 50, stability: 50, reputation: 50)
[2m2025-12-24T13:54:59.418697Z[0m [33m WARN[0m [2mvision_node::p2p::recovery[0m[2m:[0m [PEER_RECOVERY] Peer count low (0). Requesting additional peers from beacon and peer book...
[2m2025-12-24T13:54:59.419115Z[0m [32m INFO[0m [2mvision_node::p2p::peer_store[0m[2m:[0m [PEER BOOK] Opened Vision Peer Book database with scope='pb_vision-c'
[2m2025-12-24T13:54:59.419172Z[0m [33m WARN[0m [2mvision_node::p2p::recovery[0m[2m:[0m [PEER_RECOVERY] No peers in constellation memory and 0 connected. Running in isolated mode.
[2m2025-12-24T13:54:59.480178Z[0m [32m INFO[0m [2mvision_node::p2p::peer_store[0m[2m:[0m [PEER BOOK] Opened Vision Peer Book database with scope='pb_vision-c'
[2m2025-12-24T13:54:59.480809Z[0m [32m INFO[0m [2mvision_node::telemetry::swarm_telemetry[0m[2m:[0m [SWARM] ⠚ discovering peers... connected=0 known=8
[2m2025-12-24T13:54:59.939180Z[0m [32m INFO[0m [2mmining[0m[2m:[0m [REWARD] Warmup active (height=10 < 1000), rewards disabled.
[2m2025-12-24T13:54:59.941251Z[0m [32m INFO[0m [2mvision_node::miner::manager[0m[2m:[0m [MINER-JOB] Created mining job [3mheight[0m[2m=[0m10 [3mdifficulty[0m[2m=[0m10000 [3mepoch[0m[2m=[0m0 [3mseed0[0m[2m=[0m[0, 0, 0, 0] [3mtarget0[0m[2m=[0m[0, 6, 141, 184, 186, 199, 16, 203] [3mmessage_bytes_len[0m[2m=[0m312
[2m2025-12-24T13:54:59.954997Z[0m [32m INFO[0m [2mvision_node::p2p::seed_peers[0m[2m:[0m [SEED_BOOTSTRAP] Connecting to seed: 74.125.212.204:7072
[2m2025-12-24T13:54:59.955514Z[0m [32m INFO[0m [2mvision_node::p2p::connection[0m[2m:[0m Connecting to peer [3mpeer[0m[2m=[0m74.125.212.204:7072 [3mnormalized[0m[2m=[0m74.125.212.204:7072
[2m2025-12-24T13:55:01.950186Z[0m [32m INFO[0m [2mmining[0m[2m:[0m [REWARD] Warmup active (height=10 < 1000), rewards disabled.
[2m2025-12-24T13:55:01.953631Z[0m [32m INFO[0m [2mvision_node::miner::manager[0m[2m:[0m [MINER-JOB] Created mining job [3mheight[0m[2m=[0m10 [3mdifficulty[0m[2m=[0m10000 [3mepoch[0m[2m=[0m0 [3mseed0[0m[2m=[0m[0, 0, 0, 0] [3mtarget0[0m[2m=[0m[0, 6, 141, 184, 186, 199, 16, 203] [3mmessage_bytes_len[0m[2m=[0m312
[2m2025-12-24T13:55:03.980402Z[0m [32m INFO[0m [2mmining[0m[2m:[0m [REWARD] Warmup active (height=10 < 1000), rewards disabled.
[2m2025-12-24T13:55:03.984685Z[0m [32m INFO[0m [2mvision_node::miner::manager[0m[2m:[0m [MINER-JOB] Created mining job [3mheight[0m[2m=[0m10 [3mdifficulty[0m[2m=[0m10000 [3mepoch[0m[2m=[0m0 [3mseed0[0m[2m=[0m[0, 0, 0, 0] [3mtarget0[0m[2m=[0m[0, 6, 141, 184, 186, 199, 16, 203] [3mmessage_bytes_len[0m[2m=[0m312
[2m2025-12-24T13:55:04.487914Z[0m [32m INFO[0m [2mvision_node::p2p::peer_store[0m[2m:[0m [PEER BOOK] Opened Vision Peer Book database with scope='pb_vision-c'
[2m2025-12-24T13:55:04.488382Z[0m [32m INFO[0m [2mvision_node::telemetry::swarm_telemetry[0m[2m:[0m [SWARM] ⠞ discovering peers... connected=0 known=8
[2m2025-12-24T13:55:05.062270Z[0m [32m INFO[0m [2mvision_node::p2p::seed_peers[0m[2m:[0m [SEED_BOOTSTRAP] Connecting to seed: 75.128.156.69:7072
[2m2025-12-24T13:55:05.062837Z[0m [32m INFO[0m [2mvision_node::p2p::connection[0m[2m:[0m Connecting to peer [3mpeer[0m[2m=[0m75.128.156.69:7072 [3mnormalized[0m[2m=[0m75.128.156.69:7072
[2m2025-12-24T13:55:06.004893Z[0m [32m INFO[0m [2mmining[0m[2m:[0m [REWARD] Warmup active (height=10 < 1000), rewards disabled.
[2m2025-12-24T13:55:06.006309Z[0m [32m INFO[0m [2mvision_node::miner::manager[0m[2m:[0m [MINER-JOB] Created mining job [3mheight[0m[2m=[0m10 [3mdifficulty[0m[2m=[0m10000 [3mepoch[0m[2m=[0m0 [3mseed0[0m[2m=[0m[0, 0, 0, 0] [3mtarget0[0m[2m=[0m[0, 6, 141, 184, 186, 199, 16, 203] [3mmessage_bytes_len[0m[2m=[0m312
[2m2025-12-24T13:55:08.026373Z[0m [32m INFO[0m [2mmining[0m[2m:[0m [REWARD] Warmup active (height=10 < 1000), rewards disabled.
[2m2025-12-24T13:55:08.027830Z[0m [32m INFO[0m [2mvision_node::miner::manager[0m[2m:[0m [MINER-JOB] Created mining job [3mheight[0m[2m=[0m10 [3mdifficulty[0m[2m=[0m10000 [3mepoch[0m[2m=[0m0 [3mseed0[0m[2m=[0m[0, 0, 0, 0] [3mtarget0[0m[2m=[0m[0, 6, 141, 184, 186, 199, 16, 203] [3mmessage_bytes_len[0m[2m=[0m312
[2m2025-12-24T13:55:09.502685Z[0m [32m INFO[0m [2mvision_node::p2p::peer_store[0m[2m:[0m [PEER BOOK] Opened Vision Peer Book database with scope='pb_vision-c'
[2m2025-12-24T13:55:09.503218Z[0m [32m INFO[0m [2mvision_node::telemetry::swarm_telemetry[0m[2m:[0m [SWARM] ⠖ discovering peers... connected=0 known=8
[2m2025-12-24T13:55:10.048612Z[0m [32m INFO[0m [2mmining[0m[2m:[0m [REWARD] Warmup active (height=10 < 1000), rewards disabled.
[2m2025-12-24T13:55:10.050087Z[0m [32m INFO[0m [2mvision_node::miner::manager[0m[2m:[0m [MINER-JOB] Created mining job [3mheight[0m[2m=[0m10 [3mdifficulty[0m[2m=[0m10000 [3mepoch[0m[2m=[0m0 [3mseed0[0m[2m=[0m[0, 0, 0, 0] [3mtarget0[0m[2m=[0m[0, 6, 141, 184, 186, 199, 16, 203] [3mmessage_bytes_len[0m[2m=[0m312
[2m2025-12-24T13:55:10.174582Z[0m [32m INFO[0m [2mvision_node::p2p::seed_peers[0m[2m:[0m [SEED_BOOTSTRAP] Connecting to seed: 98.97.137.74:7072
[2m2025-12-24T13:55:10.175277Z[0m [32m INFO[0m [2mvision_node::p2p::connection[0m[2m:[0m Connecting to peer [3mpeer[0m[2m=[0m98.97.137.74:7072 [3mnormalized[0m[2m=[0m98.97.137.74:7072
[2m2025-12-24T13:55:11.532202Z[0m [33m WARN[0m [2mp2p::connect[0m[2m:[0m Connection attempt failed [3mpeer[0m[2m=[0m75.128.156.69:7072 [3mreason[0m[2m=[0mtimeout [3merror[0m[2m=[0mA connection attempt failed because the connected party did not properly respond after a period of time, or established connection failed because connected host has failed to respond. (os error 10060)
[2m2025-12-24T13:55:11.532858Z[0m [32m INFO[0m [2mp2p::connect[0m[2m:[0m Attempting stored peer connection (maintainer) [3mpeer[0m[2m=[0mGENESIS-SEED-4 [3maddr[0m[2m=[0m74.125.212.204:7072 [3mhealth[0m[2m=[0m100
[2m2025-12-24T13:55:11.533335Z[0m [32m INFO[0m [2mvision_node::p2p::connection[0m[2m:[0m Connecting to peer [3mpeer[0m[2m=[0m74.125.212.204:7072 [3mnormalized[0m[2m=[0m74.125.212.204:7072
[2m2025-12-24T13:55:12.071682Z[0m [32m INFO[0m [2mmining[0m[2m:[0m [REWARD] Warmup active (height=10 < 1000), rewards disabled.
[2m2025-12-24T13:55:12.072750Z[0m [32m INFO[0m [2mvision_node::miner::manager[0m[2m:[0m [MINER-JOB] Created mining job [3mheight[0m[2m=[0m10 [3mdifficulty[0m[2m=[0m10000 [3mepoch[0m[2m=[0m0 [3mseed0[0m[2m=[0m[0, 0, 0, 0] [3mtarget0[0m[2m=[0m[0, 6, 141, 184, 186, 199, 16, 203] [3mmessage_bytes_len[0m[2m=[0m312
